Component: ARM Compiler 5.06 update 6 (build 750) Tool: armlink [4d35ed]

==============================================================================

Section Cross References

    main.o(i.bmi160_spi_bus_read) refers to main.o(i.nrf_drv_spi_transfer) for nrf_drv_spi_transfer
    main.o(i.bmi160_spi_bus_read) refers to main.o(.data) for spi_xfer_done
    main.o(i.bmi160_spi_bus_read) refers to main.o(.bss) for SPI_RX_Buffer
    main.o(i.bmi160_spi_bus_read) refers to main.o(.constdata) for spi
    main.o(i.bmi160_spi_bus_write) refers to malloc.o(i.malloc) for malloc
    main.o(i.bmi160_spi_bus_write) refers to main.o(i.nrf_drv_spi_transfer) for nrf_drv_spi_transfer
    main.o(i.bmi160_spi_bus_write) refers to malloc.o(i.free) for free
    main.o(i.bmi160_spi_bus_write) refers to main.o(.data) for spi_xfer_done
    main.o(i.bmi160_spi_bus_write) refers to main.o(.constdata) for spi
    main.o(i.compute_fir) refers to arm_fir_f32.o(.text) for arm_fir_f32
    main.o(i.compute_fir) refers to main.o(.bss) for acc_x_out_buf
    main.o(i.compute_fir) refers to main.o(.data) for block_cnt
    main.o(i.config_gpio) refers to nrfx_gpiote.o(i.nrfx_gpiote_is_init) for nrfx_gpiote_is_init
    main.o(i.config_gpio) refers to nrfx_gpiote.o(i.nrfx_gpiote_init) for nrfx_gpiote_init
    main.o(i.config_gpio) refers to nrfx_gpiote.o(i.nrfx_gpiote_in_init) for nrfx_gpiote_in_init
    main.o(i.config_gpio) refers to nrfx_gpiote.o(i.nrfx_gpiote_in_event_enable) for nrfx_gpiote_in_event_enable
    main.o(i.config_gpio) refers to main.o(.constdata) for .constdata
    main.o(i.config_gpio) refers to main.o(i.interrupt_handler) for interrupt_handler
    main.o(i.dsp_config) refers to arm_fir_init_f32.o(.text) for arm_fir_init_f32
    main.o(i.dsp_config) refers to main.o(.bss) for firStateF32
    main.o(i.dsp_config) refers to main.o(.constdata) for B
    main.o(i.get_bmi160_fifo_data) refers to bmi160.o(i.bmi160_get_fifo_data) for bmi160_get_fifo_data
    main.o(i.get_bmi160_fifo_data) refers to bmi160.o(i.bmi160_extract_accel) for bmi160_extract_accel
    main.o(i.get_bmi160_fifo_data) refers to main.o(i.compute_fir) for compute_fir
    main.o(i.get_bmi160_fifo_data) refers to main.o(.bss) for sensor
    main.o(i.get_bmi160_fifo_data) refers to main.o(.data) for block_cnt
    main.o(i.interrupt_handler) refers to main.o(i.get_bmi160_fifo_data) for get_bmi160_fifo_data
    main.o(i.main) refers to main.o(i.config_gpio) for config_gpio
    main.o(i.main) refers to boards.o(i.bsp_board_init) for bsp_board_init
    main.o(i.main) refers to main.o(i.spi_config) for spi_config
    main.o(i.main) refers to main.o(i.sensor_config) for sensor_config
    main.o(i.nrf_delay_ms) refers to main.o(.constdata) for delay_bytecode
    main.o(i.nrf_drv_spi_transfer) refers to nrfx_spim.o(i.nrfx_spim_xfer) for nrfx_spim_xfer
    main.o(i.sensor_config) refers to bmi160.o(i.bmi160_init) for bmi160_init
    main.o(i.sensor_config) refers to bmi160.o(i.bmi160_set_sens_conf) for bmi160_set_sens_conf
    main.o(i.sensor_config) refers to bmi160.o(i.bmi160_set_fifo_config) for bmi160_set_fifo_config
    main.o(i.sensor_config) refers to bmi160.o(i.bmi160_set_fifo_wm) for bmi160_set_fifo_wm
    main.o(i.sensor_config) refers to bmi160.o(i.bmi160_set_int_config) for bmi160_set_int_config
    main.o(i.sensor_config) refers to main.o(.bss) for sensor
    main.o(i.sensor_config) refers to main.o(i.bmi160_spi_bus_read) for bmi160_spi_bus_read
    main.o(i.sensor_config) refers to main.o(i.bmi160_spi_bus_write) for bmi160_spi_bus_write
    main.o(i.sensor_config) refers to main.o(i.nrf_delay_ms) for nrf_delay_ms
    main.o(i.spi_config) refers to nrf_drv_spi.o(i.nrf_drv_spi_init) for nrf_drv_spi_init
    main.o(i.spi_config) refers to main.o(.constdata) for .constdata
    main.o(i.spi_config) refers to main.o(i.spi_event_handler) for spi_event_handler
    main.o(i.spi_event_handler) refers to main.o(.data) for spi_xfer_done
    boards.o(i.bsp_board_button_idx_to_pin) refers to boards.o(.constdata) for .constdata
    boards.o(i.bsp_board_button_state_get) refers to boards.o(.constdata) for .constdata
    boards.o(i.bsp_board_init) refers to boards.o(i.nrf_gpio_cfg) for nrf_gpio_cfg
    boards.o(i.bsp_board_init) refers to boards.o(i.bsp_board_leds_off) for bsp_board_leds_off
    boards.o(i.bsp_board_init) refers to boards.o(.constdata) for .constdata
    boards.o(i.bsp_board_led_idx_to_pin) refers to boards.o(.constdata) for .constdata
    boards.o(i.bsp_board_led_invert) refers to boards.o(.constdata) for .constdata
    boards.o(i.bsp_board_led_off) refers to boards.o(i.nrf_gpio_pin_write) for nrf_gpio_pin_write
    boards.o(i.bsp_board_led_off) refers to boards.o(.constdata) for .constdata
    boards.o(i.bsp_board_led_on) refers to boards.o(i.nrf_gpio_pin_write) for nrf_gpio_pin_write
    boards.o(i.bsp_board_led_on) refers to boards.o(.constdata) for .constdata
    boards.o(i.bsp_board_led_state_get) refers to boards.o(.constdata) for .constdata
[...]
    nrf_queue_commands_raw                   0x000070b0   Data          32  nrf_queue.o(.constdata)
    .constdata                               0x000070d0   Section       16  nrf_queue.o(.constdata)
    .constdata                               0x000070e0   Section        8  task_manager.o(.constdata)
    m_sub_task_mngr                          0x000070e0   Data           8  task_manager.o(.constdata)
    .constdata                               0x000070e8   Section       32  task_manager.o(.constdata)
    m_sub_task_mngr_raw                      0x000070e8   Data          32  task_manager.o(.constdata)
    .constdata                               0x00007108   Section       16  task_manager.o(.constdata)
    .constdata                               0x00007118   Section       13  bmi160.o(.constdata)
    .constdata                               0x00007125   Section      129  ctype_o.o(.constdata)
    .constdata                               0x000071a8   Section        4  ctype_o.o(.constdata)
    table                                    0x000071a8   Data           4  ctype_o.o(.constdata)
    .conststring                             0x000071ac   Section       69  nrf_mpu.o(.conststring)
    .conststring                             0x000071f4   Section       32  nrf_mpu.o(.conststring)
    .conststring                             0x00007214   Section      130  nrf_mpu.o(.conststring)
    .conststring                             0x00007298   Section       43  nrf_balloc.o(.conststring)
    .conststring                             0x000072c4   Section       39  nrf_balloc.o(.conststring)
    .conststring                             0x000072ec   Section      142  nrf_balloc.o(.conststring)
    .conststring                             0x0000737c   Section       55  nrf_cli.o(.conststring)
    .conststring                             0x000073b4   Section      109  nrf_cli.o(.conststring)
    .conststring                             0x00007424   Section      101  nrf_cli.o(.conststring)
    .conststring                             0x0000748c   Section       82  nrf_cli.o(.conststring)
    .conststring                             0x000074e0   Section       76  nrf_cli.o(.conststring)
    .conststring                             0x0000752c   Section       22  nrf_cli.o(.conststring)
    .conststring                             0x00007544   Section       40  nrf_cli.o(.conststring)
    .conststring                             0x0000756c   Section       28  nrf_cli.o(.conststring)
    .conststring                             0x00007588   Section      167  nrf_cli.o(.conststring)
    .conststring                             0x00007630   Section       33  nrf_queue.o(.conststring)
    .conststring                             0x00007654   Section        6  nrf_queue.o(.conststring)
    .conststring                             0x0000765c   Section      124  nrf_queue.o(.conststring)
    .conststring                             0x000076d8   Section       11  task_manager.o(.conststring)
    .conststring                             0x000076e4   Section       41  task_manager.o(.conststring)
    .conststrlit                             0x00007710   Section       12  nrf_drv_rng.o(.conststrlit)
    cli_command                              0x0000773c   Section        8  nrf_mpu.o(cli_command)
    __tagsym$$used                           0x0000773c   Number         0  nrf_mpu.o(cli_command)
    cli_command                              0x00007744   Section        8  nrf_balloc.o(cli_command)
    __tagsym$$used                           0x00007744   Number         0  nrf_balloc.o(cli_command)
    cli_command                              0x0000774c   Section       32  nrf_cli.o(cli_command)
    __tagsym$$used                           0x0000774c   Number         0  nrf_cli.o(cli_command)
    __tagsym$$used                           0x00007754   Number         0  nrf_cli.o(cli_command)
    __tagsym$$used                           0x0000775c   Number         0  nrf_cli.o(cli_command)
    __tagsym$$used                           0x00007764   Number         0  nrf_cli.o(cli_command)
    cli_command                              0x0000776c   Section        8  nrf_queue.o(cli_command)
    __tagsym$$used                           0x0000776c   Number         0  nrf_queue.o(cli_command)
    cli_command                              0x00007774   Section        8  task_manager.o(cli_command)
    __tagsym$$used                           0x00007774   Number         0  task_manager.o(cli_command)
    nrf_queue                                0x0000777c   Section       24  nrf_drv_rng.o(nrf_queue)
    __tagsym$$used                           0x0000777c   Number         0  nrf_drv_rng.o(nrf_queue)
    .data                                    0x20000000   Section        3  main.o(.data)
    spi_xfer_done                            0x20000002   Data           1  main.o(.data)
    .data                                    0x20000004   Section       64  nrf_mpu.o(.data)
    caching                                  0x20000004   Data          64  nrf_mpu.o(.data)
    .data                                    0x20000044   Section       12  nrfx_clock.o(.data)
    m_clock_cb                               0x20000048   Data           8  nrfx_clock.o(.data)
    .data                                    0x20000050   Section       12  nrfx_power.o(.data)
    m_pofwarn_handler                        0x20000054   Data           4  nrfx_power.o(.data)
    m_sleepevt_handler                       0x20000058   Data           4  nrfx_power.o(.data)
    .data                                    0x2000005c   Section       40  nrfx_prs.o(.data)
    m_prs_box_0                              0x2000005c   Data           8  nrfx_prs.o(.data)
    m_prs_box_1                              0x20000064   Data           8  nrfx_prs.o(.data)
    m_prs_box_2                              0x2000006c   Data           8  nrfx_prs.o(.data)
    m_prs_box_3                              0x20000074   Data           8  nrfx_prs.o(.data)
    m_prs_box_4                              0x2000007c   Data           8  nrfx_prs.o(.data)
    .data                                    0x20000084   Section        8  nrfx_qdec.o(.data)
    m_state                                  0x20000084   Data           1  nrfx_qdec.o(.data)
    m_qdec_event_handler                     0x20000088   Data           4  nrfx_qdec.o(.data)
    .data                                    0x2000008c   Section        8  nrfx_rng.o(.data)
    m_rng_state                              0x2000008c   Data           1  nrfx_rng.o(.data)
    m_rng_hndl                               0x20000090   Data           4  nrfx_rng.o(.data)
    .data                                    0x20000094   Section       16  nrfx_rtc.o(.data)
    m_cb                                     0x20000094   Data           6  nrfx_rtc.o(.data)
    m_handlers                               0x2000009c   Data           8  nrfx_rtc.o(.data)
    .data                                    0x200000a4   Section       12  nrfx_wdt.o(.data)
    m_state                                  0x200000a4   Data           1  nrfx_wdt.o(.data)
    m_wdt_event_handler                      0x200000a8   Data           4  nrfx_wdt.o(.data)
    m_alloc_index                            0x200000ac   Data           4  nrfx_wdt.o(.data)
    .data                                    0x200000b0   Section       20  app_timer.o(.data)
    m_ticks_elapsed_q_read_ind               0x200000b0   Data           1  app_timer.o(.data)
    m_ticks_elapsed_q_write_ind              0x200000b1   Data           1  app_timer.o(.data)
    m_rtc1_running                           0x200000b2   Data           1  app_timer.o(.data)
    m_rtc1_reset                             0x200000b3   Data           1  app_timer.o(.data)
    mp_timer_id_head                         0x200000b4   Data           4  app_timer.o(.data)
    m_ticks_latest                           0x200000b8   Data           4  app_timer.o(.data)
    m_ticks_elapsed                          0x200000bc   Data           8  app_timer.o(.data)
    .data                                    0x200000c4   Section        4  app_util_platform.o(.data)
    m_in_critical_region                     0x200000c4   Data           4  app_util_platform.o(.data)
    .data                                    0x200000c8   Section       48  fds.o(.data)
    page                                     0x200000c8   Data           2  fds.o(.data)
    m_p_cur_op                               0x200000cc   Data           4  fds.o(.data)
    m_iget_ctx                               0x200000d0   Data           4  fds.o(.data)
    m_queued_op_cnt                          0x200000d4   Data           4  fds.o(.data)
    m_users                                  0x200000d8   Data           4  fds.o(.data)
    m_latest_rec_id                          0x200000dc   Data           4  fds.o(.data)
    tok                                      0x200000e0   Data           8  fds.o(.data)
    m_flags                                  0x200000e8   Data           8  fds.o(.data)
    m_swap_page                              0x200000f0   Data           8  fds.o(.data)
    .data                                    0x200000f8   Section        8  task_manager.o(.data)
    s_guard_region                           0x200000f8   Data           1  task_manager.o(.data)
    s_current_task_id                        0x200000f9   Data           1  task_manager.o(.data)
    s_runnable_tasks_mask                    0x200000fc   Data           4  task_manager.o(.data)
    .data                                    0x20000100   Section        4  system_nrf52.o(.data)
    __tagsym$$used                           0x20000100   Number         0  system_nrf52.o(.data)
    .data                                    0x20000104   Section        4  mvars.o(.data)
    .data                                    0x20000108   Section        4  mvars.o(.data)
    cli_sorted_cmd_ptrs                      0x2000010c   Section        4  nrf_mpu.o(cli_sorted_cmd_ptrs)
    __tagsym$$used                           0x2000010c   Number         0  nrf_mpu.o(cli_sorted_cmd_ptrs)
    cli_sorted_cmd_ptrs                      0x20000110   Section        4  nrf_balloc.o(cli_sorted_cmd_ptrs)
    __tagsym$$used                           0x20000110   Number         0  nrf_balloc.o(cli_sorted_cmd_ptrs)
    cli_sorted_cmd_ptrs                      0x20000114   Section       16  nrf_cli.o(cli_sorted_cmd_ptrs)
    __tagsym$$used                           0x20000114   Number         0  nrf_cli.o(cli_sorted_cmd_ptrs)
    __tagsym$$used                           0x20000118   Number         0  nrf_cli.o(cli_sorted_cmd_ptrs)
    __tagsym$$used                           0x2000011c   Number         0  nrf_cli.o(cli_sorted_cmd_ptrs)
    __tagsym$$used                           0x20000120   Number         0  nrf_cli.o(cli_sorted_cmd_ptrs)
    cli_sorted_cmd_ptrs                      0x20000124   Section        4  nrf_queue.o(cli_sorted_cmd_ptrs)
    __tagsym$$used                           0x20000124   Number         0  nrf_queue.o(cli_sorted_cmd_ptrs)
    cli_sorted_cmd_ptrs                      0x20000128   Section        4  task_manager.o(cli_sorted_cmd_ptrs)
    __tagsym$$used                           0x20000128   Number         0  task_manager.o(cli_sorted_cmd_ptrs)
    fs_data                                  0x2000012c   Section       20  fds.o(fs_data)
    __tagsym$$used                           0x2000012c   Number         0  fds.o(fs_data)
    .bss                                     0x20000140   Section     2124  main.o(.bss)
    firStateF32                              0x20000140   Data         340  main.o(.bss)
    SPI_RX_Buffer                            0x20000770   Data         500  main.o(.bss)
    .bss                                     0x2000098c   Section       65  nrf_drv_rng.o(.bss)
    m_rand_pool_nrf_queue_buffer             0x2000098c   Data          65  nrf_drv_rng.o(.bss)
    .bss                                     0x200009d0   Section       12  nrf_drv_rng.o(.bss)
    m_rand_pool_nrf_queue_cb                 0x200009d0   Data          12  nrf_drv_rng.o(.bss)
    .bss                                     0x200009dc   Section       24  nrf_drv_spi.o(.bss)
    m_handlers                               0x200009dc   Data          12  nrf_drv_spi.o(.bss)
    m_contexts                               0x200009e8   Data          12  nrf_drv_spi.o(.bss)
    .bss                                     0x200009f4   Section       92  nrfx_gpiote.o(.bss)
    m_cb                                     0x200009f4   Data          92  nrfx_gpiote.o(.bss)
    .bss                                     0x20000a50   Section       24  nrfx_i2s.o(.bss)
    m_cb                                     0x20000a50   Data          24  nrfx_i2s.o(.bss)
    .bss                                     0x20000a68   Section       24  nrfx_pdm.o(.bss)
    m_cb                                     0x20000a68   Data          24  nrfx_pdm.o(.bss)
    .bss                                     0x20000a80   Section       24  nrfx_pwm.o(.bss)
    m_cb                                     0x20000a80   Data          24  nrfx_pwm.o(.bss)
    .bss                                     0x20000a98   Section       48  nrfx_saadc.o(.bss)
    m_cb                                     0x20000a98   Data          48  nrfx_saadc.o(.bss)
    .bss                                     0x20000ac8   Section      108  nrfx_spim.o(.bss)
    m_cb                                     0x20000ac8   Data         108  nrfx_spim.o(.bss)
    .bss                                     0x20000b34   Section       36  nrfx_swi.o(.bss)
    m_swi_flags                              0x20000b34   Data          12  nrfx_swi.o(.bss)
    m_swi_handlers                           0x20000b40   Data          24  nrfx_swi.o(.bss)
    .bss                                     0x20000b58   Section       60  nrfx_timer.o(.bss)
    m_cb                                     0x20000b58   Data          60  nrfx_timer.o(.bss)
    .bss                                     0x20000b94   Section      268  app_timer.o(.bss)
    m_op_queue                               0x20000b94   Data         268  app_timer.o(.bss)
    .bss                                     0x20000ca0   Section       16  fds.o(.bss)
    m_queue_inst                             0x20000ca0   Data          16  fds.o(.bss)
    .bss                                     0x20000cb0   Section      224  fds.o(.bss)
    desc                                     0x20000cb0   Data          12  fds.o(.bss)
    m_cb_table                               0x20000cbc   Data          16  fds.o(.bss)
    m_queue_data                             0x20000ccc   Data         140  fds.o(.bss)
    m_pages                                  0x20000d58   Data          40  fds.o(.bss)
    m_gc                                     0x20000d80   Data          16  fds.o(.bss)
    .bss                                     0x20000e00   Section     3876  task_manager.o(.bss)
    s_task_stacks                            0x20000e00   Data        3840  task_manager.o(.bss)
    s_task_state                             0x20001d00   Data          36  task_manager.o(.bss)
    HEAP                                     0x20001d28   Section     8192  arm_startup_nrf52.o(HEAP)
    STACK                                    0x20003d28   Section     8192  arm_startup_nrf52.o(STACK)

    Global Symbols

    Symbol Name                              Value     Ov Type        Size  Object(Section)

    BuildAttributes$$THM_ISAv4$E$P$D$K$B$S$7EM$VFPi3$EXTD16$VFPS$VFMA$PE$A:L22UL41UL21$X:L11$S22US41US21$IEEE1$IW$USESV6$~STKCKD$USESV7$~SHL$OTIME$ROPI$IEEEX$EBA8$MICROLIB$REQ8$EABIv2 0x00000000   Number         0  anon$$obj.o ABSOLUTE
    __ARM_use_no_argv                        0x00000000   Number         0  main.o ABSOLUTE
    __Vectors                                0x00000000   Data           4  arm_startup_nrf52.o(RESET)
    __cpp_initialize__aeabi_                  - Undefined Weak Reference
    __cxa_finalize                            - Undefined Weak Reference
    _clock_init                               - Undefined Weak Reference
    _microlib_exit                            - Undefined Weak Reference
    nrf_balloc$$Base                          - Undefined Reference
    nrf_balloc$$Limit                         - Undefined Reference
    pwr_mgmt_data0$$Base                      - Undefined Reference
    pwr_mgmt_data0$$Limit                     - Undefined Reference
    pwr_mgmt_data1$$Base                      - Undefined Reference
    pwr_mgmt_data1$$Limit                     - Undefined Reference
    pwr_mgmt_data2$$Base                      - Undefined Reference
    pwr_mgmt_data2$$Limit                     - Undefined Reference
    __Vectors_End                            0x00000200   Data           0  arm_startup_nrf52.o(RESET)
    __Vectors_Size                           0x00000200   Number         0  arm_startup_nrf52.o ABSOLUTE
    __main                                   0x00000201   Thumb Code     0  entry.o(.ARM.Collect$$$$00000000)
    _main_stk                                0x00000201   Thumb Code     0  entry2.o(.ARM.Collect$$$$00000001)
    _main_scatterload                        0x00000205   Thumb Code     0  entry5.o(.ARM.Collect$$$$00000004)
    __main_after_scatterload                 0x00000209   Thumb Code     0  entry5.o(.ARM.Collect$$$$00000004)
    _main_clock                              0x00000209   Thumb Code     0  entry7b.o(.ARM.Collect$$$$00000008)
    _main_cpp_init                           0x00000209   Thumb Code     0  entry8b.o(.ARM.Collect$$$$0000000A)
    _main_init                               0x00000209   Thumb Code     0  entry9a.o(.ARM.Collect$$$$0000000B)
    __rt_final_cpp                           0x00000211   Thumb Code     0  entry10a.o(.ARM.Collect$$$$0000000D)
    __rt_final_exit                          0x00000211   Thumb Code     0  entry11a.o(.ARM.Collect$$$$0000000F)
    HardFault_Handler                        0x00000215   Thumb Code    40  hardfault_handler_keil.o(.emb_text)
    __asm___12_nrf_atfifo_c_51f461e1__nrf_atfifo_wspace_req 0x00000249   Thumb Code    56  nrf_atfifo.o(.emb_text)
    __asm___12_nrf_atfifo_c_51f461e1__nrf_atfifo_wspace_close 0x00000281   Thumb Code    18  nrf_atfifo.o(.emb_text)
    __asm___12_nrf_atfifo_c_51f461e1__nrf_atfifo_rspace_req 0x00000293   Thumb Code    58  nrf_atfifo.o(.emb_text)
    __asm___12_nrf_atfifo_c_51f461e1__nrf_atfifo_rspace_close 0x000002cd   Thumb Code    18  nrf_atfifo.o(.emb_text)
    __asm___12_nrf_atfifo_c_51f461e1__nrf_atfifo_space_clear 0x000002df   Thumb Code    50  nrf_atfifo.o(.emb_text)
    __asm___12_nrf_atomic_c_85ca2469__nrf_atomic_internal_mov 0x00000311   Thumb Code    24  nrf_atomic.o(.emb_text)
    __asm___12_nrf_atomic_c_85ca2469__nrf_atomic_internal_orr 0x00000329   Thumb Code    26  nrf_atomic.o(.emb_text)
    __asm___12_nrf_atomic_c_85ca2469__nrf_atomic_internal_and 0x00000343   Thumb Code    26  nrf_atomic.o(.emb_text)
    __asm___12_nrf_atomic_c_85ca2469__nrf_atomic_internal_eor 0x0000035d   Thumb Code    26  nrf_atomic.o(.emb_text)
    __asm___12_nrf_atomic_c_85ca2469__nrf_atomic_internal_add 0x00000377   Thumb Code    26  nrf_atomic.o(.emb_text)
    __asm___12_nrf_atomic_c_85ca2469__nrf_atomic_internal_sub 0x00000391   Thumb Code    26  nrf_atomic.o(.emb_text)
    __asm___12_nrf_atomic_c_85ca2469__nrf_atomic_internal_cmp_exch 0x000003ab   Thumb Code    42  nrf_atomic.o(.emb_text)
    __asm___12_nrf_atomic_c_85ca2469__nrf_atomic_internal_sub_hs 0x000003d5   Thumb Code    30  nrf_atomic.o(.emb_text)
    Reset_Handler                            0x000003f5   Thumb Code     8  arm_startup_nrf52.o(.text)
    NMI_Handler                              0x000003fd   Thumb Code     2  arm_startup_nrf52.o(.text)
    MemoryManagement_Handler                 0x00000401   Thumb Code     2  arm_startup_nrf52.o(.text)
    BusFault_Handler                         0x00000403   Thumb Code     2  arm_startup_nrf52.o(.text)
    UsageFault_Handler                       0x00000405   Thumb Code     2  arm_startup_nrf52.o(.text)
    SVC_Handler                              0x00000407   Thumb Code     2  arm_startup_nrf52.o(.text)
    DebugMon_Handler                         0x00000409   Thumb Code     2  arm_startup_nrf52.o(.text)
    PendSV_Handler                           0x0000040b   Thumb Code     2  arm_startup_nrf52.o(.text)
    SysTick_Handler                          0x0000040d   Thumb Code     2  arm_startup_nrf52.o(.text)
    CCM_AAR_IRQHandler                       0x0000040f   Thumb Code     0  arm_startup_nrf52.o(.text)
    ECB_IRQHandler                           0x0000040f   Thumb Code     0  arm_startup_nrf52.o(.text)
    FPU_IRQHandler                           0x0000040f   Thumb Code     0  arm_startup_nrf52.o(.text)
    MWU_IRQHandler                           0x0000040f   Thumb Code     0  arm_startup_nrf52.o(.text)
    NFCT_IRQHandler                          0x0000040f   Thumb Code     0  arm_startup_nrf52.o(.text)
    RADIO_IRQHandler                         0x0000040f   Thumb Code     0  arm_startup_nrf52.o(.text)
    TEMP_IRQHandler                          0x0000040f   Thumb Code     0  arm_startup_nrf52.o(.text)
    arm_fir_f32                              0x00000419   Thumb Code  1330  arm_fir_f32.o(.text)
    __rt_ctype_table                         0x0000094d   Thumb Code     4  ctype_o.o(.text)
    ___aeabi_memcpy8$move                    0x00000955   Thumb Code     0  memmovea.o(.text)
    __aeabi_memcpy                           0x00000955   Thumb Code    64  memmovea.o(.text)
    __aeabi_memcpy4                          0x00000955   Thumb Code     0  memmovea.o(.text)
    __aeabi_memmove                          0x00000955   Thumb Code     0  memmovea.o(.text)
    __aeabi_memmove4                         0x00000955   Thumb Code     0  memmovea.o(.text)
    __aeabi_memmove8                         0x00000955   Thumb Code     0  memmovea.o(.text)
    __aeabi_memset                           0x00000995   Thumb Code    14  memseta.o(.text)
    __aeabi_memset4                          0x00000995   Thumb Code     0  memseta.o(.text)
    __aeabi_memset8                          0x00000995   Thumb Code     0  memseta.o(.text)
    __aeabi_memclr                           0x000009a3   Thumb Code     4  memseta.o(.text)
    __aeabi_memclr4                          0x000009a3   Thumb Code     0  memseta.o(.text)
    __aeabi_memclr8                          0x000009a3   Thumb Code     0  memseta.o(.text)
    _memset$wrapper                          0x000009a7   Thumb Code    18  memseta.o(.text)
    strlen                                   0x000009b9   Thumb Code    14  strlen.o(.text)
    strcmp                                   0x000009c7   Thumb Code    28  strcmp.o(.text)
    __scatterload                            0x000009e5   Thumb Code    28  init.o(.text)
    __scatterload_rt2                        0x000009e5   Thumb Code     0  init.o(.text)
    __decompress                             0x00000a09   Thumb Code     0  __dczerorl.o(.text)
    __decompress0                            0x00000a09   Thumb Code    58  __dczerorl.o(.text)
    COMP_LPCOMP_IRQHandler                   0x00000a45   Thumb Code     6  nrfx_prs.o(i.COMP_LPCOMP_IRQHandler)
    GPIOTE_IRQHandler                        0x00000a51   Thumb Code   346  nrfx_gpiote.o(i.GPIOTE_IRQHandler)
    HardFault_c_handler                      0x00000bb5   Thumb Code    22  hardfault_implementation.o(i.HardFault_c_handler)
    HardFault_process                        0x00000bd1   Thumb Code    26  hardfault_implementation.o(i.HardFault_process)
    I2S_IRQHandler                           0x00000bf5   Thumb Code   260  nrfx_i2s.o(i.I2S_IRQHandler)
    PDM_IRQHandler                           0x00000d45   Thumb Code   224  nrfx_pdm.o(i.PDM_IRQHandler)
    POWER_CLOCK_IRQHandler                   0x00000e31   Thumb Code    14  nrfx_power_clock.o(i.POWER_CLOCK_IRQHandler)
    PWM0_IRQHandler                          0x00000e41   Thumb Code     8  nrfx_pwm.o(i.PWM0_IRQHandler)
    PWM1_IRQHandler                          0x00000e51   Thumb Code     8  nrfx_pwm.o(i.PWM1_IRQHandler)
    PWM2_IRQHandler                          0x00000e61   Thumb Code     8  nrfx_pwm.o(i.PWM2_IRQHandler)
    QDEC_IRQHandler                          0x00000e71   Thumb Code   172  nrfx_qdec.o(i.QDEC_IRQHandler)
    RNG_IRQHandler                           0x00000f2d   Thumb Code    26  nrfx_rng.o(i.RNG_IRQHandler)
    RTC0_IRQHandler                          0x00000f55   Thumb Code    10  nrfx_rtc.o(i.RTC0_IRQHandler)
    RTC1_IRQHandler                          0x00000f65   Thumb Code    32  app_timer.o(i.RTC1_IRQHandler)
    RTC2_IRQHandler                          0x00000f89   Thumb Code    10  nrfx_rtc.o(i.RTC2_IRQHandler)
    SAADC_IRQHandler                         0x00000f99   Thumb Code   320  nrfx_saadc.o(i.SAADC_IRQHandler)
    SPIM0_SPIS0_TWIM0_TWIS0_SPI0_TWI0_IRQHandler 0x000010e1   Thumb Code     6  nrfx_prs.o(i.SPIM0_SPIS0_TWIM0_TWIS0_SPI0_TWI0_IRQHandler)
    SPIM1_SPIS1_TWIM1_TWIS1_SPI1_TWI1_IRQHandler 0x000010ed   Thumb Code     6  nrfx_prs.o(i.SPIM1_SPIS1_TWIM1_TWIS1_SPI1_TWI1_IRQHandler)
    SPIM2_SPIS2_SPI2_IRQHandler              0x000010f9   Thumb Code     6  nrfx_prs.o(i.SPIM2_SPIS2_SPI2_IRQHandler)
    SWI0_EGU0_IRQHandler                     0x00001105   Thumb Code     4  app_timer.o(i.SWI0_EGU0_IRQHandler)
    SWI1_EGU1_IRQHandler                     0x00001109   Thumb Code     6  nrfx_swi.o(i.SWI1_EGU1_IRQHandler)
    SWI2_EGU2_IRQHandler                     0x0000110f   Thumb Code     6  nrfx_swi.o(i.SWI2_EGU2_IRQHandler)
    SWI3_EGU3_IRQHandler                     0x00001115   Thumb Code     6  nrfx_swi.o(i.SWI3_EGU3_IRQHandler)
    SWI4_EGU4_IRQHandler                     0x0000111b   Thumb Code     6  nrfx_swi.o(i.SWI4_EGU4_IRQHandler)
    SWI5_EGU5_IRQHandler                     0x00001121   Thumb Code     6  nrfx_swi.o(i.SWI5_EGU5_IRQHandler)
    SystemInit                               0x00001129   Thumb Code   726  system_nrf52.o(i.SystemInit)
    TIMER0_IRQHandler                        0x00001445   Thumb Code    10  nrfx_timer.o(i.TIMER0_IRQHandler)
    TIMER1_IRQHandler                        0x00001459   Thumb Code    10  nrfx_timer.o(i.TIMER1_IRQHandler)
    TIMER2_IRQHandler                        0x0000146d   Thumb Code    10  nrfx_timer.o(i.TIMER2_IRQHandler)
    TIMER3_IRQHandler                        0x00001481   Thumb Code    10  nrfx_timer.o(i.TIMER3_IRQHandler)
    TIMER4_IRQHandler                        0x00001495   Thumb Code    10  nrfx_timer.o(i.TIMER4_IRQHandler)
    UARTE0_UART0_IRQHandler                  0x000014a9   Thumb Code     6  nrfx_prs.o(i.UARTE0_UART0_IRQHandler)
    WDT_IRQHandler                           0x000014b5   Thumb Code    34  nrfx_wdt.o(i.WDT_IRQHandler)
    __scatterload_copy                       0x000014e5   Thumb Code    14  handlers.o(i.__scatterload_copy)
    __scatterload_null                       0x000014f3   Thumb Code     2  handlers.o(i.__scatterload_null)
    __scatterload_zeroinit                   0x000014f5   Thumb Code    14  handlers.o(i.__scatterload_zeroinit)
    app_util_critical_region_enter           0x00001527   Thumb Code     4  app_util_platform.o(i.app_util_critical_region_enter)
    app_util_critical_region_exit            0x0000152b   Thumb Code     4  app_util_platform.o(i.app_util_critical_region_exit)
    app_util_disable_irq                     0x00001531   Thumb Code    12  app_util_platform.o(i.app_util_disable_irq)
    app_util_enable_irq                      0x00001541   Thumb Code    14  app_util_platform.o(i.app_util_enable_irq)
    bmi160_extract_accel                     0x00001555   Thumb Code   134  bmi160.o(i.bmi160_extract_accel)
    bmi160_get_fifo_data                     0x000015db   Thumb Code   130  bmi160.o(i.bmi160_get_fifo_data)
    bmi160_get_regs                          0x0000165d   Thumb Code    76  bmi160.o(i.bmi160_get_regs)
    bmi160_init                              0x000016a9   Thumb Code   104  bmi160.o(i.bmi160_init)
    bmi160_set_fifo_config                   0x00001711   Thumb Code   148  bmi160.o(i.bmi160_set_fifo_config)
    bmi160_set_fifo_wm                       0x000017a5   Thumb Code    36  bmi160.o(i.bmi160_set_fifo_wm)
    bmi160_set_int_config                    0x000017c9   Thumb Code   198  bmi160.o(i.bmi160_set_int_config)
    bmi160_set_power_mode                    0x0000188f   Thumb Code    40  bmi160.o(i.bmi160_set_power_mode)
    bmi160_set_regs                          0x000018b7   Thumb Code   134  bmi160.o(i.bmi160_set_regs)
    bmi160_set_sens_conf                     0x0000193d   Thumb Code    60  bmi160.o(i.bmi160_set_sens_conf)
    bmi160_soft_reset                        0x00001979   Thumb Code    74  bmi160.o(i.bmi160_soft_reset)
    bmi160_spi_bus_read                      0x000019c5   Thumb Code    86  main.o(i.bmi160_spi_bus_read)
    bmi160_spi_bus_write                     0x00001a29   Thumb Code    98  main.o(i.bmi160_spi_bus_write)
    bsp_board_init                           0x00001a95   Thumb Code    80  boards.o(i.bsp_board_init)
    bsp_board_led_off                        0x00001ae9   Thumb Code    10  boards.o(i.bsp_board_led_off)
    bsp_board_leds_off                       0x00001af9   Thumb Code    18  boards.o(i.bsp_board_leds_off)
    compute_fir                              0x00001fcd   Thumb Code   130  main.o(i.compute_fir)
    STACK$$Length                            0x00002000   Number         0  anon$$obj.o ABSOLUTE
    config_gpio                              0x000021cd   Thumb Code    52  main.o(i.config_gpio)
    free                                     0x000032ed   Thumb Code    76  malloc.o(i.free)
    get_bmi160_fifo_data                     0x000035c1   Thumb Code   198  main.o(i.get_bmi160_fifo_data)
    interrupt_handler                        0x00003883   Thumb Code    14  main.o(i.interrupt_handler)
    main                                     0x00003b65   Thumb Code    24  main.o(i.main)
    malloc                                   0x00003b7d   Thumb Code    92  malloc.o(i.malloc)
    nrf_atfifo_item_free                     0x00003e4d   Thumb Code    22  nrf_atfifo.o(i.nrf_atfifo_item_free)
    nrf_atfifo_item_get                      0x00003e63   Thumb Code    22  nrf_atfifo.o(i.nrf_atfifo_item_get)
    nrf_atomic_u32_sub                       0x00003e79   Thumb Code    12  nrf_atomic.o(i.nrf_atomic_u32_sub)
    nrf_cli_cmd_cli_stats                    0x00004045   Thumb Code    70  nrf_cli.o(i.nrf_cli_cmd_cli_stats)
    nrf_cli_cmd_cli_stats_reset              0x000040b1   Thumb Code    48  nrf_cli.o(i.nrf_cli_cmd_cli_stats_reset)
    nrf_cli_cmd_cli_stats_show               0x000040e1   Thumb Code    78  nrf_cli.o(i.nrf_cli_cmd_cli_stats_show)
    nrf_cli_fprintf                          0x0000448d   Thumb Code    80  nrf_cli.o(i.nrf_cli_fprintf)
    nrf_cli_help_print                       0x000044dd   Thumb Code   562  nrf_cli.o(i.nrf_cli_help_print)
    nrf_drv_spi_init                         0x000047b5   Thumb Code    98  nrf_drv_spi.o(i.nrf_drv_spi_init)
    nrf_fprintf                              0x00004857   Thumb Code    26  nrf_fprintf.o(i.nrf_fprintf)
    nrf_fprintf_buffer_flush                 0x00004871   Thumb Code    24  nrf_fprintf.o(i.nrf_fprintf_buffer_flush)
    nrf_fprintf_fmt                          0x00004889   Thumb Code   474  nrf_fprintf_format.o(i.nrf_fprintf_fmt)
    nrf_fstorage_erase                       0x00004a63   Thumb Code    78  nrf_fstorage.o(i.nrf_fstorage_erase)
    nrf_fstorage_write                       0x00004ab1   Thumb Code   102  nrf_fstorage.o(i.nrf_fstorage_write)
    nrf_memobj_read                          0x00004c4f   Thumb Code    16  nrf_memobj.o(i.nrf_memobj_read)
    nrf_queue_max_utilization_get            0x000051ab   Thumb Code     6  nrf_queue.o(i.nrf_queue_max_utilization_get)
    nrf_queue_max_utilization_reset          0x000051b1   Thumb Code     8  nrf_queue.o(i.nrf_queue_max_utilization_reset)
    nrf_queue_utilization_get                0x00005299   Thumb Code    28  nrf_queue.o(i.nrf_queue_utilization_get)
    nrfx_clock_irq_handler                   0x0000530d   Thumb Code    82  nrfx_clock.o(i.nrfx_clock_irq_handler)
    nrfx_gpiote_in_event_enable              0x00005375   Thumb Code   156  nrfx_gpiote.o(i.nrfx_gpiote_in_event_enable)
    nrfx_gpiote_in_init                      0x00005419   Thumb Code   194  nrfx_gpiote.o(i.nrfx_gpiote_in_init)
    nrfx_gpiote_init                         0x000054e9   Thumb Code    98  nrfx_gpiote.o(i.nrfx_gpiote_init)
    nrfx_gpiote_is_init                      0x00005559   Thumb Code    14  nrfx_gpiote.o(i.nrfx_gpiote_is_init)
    nrfx_power_irq_handler                   0x0000557d   Thumb Code    78  nrfx_power.o(i.nrfx_power_irq_handler)
    nrfx_prs_acquire                         0x000055d1   Thumb Code    48  nrfx_prs.o(i.nrfx_prs_acquire)
    nrfx_spim_0_irq_handler                  0x00005601   Thumb Code     8  nrfx_spim.o(i.nrfx_spim_0_irq_handler)
    nrfx_spim_1_irq_handler                  0x00005611   Thumb Code    10  nrfx_spim.o(i.nrfx_spim_1_irq_handler)
    nrfx_spim_2_irq_handler                  0x00005621   Thumb Code     8  nrfx_spim.o(i.nrfx_spim_2_irq_handler)
    nrfx_spim_init                           0x00005631   Thumb Code   366  nrfx_spim.o(i.nrfx_spim_init)
    nrfx_spim_xfer                           0x000057a9   Thumb Code    94  nrfx_spim.o(i.nrfx_spim_xfer)
    sensor_config                            0x00005d5d   Thumb Code   218  main.o(i.sensor_config)
    spi_config                               0x00006319   Thumb Code    54  main.o(i.spi_config)
    spi_event_handler                        0x0000635d   Thumb Code     8  main.o(i.spi_event_handler)
    task_stack_max_usage_get                 0x00006635   Thumb Code    42  task_manager.o(i.task_stack_max_usage_get)
    BL                                       0x00006cf0   Data           4  main.o(.constdata)
    B                                        0x00006cf4   Data         232  main.o(.constdata)
    nrf_cli_mpu_raw                          0x00006e4c   Data          16  nrf_mpu.o(.constdata)
    nrf_cli_balloc_raw                       0x00006ee8   Data          16  nrf_balloc.o(.constdata)
    nrf_cli_clear_raw                        0x00007010   Data          16  nrf_cli.o(.constdata)
    nrf_cli_cli_raw                          0x00007020   Data          16  nrf_cli.o(.constdata)
    nrf_cli_history_raw                      0x00007030   Data          16  nrf_cli.o(.constdata)
    nrf_cli_resize_raw                       0x00007040   Data          16  nrf_cli.o(.constdata)
    nrf_cli_queue_raw                        0x000070d0   Data          16  nrf_queue.o(.constdata)
    nrf_cli_task_manager_raw                 0x00007108   Data          16  task_manager.o(.constdata)
    int_mask_lookup_table                    0x00007118   Data          13  bmi160.o(.constdata)
    __ctype_table                            0x00007125   Data         129  ctype_o.o(.constdata)
    Region$$Table$$Base                      0x0000771c   Number         0  anon$$obj.o(Region$$Table)
    Region$$Table$$Limit                     0x0000773c   Number         0  anon$$obj.o(Region$$Table)
    cli_command$$Base                        0x0000773c   Number         0  nrf_mpu.o(cli_command)
    nrf_cli_mpu_const                        0x0000773c   Data           8  nrf_mpu.o(cli_command)
    nrf_cli_balloc_const                     0x00007744   Data           8  nrf_balloc.o(cli_command)
    nrf_cli_clear_const                      0x0000774c   Data           8  nrf_cli.o(cli_command)
    nrf_cli_cli_const                        0x00007754   Data           8  nrf_cli.o(cli_command)
    nrf_cli_history_const                    0x0000775c   Data           8  nrf_cli.o(cli_command)
    nrf_cli_resize_const                     0x00007764   Data           8  nrf_cli.o(cli_command)
    nrf_cli_queue_const                      0x0000776c   Data           8  nrf_queue.o(cli_command)
    nrf_cli_task_manager_const               0x00007774   Data           8  task_manager.o(cli_command)
    cli_command$$Limit                       0x0000777c   Number         0  task_manager.o(cli_command)
    m_rand_pool                              0x0000777c   Data          24  nrf_drv_rng.o(nrf_queue)
    nrf_queue$$Base                          0x0000777c   Number         0  nrf_drv_rng.o(nrf_queue)
    nrf_queue$$Limit                         0x00007794   Number         0  nrf_drv_rng.o(nrf_queue)
    block_cnt                                0x20000000   Data           1  main.o(.data)
    gyro_frames_req                          0x20000001   Data           1  main.o(.data)
    nrfx_clock_irq_enabled                   0x20000044   Data           1  nrfx_clock.o(.data)
    nrfx_power_irq_enabled                   0x20000050   Data           1  nrfx_power.o(.data)
    SystemCoreClock                          0x20000100   Data           4  system_nrf52.o(.data)
    __microlib_freelist                      0x20000104   Data           4  mvars.o(.data)
    __microlib_freelist_initialised          0x20000108   Data           4  mvars.o(.data)
    cli_sorted_cmd_ptrs$$Base                0x2000010c   Number         0  nrf_mpu.o(cli_sorted_cmd_ptrs)
    mpu_str_ptr                              0x2000010c   Data           4  nrf_mpu.o(cli_sorted_cmd_ptrs)
    balloc_str_ptr                           0x20000110   Data           4  nrf_balloc.o(cli_sorted_cmd_ptrs)
    clear_str_ptr                            0x20000114   Data           4  nrf_cli.o(cli_sorted_cmd_ptrs)
    cli_str_ptr                              0x20000118   Data           4  nrf_cli.o(cli_sorted_cmd_ptrs)
    history_str_ptr                          0x2000011c   Data           4  nrf_cli.o(cli_sorted_cmd_ptrs)
    resize_str_ptr                           0x20000120   Data           4  nrf_cli.o(cli_sorted_cmd_ptrs)
    queue_str_ptr                            0x20000124   Data           4  nrf_queue.o(cli_sorted_cmd_ptrs)
    task_manager_str_ptr                     0x20000128   Data           4  task_manager.o(cli_sorted_cmd_ptrs)
    fs_data$$Base                            0x2000012c   Number         0  fds.o(fs_data)
    m_fs                                     0x2000012c   Data          20  fds.o(fs_data)
    fs_data$$Limit                           0x20000140   Number         0  fds.o(fs_data)
    fir_lpf                                  0x20000294   Data          12  main.o(.bss)
    fifo_buff                                0x200002a0   Data         200  main.o(.bss)
    acc_x_in_buf                             0x20000368   Data         112  main.o(.bss)
    acc_y_in_buf                             0x200003d8   Data         112  main.o(.bss)
    acc_z_in_buf                             0x20000448   Data         112  main.o(.bss)
    acc_x_out_buf                            0x200004b8   Data         112  main.o(.bss)
    acc_y_out_buf                            0x20000528   Data         112  main.o(.bss)
    acc_z_out_buf                            0x20000598   Data         112  main.o(.bss)
    fifo_frame                               0x20000608   Data          24  main.o(.bss)
    acc_data                                 0x20000620   Data         336  main.o(.bss)
    sensor                                   0x20000964   Data          40  main.o(.bss)
    __heap_base                              0x20001d28   Data           0  arm_startup_nrf52.o(HEAP)
    STACK$$Base                              0x20003d28   Number         0  arm_startup_nrf52.o(STACK)
    __heap_limit                             0x20003d28   Data           0  arm_startup_nrf52.o(HEAP)
    STACK$$Limit                             0x20005d28   Number         0  arm_startup_nrf52.o(STACK)
    __initial_sp                             0x20005d28   Data           0  arm_startup_nrf52.o(STACK)



==============================================================================

Memory Map of the image

  Image Entry point : 0x00000201

  Load Region LR_IROM1 (Base: 0x00000000, Size: 0x000078d4, Max: 0x00080000, ABSOLUTE, COMPRESSED[0x000077d0])

    Execution Region ER_IROM1 (Exec base: 0x00000000, Load base: 0x00000000, Size: 0x00007794, Max: 0x00080000, ABSOLUTE)

    Exec Addr    Load Addr    Size         Type   Attr      Idx    E Section Name        Object

    0x00000000   0x00000000   0x00000200   Data   RO        12291    RESET               arm_startup_nrf52.o
    0x00000200   0x00000200   0x00000000   Code   RO        12408  * .ARM.Collect$$$$00000000  mc_w.l(entry.o)
    0x00000200   0x00000200   0x00000004   Code   RO        12507    .ARM.Collect$$$$00000001  mc_w.l(entry2.o)
    0x00000204   0x00000204   0x00000004   Code   RO        12510    .ARM.Collect$$$$00000004  mc_w.l(entry5.o)
    0x00000208   0x00000208   0x00000000   Code   RO        12512    .ARM.Collect$$$$00000008  mc_w.l(entry7b.o)
    0x00000208   0x00000208   0x00000000   Code   RO        12514    .ARM.Collect$$$$0000000A  mc_w.l(entry8b.o)
    0x00000208   0x00000208   0x00000008   Code   RO        12515    .ARM.Collect$$$$0000000B  mc_w.l(entry9a.o)
    0x00000210   0x00000210   0x00000000   Code   RO        12517    .ARM.Collect$$$$0000000D  mc_w.l(entry10a.o)
    0x00000210   0x00000210   0x00000000   Code   RO        12519    .ARM.Collect$$$$0000000F  mc_w.l(entry11a.o)
    0x00000210   0x00000210   0x00000004   Code   RO        12508    .ARM.Collect$$$$00002712  mc_w.l(entry2.o)
    0x00000214   0x00000214   0x00000034   Code   RO         6235    .emb_text           hardfault_handler_keil.o
    0x00000248   0x00000248   0x000000c8   Code   RO         6903    .emb_text           nrf_atfifo.o
    0x00000310   0x00000310   0x000000e2   Code   RO         6973    .emb_text           nrf_atomic.o
    0x000003f2   0x000003f2   0x00000002   PAD
    0x000003f4   0x000003f4   0x00000024   Code   RO        12292    .text               arm_startup_nrf52.o
    0x00000418   0x00000418   0x00000532   Code   RO        12335    .text               arm_cortexM4lf_math.lib(arm_fir_f32.o)
    0x0000094a   0x0000094a   0x00000002   PAD
    0x0000094c   0x0000094c   0x00000008   Code   RO        12415    .text               mc_w.l(ctype_o.o)
    0x00000954   0x00000954   0x00000040   Code   RO        12451    .text               mc_w.l(memmovea.o)
    0x00000994   0x00000994   0x00000024   Code   RO        12453    .text               mc_w.l(memseta.o)
    0x000009b8   0x000009b8   0x0000000e   Code   RO        12457    .text               mc_w.l(strlen.o)
    0x000009c6   0x000009c6   0x0000001c   Code   RO        12459    .text               mc_w.l(strcmp.o)
    0x000009e2   0x000009e2   0x00000002   PAD
    0x000009e4   0x000009e4   0x00000024   Code   RO        12528    .text               mc_w.l(init.o)
    0x00000a08   0x00000a08   0x0000003a   Code   RO        12538    .text               mc_w.l(__dczerorl.o)
    0x00000a42   0x00000a42   0x00000002   PAD
    0x00000a44   0x00000a44   0x0000000c   Code   RO         2533    i.COMP_LPCOMP_IRQHandler  nrfx_prs.o
    0x00000a50   0x00000a50   0x00000164   Code   RO         1710    i.GPIOTE_IRQHandler  nrfx_gpiote.o
    0x00000bb4   0x00000bb4   0x0000001c   Code   RO         6257    i.HardFault_c_handler  hardfault_implementation.o
    0x00000bd0   0x00000bd0   0x00000024   Code   RO         6258    i.HardFault_process  hardfault_implementation.o
    0x00000bf4   0x00000bf4   0x0000010c   Code   RO         1976    i.I2S_IRQHandler    nrfx_i2s.o
    0x00000d00   0x00000d00   0x00000016   Code   RO         5180    i.NVIC_ClearPendingIRQ  app_timer.o
    0x00000d16   0x00000d16   0x00000016   Code   RO         5181    i.NVIC_EnableIRQ    app_timer.o
    0x00000d2c   0x00000d2c   0x00000016   Code   RO         5182    i.NVIC_SetPendingIRQ  app_timer.o
    0x00000d42   0x00000d42   0x00000002   PAD
    0x00000d44   0x00000d44   0x000000ec   Code   RO         2157    i.PDM_IRQHandler    nrfx_pdm.o
    0x00000e30   0x00000e30   0x0000000e   Code   RO         2360    i.POWER_CLOCK_IRQHandler  nrfx_power_clock.o
    0x00000e3e   0x00000e3e   0x00000002   PAD
    0x00000e40   0x00000e40   0x00000010   Code   RO         2608    i.PWM0_IRQHandler   nrfx_pwm.o
    0x00000e50   0x00000e50   0x00000010   Code   RO         2609    i.PWM1_IRQHandler   nrfx_pwm.o
    0x00000e60   0x00000e60   0x00000010   Code   RO         2610    i.PWM2_IRQHandler   nrfx_pwm.o
    0x00000e70   0x00000e70   0x000000bc   Code   RO         2733    i.QDEC_IRQHandler   nrfx_qdec.o
    0x00000f2c   0x00000f2c   0x00000028   Code   RO         2808    i.RNG_IRQHandler    nrfx_rng.o
    0x00000f54   0x00000f54   0x00000010   Code   RO         2868    i.RTC0_IRQHandler   nrfx_rtc.o
    0x00000f64   0x00000f64   0x00000024   Code   RO         5184    i.RTC1_IRQHandler   app_timer.o
    0x00000f88   0x00000f88   0x00000010   Code   RO         2869    i.RTC2_IRQHandler   nrfx_rtc.o
    0x00000f98   0x00000f98   0x00000148   Code   RO         2989    i.SAADC_IRQHandler  nrfx_saadc.o
    0x000010e0   0x000010e0   0x0000000c   Code   RO         2534    i.SPIM0_SPIS0_TWIM0_TWIS0_SPI0_TWI0_IRQHandler  nrfx_prs.o
    0x000010ec   0x000010ec   0x0000000c   Code   RO         2535    i.SPIM1_SPIS1_TWIM1_TWIS1_SPI1_TWI1_IRQHandler  nrfx_prs.o
    0x000010f8   0x000010f8   0x0000000c   Code   RO         2536    i.SPIM2_SPIS2_SPI2_IRQHandler  nrfx_prs.o
    0x00001104   0x00001104   0x00000004   Code   RO         5185    i.SWI0_EGU0_IRQHandler  app_timer.o
    0x00001108   0x00001108   0x00000006   Code   RO         3389    i.SWI1_EGU1_IRQHandler  nrfx_swi.o
    0x0000110e   0x0000110e   0x00000006   Code   RO         3390    i.SWI2_EGU2_IRQHandler  nrfx_swi.o
    0x00001114   0x00001114   0x00000006   Code   RO         3391    i.SWI3_EGU3_IRQHandler  nrfx_swi.o
    0x0000111a   0x0000111a   0x00000006   Code   RO         3392    i.SWI4_EGU4_IRQHandler  nrfx_swi.o
    0x00001120   0x00001120   0x00000006   Code   RO         3393    i.SWI5_EGU5_IRQHandler  nrfx_swi.o
    0x00001126   0x00001126   0x00000002   PAD
    0x00001128   0x00001128   0x0000031c   Code   RO        12300    i.SystemInit        system_nrf52.o
    0x00001444   0x00001444   0x00000014   Code   RO         3488    i.TIMER0_IRQHandler  nrfx_timer.o
    0x00001458   0x00001458   0x00000014   Code   RO         3489    i.TIMER1_IRQHandler  nrfx_timer.o
    0x0000146c   0x0000146c   0x00000014   Code   RO         3490    i.TIMER2_IRQHandler  nrfx_timer.o
    0x00001480   0x00001480   0x00000014   Code   RO         3491    i.TIMER3_IRQHandler  nrfx_timer.o
    0x00001494   0x00001494   0x00000014   Code   RO         3492    i.TIMER4_IRQHandler  nrfx_timer.o
    0x000014a8   0x000014a8   0x0000000c   Code   RO         2537    i.UARTE0_UART0_IRQHandler  nrfx_prs.o
    0x000014b4   0x000014b4   0x00000030   Code   RO         4337    i.WDT_IRQHandler    nrfx_wdt.o
    0x000014e4   0x000014e4   0x0000000e   Code   RO        12532    i.__scatterload_copy  mc_w.l(handlers.o)
    0x000014f2   0x000014f2   0x00000002   Code   RO        12533    i.__scatterload_null  mc_w.l(handlers.o)
    0x000014f4   0x000014f4   0x0000000e   Code   RO        12534    i.__scatterload_zeroinit  mc_w.l(handlers.o)
    0x00001502   0x00001502   0x0000000c   Code   RO         7940    i.addr_is_aligned32  nrf_fstorage.o
    0x0000150e   0x0000150e   0x00000018   Code   RO         7941    i.addr_is_within_bounds  nrf_fstorage.o
    0x00001526   0x00001526   0x00000004   Code   RO         5433    i.app_util_critical_region_enter  app_util_platform.o
    0x0000152a   0x0000152a   0x00000004   Code   RO         5434    i.app_util_critical_region_exit  app_util_platform.o
    0x0000152e   0x0000152e   0x00000002   PAD
    0x00001530   0x00001530   0x00000010   Code   RO         5435    i.app_util_disable_irq  app_util_platform.o
    0x00001540   0x00001540   0x00000014   Code   RO         5436    i.app_util_enable_irq  app_util_platform.o
    0x00001554   0x00001554   0x00000086   Code   RO        11590    i.bmi160_extract_accel  bmi160.o
    0x000015da   0x000015da   0x00000082   Code   RO        11593    i.bmi160_get_fifo_data  bmi160.o
    0x0000165c   0x0000165c   0x0000004c   Code   RO        11597    i.bmi160_get_regs   bmi160.o
    0x000016a8   0x000016a8   0x00000068   Code   RO        11599    i.bmi160_init       bmi160.o
    0x00001710   0x00001710   0x00000094   Code   RO        11604    i.bmi160_set_fifo_config  bmi160.o
    0x000017a4   0x000017a4   0x00000024   Code   RO        11607    i.bmi160_set_fifo_wm  bmi160.o
    0x000017c8   0x000017c8   0x000000c6   Code   RO        11608    i.bmi160_set_int_config  bmi160.o
    0x0000188e   0x0000188e   0x00000028   Code   RO        11610    i.bmi160_set_power_mode  bmi160.o
    0x000018b6   0x000018b6   0x00000086   Code   RO        11611    i.bmi160_set_regs   bmi160.o
    0x0000193c   0x0000193c   0x0000003c   Code   RO        11612    i.bmi160_set_sens_conf  bmi160.o
    0x00001978   0x00001978   0x0000004a   Code   RO        11614    i.bmi160_soft_reset  bmi160.o
    0x000019c2   0x000019c2   0x00000002   PAD
    0x000019c4   0x000019c4   0x00000064   Code   RO            4    i.bmi160_spi_bus_read  main.o
    0x00001a28   0x00001a28   0x0000006c   Code   RO            5    i.bmi160_spi_bus_write  main.o
    0x00001a94   0x00001a94   0x00000054   Code   RO          290    i.bsp_board_init    boards.o
    0x00001ae8   0x00001ae8   0x00000010   Code   RO          293    i.bsp_board_led_off  boards.o
    0x00001af8   0x00001af8   0x00000012   Code   RO          296    i.bsp_board_leds_off  boards.o
    0x00001b0a   0x00001b0a   0x0000001e   Code   RO         7900    i.buffer_add        nrf_fprintf_format.o
    0x00001b28   0x00001b28   0x0000001c   Code   RO         1711    i.channel_free      nrfx_gpiote.o
    0x00001b44   0x00001b44   0x00000048   Code   RO         1712    i.channel_port_alloc  nrfx_gpiote.o
    0x00001b8c   0x00001b8c   0x00000010   Code   RO         1713    i.channel_port_get  nrfx_gpiote.o
    0x00001b9c   0x00001b9c   0x00000140   Code   RO         7177    i.char_insert       nrf_cli.o
    0x00001cdc   0x00001cdc   0x0000003c   Code   RO        11617    i.check_accel_config  bmi160.o
    0x00001d18   0x00001d18   0x0000002c   Code   RO        11618    i.check_frame_validity  bmi160.o
    0x00001d44   0x00001d44   0x0000003c   Code   RO        11619    i.check_gyro_config  bmi160.o
    0x00001d80   0x00001d80   0x00000060   Code   RO        11620    i.check_invalid_settg  bmi160.o
    0x00001de0   0x00001de0   0x00000014   Code   RO         7178    i.cli_clear_eos     nrf_cli.o
    0x00001df4   0x00001df4   0x00000014   Code   RO         7179    i.cli_cursor_restore  nrf_cli.o
    0x00001e08   0x00001e08   0x00000014   Code   RO         7180    i.cli_cursor_save   nrf_cli.o
    0x00001e1c   0x00001e1c   0x0000000c   Code   RO         7182    i.cli_flag_echo_is_set  nrf_cli.o
    0x00001e28   0x00001e28   0x0000000e   Code   RO         7183    i.cli_read          nrf_cli.o
    0x00001e36   0x00001e36   0x0000000a   Code   RO         7186    i.cli_strlen        nrf_cli.o
    0x00001e40   0x00001e40   0x00000058   Code   RO         7189    i.cli_write         nrf_cli.o
    0x00001e98   0x00001e98   0x00000088   Code   RO         7190    i.cmd_get           nrf_cli.o
    0x00001f20   0x00001f20   0x000000ac   Code   RO         5195    i.compare_reg_update  app_timer.o
    0x00001fcc   0x00001fcc   0x000000a4   Code   RO            6    i.compute_fir       main.o
    0x00002070   0x00002070   0x00000054   Code   RO        11621    i.config_any_dur_threshold  bmi160.o
    0x000020c4   0x000020c4   0x00000048   Code   RO        11622    i.config_any_motion_int_settg  bmi160.o
    0x0000210c   0x0000210c   0x00000046   Code   RO        11623    i.config_any_motion_src  bmi160.o
    0x00002152   0x00002152   0x00000078   Code   RO        11626    i.config_flat_int_settg  bmi160.o
    0x000021ca   0x000021ca   0x00000002   PAD
    0x000021cc   0x000021cc   0x0000003c   Code   RO            7    i.config_gpio       main.o
    0x00002208   0x00002208   0x00000046   Code   RO        11627    i.config_high_g_data_src  bmi160.o
    0x0000224e   0x0000224e   0x00000054   Code   RO        11628    i.config_high_g_int_settg  bmi160.o
    0x000022a2   0x000022a2   0x00000084   Code   RO        11629    i.config_int_latch  bmi160.o
    0x00002326   0x00002326   0x000000f4   Code   RO        11630    i.config_int_out_ctrl  bmi160.o
    0x0000241a   0x0000241a   0x00000046   Code   RO        11631    i.config_low_g_data_src  bmi160.o
    0x00002460   0x00002460   0x0000006a   Code   RO        11632    i.config_low_g_int_settg  bmi160.o
    0x000024ca   0x000024ca   0x00000046   Code   RO        11633    i.config_no_motion_data_src  bmi160.o
    0x00002510   0x00002510   0x0000009c   Code   RO        11634    i.config_no_motion_dur_thr  bmi160.o
    0x000025ac   0x000025ac   0x0000003e   Code   RO        11635    i.config_no_motion_int_settg  bmi160.o
    0x000025ea   0x000025ea   0x000000b2   Code   RO        11636    i.config_orient_int_settg  bmi160.o
    0x0000269c   0x0000269c   0x00000082   Code   RO        11638    i.config_sig_dur_threshold  bmi160.o
    0x0000271e   0x0000271e   0x00000046   Code   RO        11639    i.config_sig_motion_data_src  bmi160.o
    0x00002764   0x00002764   0x0000003e   Code   RO        11640    i.config_sig_motion_int_settg  bmi160.o
    0x000027a2   0x000027a2   0x000000c0   Code   RO        11641    i.config_step_detect  bmi160.o
    0x00002862   0x00002862   0x00000046   Code   RO        11642    i.config_tap_data_src  bmi160.o
    0x000028a8   0x000028a8   0x00000040   Code   RO        11643    i.config_tap_int_settg  bmi160.o
    0x000028e8   0x000028e8   0x000000a8   Code   RO        11644    i.config_tap_param  bmi160.o
    0x00002990   0x00002990   0x00000018   Code   RO         7193    i.cursor_down_move  nrf_cli.o
    0x000029a8   0x000029a8   0x00000026   Code   RO         7196    i.cursor_in_empty_line  nrf_cli.o
    0x000029ce   0x000029ce   0x00000002   PAD
    0x000029d0   0x000029d0   0x00000018   Code   RO         7197    i.cursor_left_move  nrf_cli.o
    0x000029e8   0x000029e8   0x00000014   Code   RO         7198    i.cursor_next_line_move  nrf_cli.o
    0x000029fc   0x000029fc   0x00000124   Code   RO         7199    i.cursor_position_get  nrf_cli.o
    0x00002b20   0x00002b20   0x00000018   Code   RO         7201    i.cursor_right_move  nrf_cli.o
    0x00002b38   0x00002b38   0x00000018   Code   RO         7202    i.cursor_up_move    nrf_cli.o
    0x00002b50   0x00002b50   0x0000002a   Code   RO        11646    i.default_param_settg  bmi160.o
    0x00002b7a   0x00002b7a   0x00000002   PAD
    0x00002b7c   0x00002b7c   0x00000080   Code   RO         5819    i.delete_execute    fds.o
    0x00002bfc   0x00002bfc   0x00000040   Code   RO        11647    i.disable_sig_motion_int  bmi160.o
    0x00002c3c   0x00002c3c   0x00000040   Code   RO         5196    i.elapsed_ticks_acquire  app_timer.o
    0x00002c7c   0x00002c7c   0x0000008c   Code   RO        11648    i.enable_accel_any_motion_int  bmi160.o
    0x00002d08   0x00002d08   0x0000003a   Code   RO        11650    i.enable_data_ready_int  bmi160.o
    0x00002d42   0x00002d42   0x00000038   Code   RO        11651    i.enable_fifo_full_int  bmi160.o
    0x00002d7a   0x00002d7a   0x0000003a   Code   RO        11652    i.enable_fifo_wtm_int  bmi160.o
    0x00002db4   0x00002db4   0x00000046   Code   RO        11653    i.enable_flat_int   bmi160.o
    0x00002dfa   0x00002dfa   0x00000070   Code   RO        11655    i.enable_high_g_int  bmi160.o
    0x00002e6a   0x00002e6a   0x00000046   Code   RO        11656    i.enable_low_g_int  bmi160.o
    0x00002eb0   0x00002eb0   0x00000070   Code   RO        11657    i.enable_no_motion_int  bmi160.o
    0x00002f20   0x00002f20   0x00000042   Code   RO        11658    i.enable_orient_int  bmi160.o
    0x00002f62   0x00002f62   0x00000058   Code   RO        11659    i.enable_sig_motion_int  bmi160.o
    0x00002fba   0x00002fba   0x00000042   Code   RO        11660    i.enable_step_detect_int  bmi160.o
    0x00002ffc   0x00002ffc   0x00000070   Code   RO        11661    i.enable_tap_int    bmi160.o
    0x0000306c   0x0000306c   0x00000074   Code   RO         5820    i.event_prepare     fds.o
    0x000030e0   0x000030e0   0x00000020   Code   RO         5821    i.event_send        fds.o
    0x00003100   0x00003100   0x000000f8   Code   RO        11662    i.extract_accel_header_mode  bmi160.o
    0x000031f8   0x000031f8   0x000000f2   Code   RO         7203    i.format_offset_string_print  nrf_cli.o
    0x000032ea   0x000032ea   0x00000002   PAD
    0x000032ec   0x000032ec   0x00000050   Code   RO        12471    i.free              mc_w.l(malloc.o)
    0x0000333c   0x0000333c   0x00000006   Code   RO         5841    i.fs_event_handler  fds.o
    0x00003342   0x00003342   0x00000026   Code   RO         7204    i.full_line_cmd     nrf_cli.o
    0x00003368   0x00003368   0x0000007c   Code   RO         5842    i.gc_execute        fds.o
    0x000033e4   0x000033e4   0x0000004c   Code   RO         5843    i.gc_next_page      fds.o
    0x00003430   0x00003430   0x00000040   Code   RO         5844    i.gc_page_erase     fds.o
    0x00003470   0x00003470   0x00000034   Code   RO         5845    i.gc_record_copy    fds.o
    0x000034a4   0x000034a4   0x00000024   Code   RO         5846    i.gc_record_find_next  fds.o
    0x000034c8   0x000034c8   0x00000088   Code   RO         5847    i.gc_state_advance  fds.o
    0x00003550   0x00003550   0x00000070   Code   RO        11668    i.get_accel_len_to_parse  bmi160.o
    0x000035c0   0x000035c0   0x000000e4   Code   RO            9    i.get_bmi160_fifo_data  main.o
    0x000036a4   0x000036a4   0x00000036   Code   RO        11670    i.get_fifo_byte_counter  bmi160.o
    0x000036da   0x000036da   0x00000026   Code   RO         5848    i.header_check      fds.o
    0x00003700   0x00003700   0x00000012   Code   RO         5849    i.header_has_next   fds.o
    0x00003712   0x00003712   0x00000002   PAD
    0x00003714   0x00003714   0x000000c8   Code   RO         5850    i.init_execute      fds.o
    0x000037dc   0x000037dc   0x000000a6   Code   RO         7901    i.int_print         nrf_fprintf_format.o
    0x00003882   0x00003882   0x0000000e   Code   RO           10    i.interrupt_handler  main.o
    0x00003890   0x00003890   0x0000009c   Code   RO         2612    i.irq_handler       nrfx_pwm.o
    0x0000392c   0x0000392c   0x000000a0   Code   RO         2870    i.irq_handler       nrfx_rtc.o
    0x000039cc   0x000039cc   0x0000004a   Code   RO         3153    i.irq_handler       nrfx_spim.o
    0x00003a16   0x00003a16   0x00000002   PAD
    0x00003a18   0x00003a18   0x00000046   Code   RO         3493    i.irq_handler       nrfx_timer.o
    0x00003a5e   0x00003a5e   0x0000000c   Code   RO         5851    i.is_word_aligned   fds.o
    0x00003a6a   0x00003a6a   0x00000002   PAD
    0x00003a6c   0x00003a6c   0x000000f8   Code   RO         5197    i.list_insertions_handler  app_timer.o
    0x00003b64   0x00003b64   0x00000018   Code   RO           11    i.main              main.o
    0x00003b7c   0x00003b7c   0x0000006c   Code   RO        12472    i.malloc            mc_w.l(malloc.o)
    0x00003be8   0x00003be8   0x000000d4   Code   RO        11674    i.map_feature_interrupt  bmi160.o
    0x00003cbc   0x00003cbc   0x000000a4   Code   RO        11675    i.map_hardware_interrupt  bmi160.o
    0x00003d60   0x00003d60   0x0000007e   Code   RO         8237    i.memobj_op         nrf_memobj.o
    0x00003dde   0x00003dde   0x0000001e   Code   RO        11677    i.move_next_frame   bmi160.o
    0x00003dfc   0x00003dfc   0x00000050   Code   RO         7210    i.multiline_console_data_check  nrf_cli.o
    0x00003e4c   0x00003e4c   0x00000016   Code   RO         6909    i.nrf_atfifo_item_free  nrf_atfifo.o
    0x00003e62   0x00003e62   0x00000016   Code   RO         6910    i.nrf_atfifo_item_get  nrf_atfifo.o
    0x00003e78   0x00003e78   0x0000000c   Code   RO         6990    i.nrf_atomic_u32_sub  nrf_atomic.o
    0x00003e84   0x00003e84   0x000000c8   Code   RO         7112    i.nrf_balloc_status  nrf_balloc.o
    0x00003f4c   0x00003f4c   0x00000010   Code   RO         1714    i.nrf_bitmask_bit_is_set  nrfx_gpiote.o
    0x00003f5c   0x00003f5c   0x00000014   Code   RO         1715    i.nrf_bitmask_bit_set  nrfx_gpiote.o
    0x00003f70   0x00003f70   0x0000004c   Code   RO         7211    i.nrf_cli_build_in_cmd_common_executed  nrf_cli.o
    0x00003fbc   0x00003fbc   0x00000044   Code   RO         7212    i.nrf_cli_cmd_clear  nrf_cli.o
    0x00004000   0x00004000   0x00000044   Code   RO         7213    i.nrf_cli_cmd_cli   nrf_cli.o
    0x00004044   0x00004044   0x0000006c   Code   RO         7214    i.nrf_cli_cmd_cli_stats  nrf_cli.o
    0x000040b0   0x000040b0   0x00000030   Code   RO         7215    i.nrf_cli_cmd_cli_stats_reset  nrf_cli.o
    0x000040e0   0x000040e0   0x0000008c   Code   RO         7216    i.nrf_cli_cmd_cli_stats_show  nrf_cli.o
    0x0000416c   0x0000416c   0x00000068   Code   RO         7217    i.nrf_cli_cmd_colors  nrf_cli.o
    0x000041d4   0x000041d4   0x0000002a   Code   RO         7218    i.nrf_cli_cmd_colors_off  nrf_cli.o
    0x000041fe   0x000041fe   0x0000002a   Code   RO         7219    i.nrf_cli_cmd_colors_on  nrf_cli.o
    0x00004228   0x00004228   0x00000098   Code   RO         7220    i.nrf_cli_cmd_echo  nrf_cli.o
    0x000042c0   0x000042c0   0x0000002a   Code   RO         7221    i.nrf_cli_cmd_echo_off  nrf_cli.o
    0x000042ea   0x000042ea   0x0000002a   Code   RO         7222    i.nrf_cli_cmd_echo_on  nrf_cli.o
    0x00004314   0x00004314   0x00000078   Code   RO         7223    i.nrf_cli_cmd_history  nrf_cli.o
    0x0000438c   0x0000438c   0x000000c4   Code   RO         7224    i.nrf_cli_cmd_resize  nrf_cli.o
    0x00004450   0x00004450   0x0000003c   Code   RO         7225    i.nrf_cli_cmd_resize_default  nrf_cli.o
    0x0000448c   0x0000448c   0x00000050   Code   RO         7226    i.nrf_cli_fprintf   nrf_cli.o
    0x000044dc   0x000044dc   0x00000288   Code   RO         7227    i.nrf_cli_help_print  nrf_cli.o
    0x00004764   0x00004764   0x0000000e   Code   RO         1488    i.nrf_clock_event_check  nrfx_clock.o
    0x00004772   0x00004772   0x00000010   Code   RO         1489    i.nrf_clock_event_clear  nrfx_clock.o
    0x00004782   0x00004782   0x00000002   PAD
    0x00004784   0x00004784   0x00000030   Code   RO           12    i.nrf_delay_ms      main.o
    0x000047b4   0x000047b4   0x00000070   Code   RO         1075    i.nrf_drv_spi_init  nrf_drv_spi.o
    0x00004824   0x00004824   0x00000032   Code   RO           13    i.nrf_drv_spi_transfer  main.o
    0x00004856   0x00004856   0x0000001a   Code   RO         7870    i.nrf_fprintf       nrf_fprintf.o
    0x00004870   0x00004870   0x00000018   Code   RO         7871    i.nrf_fprintf_buffer_flush  nrf_fprintf.o
    0x00004888   0x00004888   0x000001da   Code   RO         7902    i.nrf_fprintf_fmt   nrf_fprintf_format.o
    0x00004a62   0x00004a62   0x0000004e   Code   RO         7942    i.nrf_fstorage_erase  nrf_fstorage.o
    0x00004ab0   0x00004ab0   0x00000066   Code   RO         7949    i.nrf_fstorage_write  nrf_fstorage.o
    0x00004b16   0x00004b16   0x00000024   Code   RO          300    i.nrf_gpio_cfg      boards.o
    0x00004b3a   0x00004b3a   0x00000024   Code   RO         1716    i.nrf_gpio_cfg      nrfx_gpiote.o
    0x00004b5e   0x00004b5e   0x00000024   Code   RO         3154    i.nrf_gpio_cfg      nrfx_spim.o
    0x00004b82   0x00004b82   0x00000014   Code   RO         3155    i.nrf_gpio_cfg_output  nrfx_spim.o
    0x00004b96   0x00004b96   0x00000022   Code   RO         1718    i.nrf_gpio_cfg_sense_set  nrfx_gpiote.o
    0x00004bb8   0x00004bb8   0x0000000e   Code   RO         3156    i.nrf_gpio_pin_clear  nrfx_spim.o
    0x00004bc6   0x00004bc6   0x0000000e   Code   RO         3157    i.nrf_gpio_pin_set  nrfx_spim.o
    0x00004bd4   0x00004bd4   0x00000016   Code   RO          301    i.nrf_gpio_pin_write  boards.o
    0x00004bea   0x00004bea   0x00000002   PAD
    0x00004bec   0x00004bec   0x00000028   Code   RO         1719    i.nrf_gpio_ports_read  nrfx_gpiote.o
    0x00004c14   0x00004c14   0x00000014   Code   RO         1720    i.nrf_gpiote_event_clear  nrfx_gpiote.o
    0x00004c28   0x00004c28   0x00000010   Code   RO         1721    i.nrf_gpiote_event_is_set  nrfx_gpiote.o
    0x00004c38   0x00004c38   0x0000000a   Code   RO         1981    i.nrf_i2s_event_check  nrfx_i2s.o
    0x00004c42   0x00004c42   0x0000000c   Code   RO         1982    i.nrf_i2s_event_clear  nrfx_i2s.o
    0x00004c4e   0x00004c4e   0x00000010   Code   RO         8243    i.nrf_memobj_read   nrf_memobj.o
    0x00004c5e   0x00004c5e   0x00000002   PAD
    0x00004c60   0x00004c60   0x000000fc   Code   RO          536    i.nrf_mpu_cmd_dump  nrf_mpu.o
    0x00004d5c   0x00004d5c   0x000001e4   Code   RO          537    i.nrf_mpu_cmd_info  nrf_mpu.o
    0x00004f40   0x00004f40   0x0000004c   Code   RO          538    i.nrf_mpu_cmd_unknown  nrf_mpu.o
    0x00004f8c   0x00004f8c   0x00000010   Code   RO          539    i.nrf_mpu_get_number_of_regions  nrf_mpu.o
    0x00004f9c   0x00004f9c   0x00000074   Code   RO          541    i.nrf_mpu_mem_access  nrf_mpu.o
    0x00005010   0x00005010   0x00000088   Code   RO          542    i.nrf_mpu_mem_caching  nrf_mpu.o
    0x00005098   0x00005098   0x000000c4   Code   RO          543    i.nrf_mpu_mem_type  nrf_mpu.o
    0x0000515c   0x0000515c   0x00000010   Code   RO         2160    i.nrf_pdm_event_check  nrfx_pdm.o
    0x0000516c   0x0000516c   0x00000014   Code   RO         2161    i.nrf_pdm_event_clear  nrfx_pdm.o
    0x00005180   0x00005180   0x00000014   Code   RO         2257    i.nrf_power_event_get_and_clear  nrfx_power.o
    0x00005194   0x00005194   0x0000000a   Code   RO         2613    i.nrf_pwm_event_check  nrfx_pwm.o
    0x0000519e   0x0000519e   0x0000000c   Code   RO         2614    i.nrf_pwm_event_clear  nrfx_pwm.o
    0x000051aa   0x000051aa   0x00000006   Code   RO         8381    i.nrf_queue_max_utilization_get  nrf_queue.o
    0x000051b0   0x000051b0   0x00000008   Code   RO         8382    i.nrf_queue_max_utilization_reset  nrf_queue.o
    0x000051b8   0x000051b8   0x000000e0   Code   RO         8388    i.nrf_queue_status  nrf_queue.o
    0x00005298   0x00005298   0x0000001c   Code   RO         8389    i.nrf_queue_utilization_get  nrf_queue.o
    0x000052b4   0x000052b4   0x0000000c   Code   RO         2871    i.nrf_rtc_event_clear  nrfx_rtc.o
    0x000052c0   0x000052c0   0x00000010   Code   RO         2990    i.nrf_saadc_buffer_init  nrfx_saadc.o
    0x000052d0   0x000052d0   0x00000010   Code   RO         2992    i.nrf_saadc_event_check  nrfx_saadc.o
    0x000052e0   0x000052e0   0x00000014   Code   RO         2993    i.nrf_saadc_event_clear  nrfx_saadc.o
    0x000052f4   0x000052f4   0x0000000a   Code   RO         3158    i.nrf_spim_event_check  nrfx_spim.o
    0x000052fe   0x000052fe   0x0000000c   Code   RO         3494    i.nrf_timer_event_clear  nrfx_timer.o
    0x0000530a   0x0000530a   0x00000002   PAD
    0x0000530c   0x0000530c   0x00000058   Code   RO         1498    i.nrfx_clock_irq_handler  nrfx_clock.o
    0x00005364   0x00005364   0x00000010   Code   RO         5198    i.nrfx_coredep_delay_us  app_timer.o
    0x00005374   0x00005374   0x000000a4   Code   RO         1726    i.nrfx_gpiote_in_event_enable  nrfx_gpiote.o
    0x00005418   0x00005418   0x000000d0   Code   RO         1727    i.nrfx_gpiote_in_init  nrfx_gpiote.o
    0x000054e8   0x000054e8   0x00000070   Code   RO         1730    i.nrfx_gpiote_init  nrfx_gpiote.o
    0x00005558   0x00005558   0x00000014   Code   RO         1731    i.nrfx_gpiote_is_init  nrfx_gpiote.o
    0x0000556c   0x0000556c   0x00000010   Code   RO         3159    i.nrfx_is_in_ram    nrfx_spim.o
    0x0000557c   0x0000557c   0x00000054   Code   RO         2259    i.nrfx_power_irq_handler  nrfx_power.o
    0x000055d0   0x000055d0   0x00000030   Code   RO         2538    i.nrfx_prs_acquire  nrfx_prs.o
    0x00005600   0x00005600   0x00000010   Code   RO         3160    i.nrfx_spim_0_irq_handler  nrfx_spim.o
    0x00005610   0x00005610   0x00000010   Code   RO         3161    i.nrfx_spim_1_irq_handler  nrfx_spim.o
    0x00005620   0x00005620   0x00000010   Code   RO         3162    i.nrfx_spim_2_irq_handler  nrfx_spim.o
    0x00005630   0x00005630   0x00000178   Code   RO         3165    i.nrfx_spim_init    nrfx_spim.o
    0x000057a8   0x000057a8   0x00000064   Code   RO         3168    i.nrfx_spim_xfer    nrfx_spim.o
    0x0000580c   0x0000580c   0x0000001a   Code   RO        11678    i.null_ptr_check    bmi160.o
    0x00005826   0x00005826   0x0000001c   Code   RO         5853    i.page_offsets_update  fds.o
    0x00005842   0x00005842   0x00000002   PAD
    0x00005844   0x00005844   0x0000001c   Code   RO         5855    i.page_tag_write_data  fds.o
    0x00005860   0x00005860   0x00000024   Code   RO         5856    i.page_tag_write_swap  fds.o
    0x00005884   0x00005884   0x00000018   Code   RO         1747    i.pin_in_use_by_port  nrfx_gpiote.o
    0x0000589c   0x0000589c   0x00000018   Code   RO         1748    i.pin_in_use_by_te  nrfx_gpiote.o
    0x000058b4   0x000058b4   0x00000032   Code   RO        11681    i.process_accel_bw  bmi160.o
    0x000058e6   0x000058e6   0x00000030   Code   RO        11682    i.process_accel_odr  bmi160.o
    0x00005916   0x00005916   0x00000030   Code   RO        11683    i.process_accel_range  bmi160.o
    0x00005946   0x00005946   0x0000002a   Code   RO        11684    i.process_gyro_bw   bmi160.o
    0x00005970   0x00005970   0x00000030   Code   RO        11685    i.process_gyro_odr  bmi160.o
    0x000059a0   0x000059a0   0x00000030   Code   RO        11686    i.process_gyro_range  bmi160.o
    0x000059d0   0x000059d0   0x00000070   Code   RO        11687    i.process_under_sampling  bmi160.o
    0x00005a40   0x00005a40   0x00000054   Code   RO         2540    i.prs_box_get       nrfx_prs.o
    0x00005a94   0x00005a94   0x000000a0   Code   RO         5860    i.queue_process     fds.o
    0x00005b34   0x00005b34   0x00000018   Code   RO         8392    i.queue_utilization_get  nrf_queue.o
    0x00005b4c   0x00005b4c   0x00000088   Code   RO         5862    i.record_find       fds.o
    0x00005bd4   0x00005bd4   0x000000a0   Code   RO         5863    i.record_find_by_desc  fds.o
    0x00005c74   0x00005c74   0x0000005c   Code   RO         5864    i.record_find_next  fds.o
    0x00005cd0   0x00005cd0   0x00000038   Code   RO         5865    i.record_header_flag_dirty  fds.o
    0x00005d08   0x00005d08   0x00000018   Code   RO        11688    i.reset_fifo_data_structure  bmi160.o
    0x00005d20   0x00005d20   0x0000003c   Code   RO         5199    i.rtc1_stop         app_timer.o
    0x00005d5c   0x00005d5c   0x000000f4   Code   RO           14    i.sensor_config     main.o
    0x00005e50   0x00005e50   0x0000003c   Code   RO        11689    i.set_accel_any_motion_int  bmi160.o
    0x00005e8c   0x00005e8c   0x0000004c   Code   RO        11690    i.set_accel_conf    bmi160.o
    0x00005ed8   0x00005ed8   0x00000052   Code   RO        11691    i.set_accel_flat_detect_int  bmi160.o
    0x00005f2a   0x00005f2a   0x0000003c   Code   RO        11692    i.set_accel_gyro_data_ready_int  bmi160.o
    0x00005f66   0x00005f66   0x0000005e   Code   RO        11693    i.set_accel_high_g_int  bmi160.o
    0x00005fc4   0x00005fc4   0x0000005e   Code   RO        11694    i.set_accel_low_g_int  bmi160.o
    0x00006022   0x00006022   0x0000003c   Code   RO        11695    i.set_accel_no_motion_int  bmi160.o
    0x0000605e   0x0000605e   0x00000052   Code   RO        11696    i.set_accel_orientation_int  bmi160.o
    0x000060b0   0x000060b0   0x00000052   Code   RO        11697    i.set_accel_pwr     bmi160.o
    0x00006102   0x00006102   0x0000003c   Code   RO        11698    i.set_accel_sig_motion_int  bmi160.o
    0x0000613e   0x0000613e   0x00000052   Code   RO        11699    i.set_accel_step_detect_int  bmi160.o
    0x00006190   0x00006190   0x0000004a   Code   RO        11700    i.set_accel_tap_int  bmi160.o
    0x000061da   0x000061da   0x0000003a   Code   RO        11701    i.set_fifo_full_int  bmi160.o
    0x00006214   0x00006214   0x0000003a   Code   RO        11702    i.set_fifo_watermark_int  bmi160.o
    0x0000624e   0x0000624e   0x0000004c   Code   RO        11703    i.set_gyro_conf     bmi160.o
    0x0000629a   0x0000629a   0x0000005e   Code   RO        11704    i.set_gyro_pwr      bmi160.o
    0x000062f8   0x000062f8   0x00000020   Code   RO        11705    i.set_intr_pin_config  bmi160.o
    0x00006318   0x00006318   0x00000044   Code   RO           15    i.spi_config        main.o
    0x0000635c   0x0000635c   0x0000000c   Code   RO           16    i.spi_event_handler  main.o
    0x00006368   0x00006368   0x00000038   Code   RO         1076    i.spim_evt_handler  nrf_drv_spi.o
    0x000063a0   0x000063a0   0x000000bc   Code   RO         3169    i.spim_xfer         nrfx_spim.o
    0x0000645c   0x0000645c   0x00000020   Code   RO         3400    i.swi_irq_handler   nrfx_swi.o
    0x0000647c   0x0000647c   0x000001b8   Code   RO         8895    i.task_mnanager_info  task_manager.o
    0x00006634   0x00006634   0x00000034   Code   RO         8897    i.task_stack_max_usage_get  task_manager.o
    0x00006668   0x00006668   0x00000060   Code   RO         7238    i.terminal_size_get  nrf_cli.o
    0x000066c8   0x000066c8   0x00000080   Code   RO         5200    i.timer_list_handler  app_timer.o
    0x00006748   0x00006748   0x0000003c   Code   RO         5201    i.timer_list_insert  app_timer.o
    0x00006784   0x00006784   0x00000060   Code   RO         5202    i.timer_list_remove  app_timer.o
    0x000067e4   0x000067e4   0x00000074   Code   RO         5204    i.timer_timeouts_check  app_timer.o
    0x00006858   0x00006858   0x00000064   Code   RO        11707    i.unpack_accel_data  bmi160.o
    0x000068bc   0x000068bc   0x00000188   Code   RO        11708    i.unpack_accel_frame  bmi160.o
    0x00006a44   0x00006a44   0x0000004e   Code   RO        11713    i.unpack_sensortime_frame  bmi160.o
    0x00006a92   0x00006a92   0x00000026   Code   RO        11714    i.unpack_skipped_frame  bmi160.o
    0x00006ab8   0x00006ab8   0x000000b4   Code   RO         7903    i.unsigned_print    nrf_fprintf_format.o
    0x00006b6c   0x00006b6c   0x0000003c   Code   RO         7239    i.vt100_bgcolor_set  nrf_cli.o
    0x00006ba8   0x00006ba8   0x00000050   Code   RO         7240    i.vt100_color_set   nrf_cli.o
    0x00006bf8   0x00006bf8   0x000000f4   Code   RO         5868    i.write_execute     fds.o
    0x00006cec   0x00006cec   0x00000004   PAD
    0x00006cf0   0x00006cf0   0x0000011b   Data   RO           18    .constdata          main.o
    0x00006e0b   0x00006e0b   0x00000008   Data   RO          302    .constdata          boards.o
    0x00006e13   0x00006e13   0x00000001   PAD
    0x00006e14   0x00006e14   0x00000008   Data   RO          546    .constdata          nrf_mpu.o
    0x00006e1c   0x00006e1c   0x00000030   Data   RO          547    .constdata          nrf_mpu.o
    0x00006e4c   0x00006e4c   0x00000010   Data   RO          548    .constdata          nrf_mpu.o
    0x00006e5c   0x00006e5c   0x00000010   Data   RO         1078    .constdata          nrf_drv_spi.o
    0x00006e6c   0x00006e6c   0x00000004   Data   RO         1750    .constdata          nrfx_gpiote.o
    0x00006e70   0x00006e70   0x00000018   Data   RO         2168    .constdata          nrfx_pdm.o
    0x00006e88   0x00006e88   0x0000000c   Data   RO         3172    .constdata          nrfx_spim.o
    0x00006e94   0x00006e94   0x0000000c   PAD
    0x00006ea0   0x00006ea0   0x00000006   Data   RO         5207    .constdata          app_timer.o
    0x00006ea6   0x00006ea6   0x00000002   PAD
    0x00006ea8   0x00006ea8   0x00000018   Data   RO         5873    .constdata          fds.o
    0x00006ec0   0x00006ec0   0x00000008   Data   RO         7113    .constdata          nrf_balloc.o
    0x00006ec8   0x00006ec8   0x00000020   Data   RO         7114    .constdata          nrf_balloc.o
    0x00006ee8   0x00006ee8   0x00000010   Data   RO         7115    .constdata          nrf_balloc.o
    0x00006ef8   0x00006ef8   0x00000008   Data   RO         7241    .constdata          nrf_cli.o
    0x00006f00   0x00006f00   0x00000030   Data   RO         7242    .constdata          nrf_cli.o
    0x00006f30   0x00006f30   0x00000008   Data   RO         7243    .constdata          nrf_cli.o
    0x00006f38   0x00006f38   0x00000030   Data   RO         7244    .constdata          nrf_cli.o
    0x00006f68   0x00006f68   0x00000008   Data   RO         7245    .constdata          nrf_cli.o
    0x00006f70   0x00006f70   0x00000030   Data   RO         7246    .constdata          nrf_cli.o
    0x00006fa0   0x00006fa0   0x00000008   Data   RO         7247    .constdata          nrf_cli.o
    0x00006fa8   0x00006fa8   0x00000040   Data   RO         7248    .constdata          nrf_cli.o
    0x00006fe8   0x00006fe8   0x00000008   Data   RO         7249    .constdata          nrf_cli.o
    0x00006ff0   0x00006ff0   0x00000020   Data   RO         7250    .constdata          nrf_cli.o
    0x00007010   0x00007010   0x00000010   Data   RO         7251    .constdata          nrf_cli.o
    0x00007020   0x00007020   0x00000010   Data   RO         7252    .constdata          nrf_cli.o
    0x00007030   0x00007030   0x00000010   Data   RO         7253    .constdata          nrf_cli.o
    0x00007040   0x00007040   0x00000010   Data   RO         7254    .constdata          nrf_cli.o
    0x00007050   0x00007050   0x00000047   Data   RO         7255    .constdata          nrf_cli.o
    0x00007097   0x00007097   0x00000010   Data   RO         7904    .constdata          nrf_fprintf_format.o
    0x000070a7   0x000070a7   0x00000001   PAD
    0x000070a8   0x000070a8   0x00000008   Data   RO         8394    .constdata          nrf_queue.o
    0x000070b0   0x000070b0   0x00000020   Data   RO         8395    .constdata          nrf_queue.o
    0x000070d0   0x000070d0   0x00000010   Data   RO         8396    .constdata          nrf_queue.o
    0x000070e0   0x000070e0   0x00000008   Data   RO         8902    .constdata          task_manager.o
    0x000070e8   0x000070e8   0x00000020   Data   RO         8903    .constdata          task_manager.o
    0x00007108   0x00007108   0x00000010   Data   RO         8904    .constdata          task_manager.o
    0x00007118   0x00007118   0x0000000d   Data   RO        11717    .constdata          bmi160.o
    0x00007125   0x00007125   0x00000081   Data   RO        12416    .constdata          mc_w.l(ctype_o.o)
    0x000071a6   0x000071a6   0x00000002   PAD
    0x000071a8   0x000071a8   0x00000004   Data   RO        12417    .constdata          mc_w.l(ctype_o.o)
    0x000071ac   0x000071ac   0x00000045   Data   RO          549    .conststring        nrf_mpu.o
    0x000071f1   0x000071f1   0x00000003   PAD
    0x000071f4   0x000071f4   0x00000020   Data   RO          550    .conststring        nrf_mpu.o
    0x00007214   0x00007214   0x00000082   Data   RO          551    .conststring        nrf_mpu.o
    0x00007296   0x00007296   0x00000002   PAD
    0x00007298   0x00007298   0x0000002b   Data   RO         7116    .conststring        nrf_balloc.o
    0x000072c3   0x000072c3   0x00000001   PAD
    0x000072c4   0x000072c4   0x00000027   Data   RO         7117    .conststring        nrf_balloc.o
    0x000072eb   0x000072eb   0x00000001   PAD
    0x000072ec   0x000072ec   0x0000008e   Data   RO         7118    .conststring        nrf_balloc.o
    0x0000737a   0x0000737a   0x00000002   PAD
    0x0000737c   0x0000737c   0x00000037   Data   RO         7256    .conststring        nrf_cli.o
    0x000073b3   0x000073b3   0x00000001   PAD
    0x000073b4   0x000073b4   0x0000006d   Data   RO         7257    .conststring        nrf_cli.o
    0x00007421   0x00007421   0x00000003   PAD
    0x00007424   0x00007424   0x00000065   Data   RO         7258    .conststring        nrf_cli.o
    0x00007489   0x00007489   0x00000003   PAD
    0x0000748c   0x0000748c   0x00000052   Data   RO         7259    .conststring        nrf_cli.o
    0x000074de   0x000074de   0x00000002   PAD
    0x000074e0   0x000074e0   0x0000004c   Data   RO         7260    .conststring        nrf_cli.o
    0x0000752c   0x0000752c   0x00000016   Data   RO         7261    .conststring        nrf_cli.o
    0x00007542   0x00007542   0x00000002   PAD
    0x00007544   0x00007544   0x00000028   Data   RO         7262    .conststring        nrf_cli.o
    0x0000756c   0x0000756c   0x0000001c   Data   RO         7263    .conststring        nrf_cli.o
    0x00007588   0x00007588   0x000000a7   Data   RO         7264    .conststring        nrf_cli.o
    0x0000762f   0x0000762f   0x00000001   PAD
    0x00007630   0x00007630   0x00000021   Data   RO         8397    .conststring        nrf_queue.o
    0x00007651   0x00007651   0x00000003   PAD
    0x00007654   0x00007654   0x00000006   Data   RO         8398    .conststring        nrf_queue.o
    0x0000765a   0x0000765a   0x00000002   PAD
    0x0000765c   0x0000765c   0x0000007c   Data   RO         8399    .conststring        nrf_queue.o
    0x000076d8   0x000076d8   0x0000000b   Data   RO         8905    .conststring        task_manager.o
    0x000076e3   0x000076e3   0x00000001   PAD
    0x000076e4   0x000076e4   0x00000029   Data   RO         8906    .conststring        task_manager.o
    0x0000770d   0x0000770d   0x00000003   PAD
    0x00007710   0x00007710   0x0000000c   Data   RO         1007    .conststrlit        nrf_drv_rng.o
    0x0000771c   0x0000771c   0x00000020   Data   RO        12530    Region$$Table       anon$$obj.o
    0x0000773c   0x0000773c   0x00000008   Data   RO          553    cli_command         nrf_mpu.o
    0x00007744   0x00007744   0x00000008   Data   RO         7119    cli_command         nrf_balloc.o
    0x0000774c   0x0000774c   0x00000020   Data   RO         7267    cli_command         nrf_cli.o
    0x0000776c   0x0000776c   0x00000008   Data   RO         8400    cli_command         nrf_queue.o
    0x00007774   0x00007774   0x00000008   Data   RO         8908    cli_command         task_manager.o
    0x0000777c   0x0000777c   0x00000018   Data   RO         1009    nrf_queue           nrf_drv_rng.o


    Execution Region RW_IRAM1 (Exec base: 0x20000000, Load base: 0x00007794, Size: 0x00005d28, Max: 0x00010000, ABSOLUTE, COMPRESSED[0x0000003c])

    Exec Addr    Load Addr    Size         Type   Attr      Idx    E Section Name        Object

    0x20000000   COMPRESSED   0x00000003   Data   RW           19    .data               main.o
    0x20000003   COMPRESSED   0x00000001   PAD
    0x20000004   COMPRESSED   0x00000040   Data   RW          552    .data               nrf_mpu.o
    0x20000044   COMPRESSED   0x0000000c   Data   RW         1505    .data               nrfx_clock.o
    0x20000050   COMPRESSED   0x0000000c   Data   RW         2270    .data               nrfx_power.o
    0x2000005c   COMPRESSED   0x00000028   Data   RW         2542    .data               nrfx_prs.o
    0x20000084   COMPRESSED   0x00000008   Data   RW         2741    .data               nrfx_qdec.o
    0x2000008c   COMPRESSED   0x00000008   Data   RW         2813    .data               nrfx_rng.o
    0x20000094   COMPRESSED   0x00000010   Data   RW         2886    .data               nrfx_rtc.o
    0x200000a4   COMPRESSED   0x0000000c   Data   RW         4345    .data               nrfx_wdt.o
    0x200000b0   COMPRESSED   0x00000014   Data   RW         5208    .data               app_timer.o
    0x200000c4   COMPRESSED   0x00000004   Data   RW         5439    .data               app_util_platform.o
    0x200000c8   COMPRESSED   0x00000030   Data   RW         5874    .data               fds.o
    0x200000f8   COMPRESSED   0x00000008   Data   RW         8907    .data               task_manager.o
    0x20000100   COMPRESSED   0x00000004   Data   RW        12301    .data               system_nrf52.o
    0x20000104   COMPRESSED   0x00000004   Data   RW        12523    .data               mc_w.l(mvars.o)
    0x20000108   COMPRESSED   0x00000004   Data   RW        12524    .data               mc_w.l(mvars.o)
    0x2000010c   COMPRESSED   0x00000004   Data   RW          554    cli_sorted_cmd_ptrs  nrf_mpu.o
    0x20000110   COMPRESSED   0x00000004   Data   RW         7120    cli_sorted_cmd_ptrs  nrf_balloc.o
    0x20000114   COMPRESSED   0x00000010   Data   RW         7268    cli_sorted_cmd_ptrs  nrf_cli.o
    0x20000124   COMPRESSED   0x00000004   Data   RW         8401    cli_sorted_cmd_ptrs  nrf_queue.o
    0x20000128   COMPRESSED   0x00000004   Data   RW         8909    cli_sorted_cmd_ptrs  task_manager.o
    0x2000012c   COMPRESSED   0x00000014   Data   RW         5875    fs_data             fds.o
    0x20000140        -       0x0000084c   Zero   RW           17    .bss                main.o
    0x2000098c        -       0x00000041   Zero   RW         1002    .bss                nrf_drv_rng.o
    0x200009cd   COMPRESSED   0x00000003   PAD
    0x200009d0        -       0x0000000c   Zero   RW         1003    .bss                nrf_drv_rng.o
    0x200009dc        -       0x00000018   Zero   RW         1077    .bss                nrf_drv_spi.o
    0x200009f4        -       0x0000005c   Zero   RW         1749    .bss                nrfx_gpiote.o
    0x20000a50        -       0x00000018   Zero   RW         1990    .bss                nrfx_i2s.o
    0x20000a68        -       0x00000018   Zero   RW         2167    .bss                nrfx_pdm.o
    0x20000a80        -       0x00000018   Zero   RW         2623    .bss                nrfx_pwm.o
    0x20000a98        -       0x00000030   Zero   RW         3008    .bss                nrfx_saadc.o
    0x20000ac8        -       0x0000006c   Zero   RW         3170    .bss                nrfx_spim.o
    0x20000b34        -       0x00000024   Zero   RW         3401    .bss                nrfx_swi.o
    0x20000b58        -       0x0000003c   Zero   RW         3509    .bss                nrfx_timer.o
    0x20000b94        -       0x0000010c   Zero   RW         5206    .bss                app_timer.o
    0x20000ca0        -       0x00000010   Zero   RW         5871    .bss                fds.o
    0x20000cb0        -       0x000000e0   Zero   RW         5872    .bss                fds.o
    0x20000d90   COMPRESSED   0x00000070   PAD
    0x20000e00        -       0x00000f24   Zero   RW         8901    .bss                task_manager.o
    0x20001d24   COMPRESSED   0x00000004   PAD
    0x20001d28        -       0x00002000   Zero   RW        12290    HEAP                arm_startup_nrf52.o
    0x20003d28        -       0x00002000   Zero   RW        12289    STACK               arm_startup_nrf52.o


==============================================================================

Image component sizes


      Code (inc. data)   RO Data    RW Data    ZI Data      Debug   Object Name

         0          0          0          0          0      26703   app_error_weak.o
         0          0          0          0          0      36658   app_gpiote.o
      1066         76          6         20        268      41344   app_timer.o
        44         10          0          4          0       3176   app_util_platform.o
        36          8        512          0      16384        900   arm_startup_nrf52.o
      7880         22         13          0          0      56441   bmi160.o
       176         10          8          0          0      41781   boards.o
         0          0          0          0          0       1504   bsp.o
      1978        192         24         68        240      32311   fds.o
        52         14          0          0          0        592   hardfault_handler_keil.o
        64         16          0          0          0       2918   hardfault_implementation.o
      1120        146        283          3       2124     112027   main.o
       244          0          0          0          0       3529   nrf_atfifo.o
       238          0          0          0          0       3065   nrf_atomic.o
       200         32        288          4          0      10136   nrf_balloc.o
      3718        602       1127         16          0      39259   nrf_cli.o
         0          0          0          0          0       6246   nrf_cli_uart.o
         0          0          0          0          0        392   nrf_drv_power.o
         0          0         36          0         77       9161   nrf_drv_rng.o
       168         18         16          0         24      15631   nrf_drv_spi.o
         0          0          0          0          0        560   nrf_drv_twi.o
        50          0          0          0          0       1897   nrf_fprintf.o
       850          4         16          0          0       5338   nrf_fprintf_format.o
       216          0          0          0          0       4701   nrf_fstorage.o
       142          0          0          0          0       3066   nrf_memobj.o
      1276        652        311         68          0      31723   nrf_mpu.o
       290         56        227          4          0       5818   nrf_queue.o
       118          6          0         12          0      34038   nrfx_clock.o
         0          0          0          0          0       2844   nrfx_comp.o
      1206         92          4          0         92      57060   nrfx_gpiote.o
       290          8          0          0         24       9929   nrfx_i2s.o
       272         20         24          0         24       7085   nrfx_pdm.o
       104          6          0         12          0       8854   nrfx_power.o
        14          0          0          0          0        633   nrfx_power_clock.o
       192         52          0         40          0       6138   nrfx_prs.o
       226         24          0          0         24      12846   nrfx_pwm.o
       188         16          0          8          0       6394   nrfx_qdec.o
        40         14          0          8          0       3069   nrfx_rng.o
       204         18          0         16          0       8616   nrfx_rtc.o
       380         22          0          0         48      12628   nrfx_saadc.o
       896         38         12          0        108      24116   nrfx_spim.o
        62          6          0          0         36       6391   nrfx_swi.o
       182         50          0          0         60      12493   nrfx_timer.o
        48         14          0         12          0       3821   nrfx_wdt.o
       796         70          0          4          0       2863   system_nrf52.o
       492        206        116         12       3876       5715   task_manager.o

    ----------------------------------------------------------------------
     25558       2524       3101        312      23528     722410   Object Totals
         0          0         32          0          0          0   (incl. Generated)
        40          4         46          1        119          0   (incl. Padding)

    ----------------------------------------------------------------------

      Code (inc. data)   RO Data    RW Data    ZI Data      Debug   Library Member Name

      1330          6          0          0          0      19914   arm_fir_f32.o
        58          0          0          0          0          0   __dczerorl.o
         8          4        133          0          0         68   ctype_o.o
         0          0          0          0          0          0   entry.o
         0          0          0          0          0          0   entry10a.o
         0          0          0          0          0          0   entry11a.o
         8          4          0          0          0          0   entry2.o
         4          0          0          0          0          0   entry5.o
         0          0          0          0          0          0   entry7b.o
         0          0          0          0          0          0   entry8b.o
         8          4          0          0          0          0   entry9a.o
        30          0          0          0          0          0   handlers.o
        36          8          0          0          0         68   init.o
       188         20          0          0          0        160   malloc.o
        64          0          0          0          0         76   memmovea.o
        36          0          0          0          0        108   memseta.o
         0          0          0          8          0          0   mvars.o
        28          0          0          0          0         76   strcmp.o
        14          0          0          0          0         68   strlen.o

    ----------------------------------------------------------------------
      1818         46        135          8          0      20538   Library Totals
         6          0          2          0          0          0   (incl. Padding)

    ----------------------------------------------------------------------

      Code (inc. data)   RO Data    RW Data    ZI Data      Debug   Library Name

      1330          6          0          0          0      19914   arm_cortexM4lf_math.lib
       482         40        133          8          0        624   mc_w.l

    ----------------------------------------------------------------------
      1818         46        135          8          0      20538   Library Totals

    ----------------------------------------------------------------------

==============================================================================


      Code (inc. data)   RO Data    RW Data    ZI Data      Debug   

     27376       2570       3236        320      23528     713524   Grand Totals
     27376       2570       3236         60      23528     713524   ELF Image Totals (compressed)
     27376       2570       3236         60          0          0   ROM Totals

==============================================================================

    Total RO  Size (Code + RO Data)                30612 (  29.89kB)
    Total RW  Size (RW Data + ZI Data)             23848 (  23.29kB)
    Total ROM Size (Code + RO Data + RW Data)      30672 (  29.95kB)

==============================================================================

