<html>
<body>
<pre>
<h1>µVision Build Log</h1>
<h2>Tool Versions:</h2>
IDE-Version: µVision V5.26.2.0
Copyright (C) 2018 ARM Ltd and ARM Germany GmbH. All rights reserved.
License Information: Luca Zelioli, Revontuli Coding, LIC=----
 
Tool Versions:
Toolchain:       MDK-Lite  Version: 5.26.2.0
Toolchain Path:  C:\Keil_v5\ARM\ARMCC\Bin
C Compiler:      Armcc.exe V5.06 update 6 (build 750)
Assembler:       Armasm.exe V5.06 update 6 (build 750)
Linker/Locator:  ArmLink.exe V5.06 update 6 (build 750)
Library Manager: ArmAr.exe V5.06 update 6 (build 750)
Hex Converter:   FromElf.exe V5.06 update 6 (build 750)
CPU DLL:         
Dialog DLL:      
Target DLL:      Segger\JL2CM3.dll V2.99.31.0
Dialog DLL:      TCM.DLL V1.36.1.0
 
<h2>Project:</h2>
C:\nRF5_SDK\examples\peripheral\template_project_dtek8081\pca10040\blank\arm5_no_packs\template_pca10040.uvprojx
Project File Date:  10/18/2018

<h2>Output:</h2>
*** Using Compiler 'V5.06 update 6 (build 750)', folder: 'C:\Keil_v5\ARM\ARMCC\Bin'
Build target 'nrf52832_xxaa'
compiling main.c...
C:\Users\zelio\OneDrive\UTU\Embedded IOT\lab 6\tmwtypes.h(265): warning:  #1-D: last line of file ends without a newline
  #endif  /* __TMWTYPES__ */
C:\Users\zelio\OneDrive\UTU\Embedded IOT\lab 6\fdacoefs.h(42): warning:  #1-D: last line of file ends without a newline
  };
..\..\..\main.c(34): warning:  #1295-D: Deprecated declaration compute_fir - give arg types
  void compute_fir(); 
..\..\..\main.c(46): warning:  #1295-D: Deprecated declaration config_gpio - give arg types
  uint32_t config_gpio();
..\..\..\main.c(315): warning:  #550-D: variable "errorSpi"  was set but never used
  	uint32_t errorSpi, errorSensor ; 
..\..\..\main.c(315): warning:  #550-D: variable "errorSensor"  was set but never used
  	uint32_t errorSpi, errorSensor ; 
..\..\..\main.c(316): warning:  #177-D: variable "result"  was declared but never referenced
  	int8_t result; 
..\..\..\main.c: 7 warnings, 0 errors
linking...
Program Size: Code=27376 RO-data=3236 RW-data=320 ZI-data=23528  
FromELF: creating hex file...
".\_build\nrf52832_xxaa.axf" - 0 Error(s), 7 Warning(s).

<h2>Software Packages used:</h2>

Package Vendor: ARM
                http://www.keil.com/pack/ARM.CMSIS.4.5.0.pack
                ARM.CMSIS.4.5.0
                CMSIS (Cortex Microcontroller Software Interface Standard)
   * Component: CORE Version: 4.3.0
   * Component: DSP Version: 1.4.6

Package Vendor: NordicSemiconductor
                http://developer.nordicsemi.com/nRF5_SDK/pieces/nRF_DeviceFamilyPack/NordicSemiconductor.nRF_DeviceFamilyPack.8.17.0.pack
                NordicSemiconductor.nRF_DeviceFamilyPack.8.17.0
                Nordic Semiconductor nRF ARM devices Device Family Pack.
   * Component: Startup Version: 8.17.0
   * Component: StartupConfig Version: 8.17.0

<h2>Collection of Component include folders:</h2>
  .\RTE\Device\nRF52832_xxAA
  .\RTE\_nrf52832_xxaa
  C:\Keil_v5\ARM\PACK\ARM\CMSIS\4.5.0\CMSIS\Include
  C:\Keil_v5\ARM\PACK\NordicSemiconductor\nRF_DeviceFamilyPack\8.17.0\Device\Include

<h2>Collection of Component Files used:</h2>

   * Component: ARM::CMSIS:CORE:4.3.0

   * Component: ARM::CMSIS:DSP:1.4.6
      Include file:  CMSIS\Include\arm_math.h
      Library file:  CMSIS\Lib\ARM\arm_cortexM4lf_math.lib

   * Component: NordicSemiconductor::Device:Startup:8.17.0
      Source file:   Device\Source\arm\arm_startup_nrf52.s
      Source file:   Device\Source\system_nrf52.c
      Include file:  Device\Include\system_nrf52.h

   * Component: NordicSemiconductor::Device:StartupConfig:8.17.0
      Include file:  Device\Source\startup_config.h
Build Time Elapsed:  00:00:02
</pre>
</body>
</html>
