Component: ARM Compiler 5.06 update 6 (build 750) Tool: armlink [4d35ed]

==============================================================================

Section Cross References

    main.o(i.assert_nrf_callback) refers to app_error_handler_keil.o(.emb_text) for app_error_handler
    main.o(i.ble_evt_handler) refers to bsp.o(i.bsp_indication_set) for bsp_indication_set
    main.o(i.ble_evt_handler) refers to app_error.o(i.app_error_handler_bare) for app_error_handler_bare
    main.o(i.ble_evt_handler) refers to nrf_ble_qwr.o(i.nrf_ble_qwr_conn_handle_assign) for nrf_ble_qwr_conn_handle_assign
    main.o(i.ble_evt_handler) refers to main.o(.data) for .data
    main.o(i.ble_evt_handler) refers to main.o(.bss) for .bss
    main.o(i.bmi160_spi_bus_read) refers to main.o(i.nrf_drv_spi_transfer) for nrf_drv_spi_transfer
    main.o(i.bmi160_spi_bus_read) refers to main.o(.data) for .data
    main.o(i.bmi160_spi_bus_read) refers to main.o(.bss) for .bss
    main.o(i.bmi160_spi_bus_read) refers to main.o(.constdata) for .constdata
    main.o(i.bmi160_spi_bus_write) refers to malloc.o(i.malloc) for malloc
    main.o(i.bmi160_spi_bus_write) refers to main.o(i.nrf_drv_spi_transfer) for nrf_drv_spi_transfer
    main.o(i.bmi160_spi_bus_write) refers to malloc.o(i.free) for free
    main.o(i.bmi160_spi_bus_write) refers to main.o(.data) for .data
    main.o(i.bmi160_spi_bus_write) refers to main.o(.constdata) for .constdata
    main.o(i.bsp_event_handler) refers to main.o(i.sleep_mode_enter) for sleep_mode_enter
    main.o(i.bsp_event_handler) refers to app_error.o(i.app_error_handler_bare) for app_error_handler_bare
    main.o(i.bsp_event_handler) refers to ble_advertising.o(i.ble_advertising_restart_without_whitelist) for ble_advertising_restart_without_whitelist
    main.o(i.bsp_event_handler) refers to main.o(.data) for .data
    main.o(i.bsp_event_handler) refers to main.o(.bss) for .bss
    main.o(i.config_gpio) refers to nrfx_gpiote.o(i.nrfx_gpiote_is_init) for nrfx_gpiote_is_init
    main.o(i.config_gpio) refers to nrfx_gpiote.o(i.nrfx_gpiote_init) for nrfx_gpiote_init
    main.o(i.config_gpio) refers to nrfx_gpiote.o(i.nrfx_gpiote_in_init) for nrfx_gpiote_in_init
    main.o(i.config_gpio) refers to nrfx_gpiote.o(i.nrfx_gpiote_in_event_enable) for nrfx_gpiote_in_event_enable
    main.o(i.config_gpio) refers to main.o(.constdata) for .constdata
    main.o(i.config_gpio) refers to main.o(i.interrupt_handler) for interrupt_handler
    main.o(i.conn_params_error_handler) refers to app_error.o(i.app_error_handler_bare) for app_error_handler_bare
    main.o(i.gatt_evt_handler) refers to main.o(.data) for .data
    main.o(i.gatt_init) refers to nrf_ble_gatt.o(i.nrf_ble_gatt_init) for nrf_ble_gatt_init
    main.o(i.gatt_init) refers to app_error.o(i.app_error_handler_bare) for app_error_handler_bare
    main.o(i.gatt_init) refers to nrf_ble_gatt.o(i.nrf_ble_gatt_att_mtu_periph_set) for nrf_ble_gatt_att_mtu_periph_set
    main.o(i.gatt_init) refers to main.o(i.gatt_evt_handler) for gatt_evt_handler
    main.o(i.gatt_init) refers to main.o(.bss) for .bss
    main.o(i.get_bmi160_fifo_data) refers to bmi160.o(i.bmi160_get_fifo_data) for bmi160_get_fifo_data
    main.o(i.get_bmi160_fifo_data) refers to bmi160.o(i.bmi160_extract_accel) for bmi160_extract_accel
    main.o(i.get_bmi160_fifo_data) refers to memcpya.o(.text) for __aeabi_memcpy4
    main.o(i.get_bmi160_fifo_data) refers to ble_nus.o(i.ble_nus_data_send) for ble_nus_data_send
    main.o(i.get_bmi160_fifo_data) refers to dflti.o(.text) for __aeabi_i2d
    main.o(i.get_bmi160_fifo_data) refers to printfa.o(i.__0sprintf) for __2sprintf
    main.o(i.get_bmi160_fifo_data) refers to main.o(.bss) for .bss
    main.o(i.get_bmi160_fifo_data) refers to main.o(.constdata) for .constdata
    main.o(i.get_bmi160_fifo_data) refers to main.o(.data) for .data
    main.o(i.interrupt_handler) refers to main.o(i.get_bmi160_fifo_data) for get_bmi160_fifo_data
    main.o(i.main) refers to boards.o(i.bsp_board_init) for bsp_board_init
    main.o(i.main) refers to main.o(i.spi_config) for spi_config
    main.o(i.main) refers to main.o(i.sensor_config) for sensor_config
    main.o(i.main) refers to memcpya.o(.text) for __aeabi_memcpy4
    main.o(i.main) refers to app_uart_fifo.o(i.app_uart_init) for app_uart_init
    main.o(i.main) refers to app_error.o(i.app_error_handler_bare) for app_error_handler_bare
    main.o(i.main) refers to app_timer.o(i.app_timer_init) for app_timer_init
    main.o(i.main) refers to bsp.o(i.bsp_init) for bsp_init
    main.o(i.main) refers to bsp_btn_ble.o(i.bsp_btn_ble_init) for bsp_btn_ble_init
    main.o(i.main) refers to nrf_pwr_mgmt.o(i.nrf_pwr_mgmt_init) for nrf_pwr_mgmt_init
    main.o(i.main) refers to nrf_sdh.o(i.nrf_sdh_enable_request) for nrf_sdh_enable_request
    main.o(i.main) refers to nrf_sdh_ble.o(i.nrf_sdh_ble_default_cfg_set) for nrf_sdh_ble_default_cfg_set
    main.o(i.main) refers to nrf_sdh_ble.o(i.nrf_sdh_ble_enable) for nrf_sdh_ble_enable
[...]
    release_event_at_push                    0x20002ad8   Data           4  bsp.o(.data)
    .data                                    0x20002adc   Section        8  bsp_btn_ble.o(.data)
    m_error_handler                          0x20002adc   Data           4  bsp_btn_ble.o(.data)
    m_num_connections                        0x20002ae0   Data           4  bsp_btn_ble.o(.data)
    .data                                    0x20002ae4   Section        8  ble_conn_params.o(.data)
    m_preferred_conn_params                  0x20002ae4   Data           8  ble_conn_params.o(.data)
    .data                                    0x20002aec   Section       12  nrf_drv_uart.o(.data)
    m_handlers                               0x20002af0   Data           4  nrf_drv_uart.o(.data)
    m_contexts                               0x20002af4   Data           4  nrf_drv_uart.o(.data)
    .data                                    0x20002af8   Section        8  nrfx_clock.o(.data)
    m_clock_cb                               0x20002af8   Data           8  nrfx_clock.o(.data)
    .data                                    0x20002b00   Section        8  nrfx_prs.o(.data)
    m_prs_box_4                              0x20002b00   Data           8  nrfx_prs.o(.data)
    .data                                    0x20002b08   Section       32  app_button.o(.data)
    m_button_count                           0x20002b08   Data           1  app_button.o(.data)
    mp_buttons                               0x20002b0c   Data           4  app_button.o(.data)
    m_detection_delay                        0x20002b10   Data           4  app_button.o(.data)
    m_pin_state                              0x20002b18   Data           8  app_button.o(.data)
    m_pin_transition                         0x20002b20   Data           8  app_button.o(.data)
    .data                                    0x20002b28   Section       20  app_timer.o(.data)
    m_ticks_elapsed_q_read_ind               0x20002b28   Data           1  app_timer.o(.data)
    m_ticks_elapsed_q_write_ind              0x20002b29   Data           1  app_timer.o(.data)
    m_rtc1_running                           0x20002b2a   Data           1  app_timer.o(.data)
    m_rtc1_reset                             0x20002b2b   Data           1  app_timer.o(.data)
    mp_timer_id_head                         0x20002b2c   Data           4  app_timer.o(.data)
    m_ticks_latest                           0x20002b30   Data           4  app_timer.o(.data)
    m_ticks_elapsed                          0x20002b34   Data           8  app_timer.o(.data)
    .data                                    0x20002b3c   Section       28  app_uart_fifo.o(.data)
    tx_buffer                                0x20002b3c   Data           1  app_uart_fifo.o(.data)
    rx_buffer                                0x20002b3d   Data           1  app_uart_fifo.o(.data)
    m_rx_ovf                                 0x20002b3e   Data           1  app_uart_fifo.o(.data)
    m_event_handler                          0x20002b40   Data           4  app_uart_fifo.o(.data)
    app_uart_inst                            0x20002b44   Data          20  app_uart_fifo.o(.data)
    .data                                    0x20002b58   Section        8  nrf_pwr_mgmt.o(.data)
    m_pwr_mgmt_evt                           0x20002b58   Data           1  nrf_pwr_mgmt.o(.data)
    m_shutdown_started                       0x20002b59   Data           1  nrf_pwr_mgmt.o(.data)
    m_sysoff_mtx                             0x20002b5c   Data           4  nrf_pwr_mgmt.o(.data)
    .data                                    0x20002b60   Section        4  retarget.o(.data)
    .data                                    0x20002b64   Section        3  nrf_sdh.o(.data)
    m_nrf_sdh_enabled                        0x20002b64   Data           1  nrf_sdh.o(.data)
    m_nrf_sdh_suspended                      0x20002b65   Data           1  nrf_sdh.o(.data)
    m_nrf_sdh_continue                       0x20002b66   Data           1  nrf_sdh.o(.data)
    .data                                    0x20002b67   Section        1  nrf_sdh_ble.o(.data)
    m_stack_is_enabled                       0x20002b67   Data           1  nrf_sdh_ble.o(.data)
    .data                                    0x20002b68   Section        4  system_nrf52.o(.data)
    __tagsym$$used                           0x20002b68   Number         0  system_nrf52.o(.data)
    .data                                    0x20002b6c   Section        4  mvars.o(.data)
    .data                                    0x20002b70   Section        4  mvars.o(.data)
    .bss                                     0x20002b74   Section     2548  main.o(.bss)
    data_array                               0x20002b74   Data         244  main.o(.bss)
    rx_buf                                   0x20002c68   Data         256  main.o(.bss)
    tx_buf                                   0x20002d68   Data         256  main.o(.bss)
    m_gatt                                   0x20002e68   Data          20  main.o(.bss)
    m_qwr                                    0x20002e7c   Data          12  main.o(.bss)
    m_advertising                            0x20002e88   Data         600  main.o(.bss)
    SPI_RX_Buffer                            0x20003310   Data         500  main.o(.bss)
    .bss                                     0x20003568   Section       32  bsp.o(.bss)
    m_bsp_leds_tmr_data                      0x20003568   Data          32  bsp.o(.bss)
    .bss                                     0x20003588   Section       32  bsp.o(.bss)
    m_bsp_alert_tmr_data                     0x20003588   Data          32  bsp.o(.bss)
    .bss                                     0x200035a8   Section       12  bsp.o(.bss)
    m_events_list                            0x200035a8   Data          12  bsp.o(.bss)
    .bss                                     0x200035b4   Section       32  bsp.o(.bss)
    m_bsp_button_tmr_data                    0x200035b4   Data          32  bsp.o(.bss)
    .bss                                     0x200035d4   Section       80  ble_conn_params.o(.bss)
    m_timer_data                             0x200035d4   Data          32  ble_conn_params.o(.bss)
    m_conn_params_instances                  0x200035f4   Data          20  ble_conn_params.o(.bss)
    m_conn_params_config                     0x20003608   Data          28  ble_conn_params.o(.bss)
    .bss                                     0x20003624   Section      120  ble_conn_state.o(.bss)
    m_bcs                                    0x20003624   Data         120  ble_conn_state.o(.bss)
    .bss                                     0x2000369c   Section       20  nrf_drv_clock.o(.bss)
    m_clock_cb                               0x2000369c   Data          20  nrf_drv_clock.o(.bss)
    .bss                                     0x200036b0   Section       92  nrfx_gpiote.o(.bss)
    m_cb                                     0x200036b0   Data          92  nrfx_gpiote.o(.bss)
    .bss                                     0x2000370c   Section       44  nrfx_uart.o(.bss)
    m_cb                                     0x2000370c   Data          44  nrfx_uart.o(.bss)
    .bss                                     0x20003738   Section       36  nrfx_uarte.o(.bss)
    m_cb                                     0x20003738   Data          36  nrfx_uarte.o(.bss)
    .bss                                     0x2000375c   Section       24  nrf_drv_spi.o(.bss)
    m_handlers                               0x2000375c   Data          12  nrf_drv_spi.o(.bss)
    m_contexts                               0x20003768   Data          12  nrf_drv_spi.o(.bss)
    .bss                                     0x20003774   Section       36  nrfx_spim.o(.bss)
    m_cb                                     0x20003774   Data          36  nrfx_spim.o(.bss)
    .bss                                     0x20003798   Section       32  app_button.o(.bss)
    m_detection_delay_timer_id_data          0x20003798   Data          32  app_button.o(.bss)
    .bss                                     0x200037b8   Section      268  app_timer.o(.bss)
    m_op_queue                               0x200037b8   Data         268  app_timer.o(.bss)
    .bss                                     0x200038c4   Section       32  app_uart_fifo.o(.bss)
    m_rx_fifo                                0x200038c4   Data          16  app_uart_fifo.o(.bss)
    m_tx_fifo                                0x200038d4   Data          16  app_uart_fifo.o(.bss)
    .bss                                     0x200038e4   Section       12  app_util_platform.o(.bss)
    .bss                                     0x200038f0   Section       12  nrf_pwr_mgmt.o(.bss)
    m_handlers_iter                          0x200038f0   Data          12  nrf_pwr_mgmt.o(.bss)
    HEAP                                     0x20003900   Section     8192  arm_startup_nrf52.o(HEAP)
    STACK                                    0x20005900   Section     8192  arm_startup_nrf52.o(STACK)

    Global Symbols

    Symbol Name                              Value     Ov Type        Size  Object(Section)

    BuildAttributes$$THM_ISAv4$E$P$D$K$B$S$7EM$VFPi3$EXTD16$VFPS$VFMA$PE$A:L22UL41UL21$X:L11$S22US41US21$IEEE1$IW$USESV6$~STKCKD$USESV7$~SHL$OSPACE$ROPI$EBA8$MICROLIB$REQ8$EABIv2 0x00000000   Number         0  anon$$obj.o ABSOLUTE
    __ARM_use_no_argv                        0x00000000   Number         0  main.o ABSOLUTE
    _printf_a                                0x00000000   Number         0  stubs.o ABSOLUTE
    _printf_c                                0x00000000   Number         0  stubs.o ABSOLUTE
    _printf_charcount                        0x00000000   Number         0  stubs.o ABSOLUTE
    _printf_d                                0x00000000   Number         0  stubs.o ABSOLUTE
    _printf_e                                0x00000000   Number         0  stubs.o ABSOLUTE
    _printf_f                                0x00000000   Number         0  stubs.o ABSOLUTE
    _printf_flags                            0x00000000   Number         0  stubs.o ABSOLUTE
    _printf_fp_dec                           0x00000000   Number         0  stubs.o ABSOLUTE
    _printf_fp_hex                           0x00000000   Number         0  stubs.o ABSOLUTE
    _printf_g                                0x00000000   Number         0  stubs.o ABSOLUTE
    _printf_i                                0x00000000   Number         0  stubs.o ABSOLUTE
    _printf_int_dec                          0x00000000   Number         0  stubs.o ABSOLUTE
    _printf_l                                0x00000000   Number         0  stubs.o ABSOLUTE
    _printf_lc                               0x00000000   Number         0  stubs.o ABSOLUTE
    _printf_ll                               0x00000000   Number         0  stubs.o ABSOLUTE
    _printf_lld                              0x00000000   Number         0  stubs.o ABSOLUTE
    _printf_lli                              0x00000000   Number         0  stubs.o ABSOLUTE
    _printf_llo                              0x00000000   Number         0  stubs.o ABSOLUTE
    _printf_llu                              0x00000000   Number         0  stubs.o ABSOLUTE
    _printf_llx                              0x00000000   Number         0  stubs.o ABSOLUTE
    _printf_longlong_dec                     0x00000000   Number         0  stubs.o ABSOLUTE
    _printf_longlong_hex                     0x00000000   Number         0  stubs.o ABSOLUTE
    _printf_longlong_oct                     0x00000000   Number         0  stubs.o ABSOLUTE
    _printf_ls                               0x00000000   Number         0  stubs.o ABSOLUTE
    _printf_mbtowc                           0x00000000   Number         0  stubs.o ABSOLUTE
    _printf_n                                0x00000000   Number         0  stubs.o ABSOLUTE
    _printf_o                                0x00000000   Number         0  stubs.o ABSOLUTE
    _printf_p                                0x00000000   Number         0  stubs.o ABSOLUTE
    _printf_percent                          0x00000000   Number         0  stubs.o ABSOLUTE
    _printf_pre_padding                      0x00000000   Number         0  stubs.o ABSOLUTE
    _printf_return_value                     0x00000000   Number         0  stubs.o ABSOLUTE
    _printf_s                                0x00000000   Number         0  stubs.o ABSOLUTE
    _printf_sizespec                         0x00000000   Number         0  stubs.o ABSOLUTE
    _printf_str                              0x00000000   Number         0  stubs.o ABSOLUTE
    _printf_truncate_signed                  0x00000000   Number         0  stubs.o ABSOLUTE
    _printf_truncate_unsigned                0x00000000   Number         0  stubs.o ABSOLUTE
    _printf_u                                0x00000000   Number         0  stubs.o ABSOLUTE
    _printf_wc                               0x00000000   Number         0  stubs.o ABSOLUTE
    _printf_wctomb                           0x00000000   Number         0  stubs.o ABSOLUTE
    _printf_widthprec                        0x00000000   Number         0  stubs.o ABSOLUTE
    _printf_x                                0x00000000   Number         0  stubs.o ABSOLUTE
    __cpp_initialize__aeabi_                  - Undefined Weak Reference
    __cxa_finalize                            - Undefined Weak Reference
    __decompress                              - Undefined Weak Reference
    _clock_init                               - Undefined Weak Reference
    _microlib_exit                            - Undefined Weak Reference
    pwr_mgmt_data0$$Base                      - Undefined Reference
    pwr_mgmt_data0$$Limit                     - Undefined Reference
    pwr_mgmt_data1$$Base                      - Undefined Reference
    pwr_mgmt_data1$$Limit                     - Undefined Reference
    pwr_mgmt_data2$$Base                      - Undefined Reference
    pwr_mgmt_data2$$Limit                     - Undefined Reference
    sdh_req_observers0$$Base                  - Undefined Reference
    sdh_req_observers0$$Limit                 - Undefined Reference
    sdh_req_observers1$$Base                  - Undefined Reference
    sdh_req_observers1$$Limit                 - Undefined Reference
    sdh_stack_observers1$$Base                - Undefined Reference
    sdh_stack_observers1$$Limit               - Undefined Reference
    sdh_state_observers1$$Base                - Undefined Reference
    sdh_state_observers1$$Limit               - Undefined Reference
    __Vectors_Size                           0x00000200   Number         0  arm_startup_nrf52.o ABSOLUTE
    __Vectors                                0x00026000   Data           4  arm_startup_nrf52.o(RESET)
    __Vectors_End                            0x00026200   Data           0  arm_startup_nrf52.o(RESET)
    __main                                   0x00026201   Thumb Code     0  entry.o(.ARM.Collect$$$$00000000)
    _main_stk                                0x00026201   Thumb Code     0  entry2.o(.ARM.Collect$$$$00000001)
    _main_scatterload                        0x00026205   Thumb Code     0  entry5.o(.ARM.Collect$$$$00000004)
    __main_after_scatterload                 0x00026209   Thumb Code     0  entry5.o(.ARM.Collect$$$$00000004)
    _main_clock                              0x00026209   Thumb Code     0  entry7b.o(.ARM.Collect$$$$00000008)
    _main_cpp_init                           0x00026209   Thumb Code     0  entry8b.o(.ARM.Collect$$$$0000000A)
    _main_init                               0x00026209   Thumb Code     0  entry9a.o(.ARM.Collect$$$$0000000B)
    __rt_final_cpp                           0x00026211   Thumb Code     0  entry10a.o(.ARM.Collect$$$$0000000D)
    __rt_final_exit                          0x00026211   Thumb Code     0  entry11a.o(.ARM.Collect$$$$0000000F)
    __asm___12_nrf_atomic_c_85ca2469__nrf_atomic_internal_mov 0x00026215   Thumb Code    24  nrf_atomic.o(.emb_text)
    __asm___12_nrf_atomic_c_85ca2469__nrf_atomic_internal_orr 0x0002622d   Thumb Code    26  nrf_atomic.o(.emb_text)
    __asm___12_nrf_atomic_c_85ca2469__nrf_atomic_internal_and 0x00026247   Thumb Code    26  nrf_atomic.o(.emb_text)
    __asm___12_nrf_atomic_c_85ca2469__nrf_atomic_internal_eor 0x00026261   Thumb Code    26  nrf_atomic.o(.emb_text)
    __asm___12_nrf_atomic_c_85ca2469__nrf_atomic_internal_add 0x0002627b   Thumb Code    26  nrf_atomic.o(.emb_text)
    __asm___12_nrf_atomic_c_85ca2469__nrf_atomic_internal_sub 0x00026295   Thumb Code    26  nrf_atomic.o(.emb_text)
    __asm___12_nrf_atomic_c_85ca2469__nrf_atomic_internal_cmp_exch 0x000262af   Thumb Code    42  nrf_atomic.o(.emb_text)
    __asm___12_nrf_atomic_c_85ca2469__nrf_atomic_internal_sub_hs 0x000262d9   Thumb Code    30  nrf_atomic.o(.emb_text)
    Reset_Handler                            0x000262f9   Thumb Code     8  arm_startup_nrf52.o(.text)
    NMI_Handler                              0x00026301   Thumb Code     2  arm_startup_nrf52.o(.text)
    HardFault_Handler                        0x00026303   Thumb Code     2  arm_startup_nrf52.o(.text)
    MemoryManagement_Handler                 0x00026305   Thumb Code     2  arm_startup_nrf52.o(.text)
    BusFault_Handler                         0x00026307   Thumb Code     2  arm_startup_nrf52.o(.text)
    UsageFault_Handler                       0x00026309   Thumb Code     2  arm_startup_nrf52.o(.text)
    SVC_Handler                              0x0002630b   Thumb Code     2  arm_startup_nrf52.o(.text)
    DebugMon_Handler                         0x0002630d   Thumb Code     2  arm_startup_nrf52.o(.text)
    PendSV_Handler                           0x0002630f   Thumb Code     2  arm_startup_nrf52.o(.text)
    SysTick_Handler                          0x00026311   Thumb Code     2  arm_startup_nrf52.o(.text)
    CCM_AAR_IRQHandler                       0x00026313   Thumb Code     0  arm_startup_nrf52.o(.text)
    COMP_LPCOMP_IRQHandler                   0x00026313   Thumb Code     0  arm_startup_nrf52.o(.text)
    ECB_IRQHandler                           0x00026313   Thumb Code     0  arm_startup_nrf52.o(.text)
    FPU_IRQHandler                           0x00026313   Thumb Code     0  arm_startup_nrf52.o(.text)
    I2S_IRQHandler                           0x00026313   Thumb Code     0  arm_startup_nrf52.o(.text)
    MWU_IRQHandler                           0x00026313   Thumb Code     0  arm_startup_nrf52.o(.text)
    NFCT_IRQHandler                          0x00026313   Thumb Code     0  arm_startup_nrf52.o(.text)
    PDM_IRQHandler                           0x00026313   Thumb Code     0  arm_startup_nrf52.o(.text)
    PWM0_IRQHandler                          0x00026313   Thumb Code     0  arm_startup_nrf52.o(.text)
    PWM1_IRQHandler                          0x00026313   Thumb Code     0  arm_startup_nrf52.o(.text)
    PWM2_IRQHandler                          0x00026313   Thumb Code     0  arm_startup_nrf52.o(.text)
    QDEC_IRQHandler                          0x00026313   Thumb Code     0  arm_startup_nrf52.o(.text)
    RADIO_IRQHandler                         0x00026313   Thumb Code     0  arm_startup_nrf52.o(.text)
    RNG_IRQHandler                           0x00026313   Thumb Code     0  arm_startup_nrf52.o(.text)
    RTC0_IRQHandler                          0x00026313   Thumb Code     0  arm_startup_nrf52.o(.text)
    RTC2_IRQHandler                          0x00026313   Thumb Code     0  arm_startup_nrf52.o(.text)
    SAADC_IRQHandler                         0x00026313   Thumb Code     0  arm_startup_nrf52.o(.text)
    SPIM1_SPIS1_TWIM1_TWIS1_SPI1_TWI1_IRQHandler 0x00026313   Thumb Code     0  arm_startup_nrf52.o(.text)
    SPIM2_SPIS2_SPI2_IRQHandler              0x00026313   Thumb Code     0  arm_startup_nrf52.o(.text)
    SWI1_EGU1_IRQHandler                     0x00026313   Thumb Code     0  arm_startup_nrf52.o(.text)
    SWI3_EGU3_IRQHandler                     0x00026313   Thumb Code     0  arm_startup_nrf52.o(.text)
    SWI4_EGU4_IRQHandler                     0x00026313   Thumb Code     0  arm_startup_nrf52.o(.text)
    SWI5_EGU5_IRQHandler                     0x00026313   Thumb Code     0  arm_startup_nrf52.o(.text)
    TEMP_IRQHandler                          0x00026313   Thumb Code     0  arm_startup_nrf52.o(.text)
    TIMER0_IRQHandler                        0x00026313   Thumb Code     0  arm_startup_nrf52.o(.text)
    TIMER1_IRQHandler                        0x00026313   Thumb Code     0  arm_startup_nrf52.o(.text)
    TIMER2_IRQHandler                        0x00026313   Thumb Code     0  arm_startup_nrf52.o(.text)
    TIMER3_IRQHandler                        0x00026313   Thumb Code     0  arm_startup_nrf52.o(.text)
    TIMER4_IRQHandler                        0x00026313   Thumb Code     0  arm_startup_nrf52.o(.text)
    WDT_IRQHandler                           0x00026313   Thumb Code     0  arm_startup_nrf52.o(.text)
    __aeabi_uldivmod                         0x0002631d   Thumb Code    98  uldiv.o(.text)
    __aeabi_llsl                             0x0002637f   Thumb Code    30  llshl.o(.text)
    _ll_shift_l                              0x0002637f   Thumb Code     0  llshl.o(.text)
    __aeabi_memcpy                           0x0002639d   Thumb Code    36  memcpya.o(.text)
    __aeabi_memcpy4                          0x0002639d   Thumb Code     0  memcpya.o(.text)
    __aeabi_memcpy8                          0x0002639d   Thumb Code     0  memcpya.o(.text)
    __aeabi_memset                           0x000263c1   Thumb Code    14  memseta.o(.text)
    __aeabi_memset4                          0x000263c1   Thumb Code     0  memseta.o(.text)
    __aeabi_memset8                          0x000263c1   Thumb Code     0  memseta.o(.text)
    __aeabi_memclr                           0x000263cf   Thumb Code     4  memseta.o(.text)
    __aeabi_memclr4                          0x000263cf   Thumb Code     0  memseta.o(.text)
    __aeabi_memclr8                          0x000263cf   Thumb Code     0  memseta.o(.text)
    _memset$wrapper                          0x000263d3   Thumb Code    18  memseta.o(.text)
    __aeabi_i2d                              0x000263e5   Thumb Code    34  dflti.o(.text)
    __aeabi_uidiv                            0x00026407   Thumb Code     0  uidiv.o(.text)
    __aeabi_uidivmod                         0x00026407   Thumb Code    44  uidiv.o(.text)
    __aeabi_llsr                             0x00026433   Thumb Code    32  llushr.o(.text)
    _ll_ushift_r                             0x00026433   Thumb Code     0  llushr.o(.text)
    __I$use$fp                               0x00026453   Thumb Code     0  iusefp.o(.text)
    _double_round                            0x00026453   Thumb Code    30  depilogue.o(.text)
    _double_epilogue                         0x00026471   Thumb Code   156  depilogue.o(.text)
    __aeabi_dadd                             0x0002650d   Thumb Code   322  dadd.o(.text)
    __aeabi_dsub                             0x0002664f   Thumb Code     6  dadd.o(.text)
    __aeabi_drsub                            0x00026655   Thumb Code     6  dadd.o(.text)
    __aeabi_dmul                             0x0002665b   Thumb Code   228  dmul.o(.text)
    __aeabi_ddiv                             0x0002673f   Thumb Code   222  ddiv.o(.text)
    __aeabi_d2ulz                            0x0002681d   Thumb Code    48  dfixul.o(.text)
    __aeabi_cdrcmple                         0x0002684d   Thumb Code    48  cdrcmple.o(.text)
    __scatterload                            0x0002687d   Thumb Code    28  init.o(.text)
    __scatterload_rt2                        0x0002687d   Thumb Code     0  init.o(.text)
    __aeabi_lasr                             0x000268a1   Thumb Code    36  llsshr.o(.text)
    _ll_sshift_r                             0x000268a1   Thumb Code     0  llsshr.o(.text)
    GPIOTE_IRQHandler                        0x000268c5   Thumb Code   346  nrfx_gpiote.o(i.GPIOTE_IRQHandler)
    POWER_CLOCK_IRQHandler                   0x00026a8d   Thumb Code    82  nrfx_clock.o(i.POWER_CLOCK_IRQHandler)
    RTC1_IRQHandler                          0x00026ae5   Thumb Code    32  app_timer.o(i.RTC1_IRQHandler)
    SPIM0_SPIS0_TWIM0_TWIS0_SPI0_TWI0_IRQHandler 0x00026b09   Thumb Code    76  nrfx_spim.o(i.SPIM0_SPIS0_TWIM0_TWIS0_SPI0_TWI0_IRQHandler)
    SWI0_EGU0_IRQHandler                     0x00026b5d   Thumb Code     4  app_timer.o(i.SWI0_EGU0_IRQHandler)
    SWI2_EGU2_IRQHandler                     0x00026b61   Thumb Code     4  nrf_sdh.o(i.SWI2_EGU2_IRQHandler)
    SystemInit                               0x00026b65   Thumb Code   726  system_nrf52.o(i.SystemInit)
    UARTE0_UART0_IRQHandler                  0x00026e81   Thumb Code     6  nrfx_prs.o(i.UARTE0_UART0_IRQHandler)
    __0printf                                0x00026e8d   Thumb Code    22  printfa.o(i.__0printf)
    __1printf                                0x00026e8d   Thumb Code     0  printfa.o(i.__0printf)
    __2printf                                0x00026e8d   Thumb Code     0  printfa.o(i.__0printf)
    __c89printf                              0x00026e8d   Thumb Code     0  printfa.o(i.__0printf)
    printf                                   0x00026e8d   Thumb Code     0  printfa.o(i.__0printf)
    __0sprintf                               0x00026ead   Thumb Code    34  printfa.o(i.__0sprintf)
    __1sprintf                               0x00026ead   Thumb Code     0  printfa.o(i.__0sprintf)
    __2sprintf                               0x00026ead   Thumb Code     0  printfa.o(i.__0sprintf)
    __c89sprintf                             0x00026ead   Thumb Code     0  printfa.o(i.__0sprintf)
    sprintf                                  0x00026ead   Thumb Code     0  printfa.o(i.__0sprintf)
    __scatterload_copy                       0x00026ed5   Thumb Code    14  handlers.o(i.__scatterload_copy)
    __scatterload_null                       0x00026ee3   Thumb Code     2  handlers.o(i.__scatterload_null)
    __scatterload_zeroinit                   0x00026ee5   Thumb Code    14  handlers.o(i.__scatterload_zeroinit)
    app_button_enable                        0x00027811   Thumb Code    32  app_button.o(i.app_button_enable)
    app_button_init                          0x00027835   Thumb Code   102  app_button.o(i.app_button_init)
    app_error_fault_handler                  0x000278ad   Thumb Code    40  app_error_weak.o(i.app_error_fault_handler)
    app_error_handler_bare                   0x000278dd   Thumb Code    22  app_error.o(i.app_error_handler_bare)
    app_fifo_get                             0x000278f3   Thumb Code    22  app_fifo.o(i.app_fifo_get)
    app_fifo_init                            0x00027909   Thumb Code    32  app_fifo.o(i.app_fifo_init)
    app_fifo_put                             0x00027929   Thumb Code    26  app_fifo.o(i.app_fifo_put)
    app_timer_create                         0x00027945   Thumb Code    36  app_timer.o(i.app_timer_create)
    app_timer_init                           0x0002796d   Thumb Code    70  app_timer.o(i.app_timer_init)
    app_timer_start                          0x000279c1   Thumb Code   128  app_timer.o(i.app_timer_start)
    app_timer_stop                           0x00027a49   Thumb Code    26  app_timer.o(i.app_timer_stop)
    app_uart_get                             0x00027a69   Thumb Code    42  app_uart_fifo.o(i.app_uart_get)
    app_uart_init                            0x00027a9d   Thumb Code   148  app_uart_fifo.o(i.app_uart_init)
    app_uart_put                             0x00027b41   Thumb Code    70  app_uart_fifo.o(i.app_uart_put)
    app_util_critical_region_enter           0x00027b95   Thumb Code    64  app_util_platform.o(i.app_util_critical_region_enter)
    app_util_critical_region_exit            0x00027bdd   Thumb Code    46  app_util_platform.o(i.app_util_critical_region_exit)
    blcm_link_ctx_get                        0x00027d21   Thumb Code    72  ble_link_ctx_manager.o(i.blcm_link_ctx_get)
    ble_advdata_encode                       0x00027d69   Thumb Code   386  ble_advdata.o(i.ble_advdata_encode)
    ble_advdata_parse                        0x00027eeb   Thumb Code    32  ble_advdata.o(i.ble_advdata_parse)
    ble_advdata_search                       0x00027f0b   Thumb Code    56  ble_advdata.o(i.ble_advdata_search)
    ble_advertising_conn_cfg_tag_set         0x00027f43   Thumb Code     6  ble_advertising.o(i.ble_advertising_conn_cfg_tag_set)
    ble_advertising_init                     0x00027f49   Thumb Code   284  ble_advertising.o(i.ble_advertising_init)
    ble_advertising_on_ble_evt               0x00028065   Thumb Code   106  ble_advertising.o(i.ble_advertising_on_ble_evt)
    ble_advertising_on_sys_evt               0x000280cf   Thumb Code     2  ble_advertising.o(i.ble_advertising_on_sys_evt)
    ble_advertising_restart_without_whitelist 0x000280d1   Thumb Code    58  ble_advertising.o(i.ble_advertising_restart_without_whitelist)
    ble_advertising_start                    0x0002810b   Thumb Code   556  ble_advertising.o(i.ble_advertising_start)
    ble_conn_params_init                     0x00028339   Thumb Code    90  ble_conn_params.o(i.ble_conn_params_init)
    ble_conn_state_conn_idx                  0x000283a1   Thumb Code    18  ble_conn_state.o(i.ble_conn_state_conn_idx)
    ble_conn_state_valid                     0x000283b5   Thumb Code    16  ble_conn_state.o(i.ble_conn_state_valid)
    ble_nus_data_send                        0x0002872d   Thumb Code   102  ble_nus.o(i.ble_nus_data_send)
    ble_nus_init                             0x00028795   Thumb Code   206  ble_nus.o(i.ble_nus_init)
    ble_nus_on_ble_evt                       0x00028869   Thumb Code   112  ble_nus.o(i.ble_nus_on_ble_evt)
    ble_srv_is_notification_enabled          0x000288d9   Thumb Code     8  ble_srv_common.o(i.ble_srv_is_notification_enabled)
    bmi160_extract_accel                     0x000288e1   Thumb Code   128  bmi160.o(i.bmi160_extract_accel)
    bmi160_get_fifo_data                     0x00028961   Thumb Code   138  bmi160.o(i.bmi160_get_fifo_data)
    bmi160_get_regs                          0x000289eb   Thumb Code    58  bmi160.o(i.bmi160_get_regs)
    bmi160_init                              0x00028a25   Thumb Code    92  bmi160.o(i.bmi160_init)
    bmi160_set_fifo_config                   0x00028a81   Thumb Code   128  bmi160.o(i.bmi160_set_fifo_config)
    bmi160_set_fifo_wm                       0x00028b01   Thumb Code    28  bmi160.o(i.bmi160_set_fifo_wm)
    bmi160_set_int_config                    0x00028b1d   Thumb Code   364  bmi160.o(i.bmi160_set_int_config)
    bmi160_set_power_mode                    0x00028c89   Thumb Code   174  bmi160.o(i.bmi160_set_power_mode)
    bmi160_set_regs                          0x00028d37   Thumb Code   126  bmi160.o(i.bmi160_set_regs)
    bmi160_set_sens_conf                     0x00028db5   Thumb Code   230  bmi160.o(i.bmi160_set_sens_conf)
    bmi160_soft_reset                        0x00028e9b   Thumb Code   110  bmi160.o(i.bmi160_soft_reset)
    bmi160_spi_bus_read                      0x00028f09   Thumb Code    74  main.o(i.bmi160_spi_bus_read)
    bmi160_spi_bus_write                     0x00028f61   Thumb Code    92  main.o(i.bmi160_spi_bus_write)
    bsp_board_button_idx_to_pin              0x00028fc5   Thumb Code     6  boards.o(i.bsp_board_button_idx_to_pin)
    bsp_board_button_state_get               0x00028fd1   Thumb Code    28  boards.o(i.bsp_board_button_state_get)
    bsp_board_init                           0x00028ff1   Thumb Code    80  boards.o(i.bsp_board_init)
    bsp_board_led_invert                     0x00029045   Thumb Code    32  boards.o(i.bsp_board_led_invert)
    bsp_board_led_off                        0x00029069   Thumb Code    10  boards.o(i.bsp_board_led_off)
    bsp_board_led_on                         0x00029079   Thumb Code    10  boards.o(i.bsp_board_led_on)
    bsp_board_led_state_get                  0x00029089   Thumb Code    28  boards.o(i.bsp_board_led_state_get)
    bsp_board_leds_off                       0x000290a9   Thumb Code    18  boards.o(i.bsp_board_leds_off)
    bsp_board_leds_on                        0x000290bb   Thumb Code    18  boards.o(i.bsp_board_leds_on)
    bsp_board_pin_to_button_idx              0x000290cd   Thumb Code    30  boards.o(i.bsp_board_pin_to_button_idx)
    bsp_btn_ble_init                         0x000290f1   Thumb Code    52  bsp_btn_ble.o(i.bsp_btn_ble_init)
    bsp_btn_ble_sleep_mode_prepare           0x00029129   Thumb Code    30  bsp_btn_ble.o(i.bsp_btn_ble_sleep_mode_prepare)
    bsp_button_is_pressed                    0x000291d9   Thumb Code    12  bsp.o(i.bsp_button_is_pressed)
    bsp_event_handler                        0x000291e5   Thumb Code    66  main.o(i.bsp_event_handler)
    bsp_event_to_button_action_assign        0x00029231   Thumb Code    64  bsp.o(i.bsp_event_to_button_action_assign)
    bsp_indication_set                       0x00029275   Thumb Code    20  bsp.o(i.bsp_indication_set)
    bsp_init                                 0x0002928d   Thumb Code   128  bsp.o(i.bsp_init)
    bsp_wakeup_button_enable                 0x000294e9   Thumb Code     6  bsp.o(i.bsp_wakeup_button_enable)
    characteristic_add                       0x0002956d   Thumb Code   400  ble_srv_common.o(i.characteristic_add)
    conn_handle_list_get                     0x00029d39   Thumb Code    62  ble_conn_state.o(i.conn_handle_list_get)
    fputc                                    0x0002a0d1   Thumb Code    14  retarget.o(i.fputc)
    free                                     0x0002a0e1   Thumb Code    76  malloc.o(i.free)
    gatt_evt_handler                         0x0002a131   Thumb Code    28  main.o(i.gatt_evt_handler)
    gatt_init                                0x0002a151   Thumb Code    38  main.o(i.gatt_init)
    get_bmi160_fifo_data                     0x0002a1d5   Thumb Code   234  main.o(i.get_bmi160_fifo_data)
    main                                     0x0002a5a5   Thumb Code   430  main.o(i.main)
    malloc                                   0x0002a7ad   Thumb Code    92  malloc.o(i.malloc)
    nrf_atflags_clear                        0x0002aa2b   Thumb Code    22  nrf_atflags.o(i.nrf_atflags_clear)
    nrf_atflags_get                          0x0002aa41   Thumb Code    22  nrf_atflags.o(i.nrf_atflags_get)
    nrf_atflags_set                          0x0002aa57   Thumb Code    20  nrf_atflags.o(i.nrf_atflags_set)
    nrf_atomic_u32_and                       0x0002aa6b   Thumb Code    12  nrf_atomic.o(i.nrf_atomic_u32_and)
    nrf_atomic_u32_or                        0x0002aa77   Thumb Code    12  nrf_atomic.o(i.nrf_atomic_u32_or)
    nrf_ble_gatt_att_mtu_periph_set          0x0002aaa7   Thumb Code    24  nrf_ble_gatt.o(i.nrf_ble_gatt_att_mtu_periph_set)
    nrf_ble_gatt_init                        0x0002aabf   Thumb Code    34  nrf_ble_gatt.o(i.nrf_ble_gatt_init)
    nrf_ble_gatt_on_ble_evt                  0x0002aae1   Thumb Code   366  nrf_ble_gatt.o(i.nrf_ble_gatt_on_ble_evt)
    nrf_ble_qwr_conn_handle_assign           0x0002ac55   Thumb Code    22  nrf_ble_qwr.o(i.nrf_ble_qwr_conn_handle_assign)
    nrf_ble_qwr_init                         0x0002ac6b   Thumb Code    36  nrf_ble_qwr.o(i.nrf_ble_qwr_init)
    nrf_ble_qwr_on_ble_evt                   0x0002ac8f   Thumb Code   182  nrf_ble_qwr.o(i.nrf_ble_qwr_on_ble_evt)
    nrf_drv_clock_init                       0x0002ad85   Thumb Code    48  nrf_drv_clock.o(i.nrf_drv_clock_init)
    nrf_drv_clock_lfclk_release              0x0002adbd   Thumb Code    42  nrf_drv_clock.o(i.nrf_drv_clock_lfclk_release)
    nrf_drv_spi_init                         0x0002aded   Thumb Code    98  nrf_drv_spi.o(i.nrf_drv_spi_init)
    nrf_drv_uart_init                        0x0002ae75   Thumb Code    90  nrf_drv_uart.o(i.nrf_drv_uart_init)
    nrf_pwr_mgmt_init                        0x0002b0d1   Thumb Code    28  nrf_pwr_mgmt.o(i.nrf_pwr_mgmt_init)
    nrf_pwr_mgmt_run                         0x0002b0f9   Thumb Code    64  nrf_pwr_mgmt.o(i.nrf_pwr_mgmt_run)
    nrf_sdh_ble_app_ram_start_get            0x0002b141   Thumb Code    16  nrf_sdh_ble.o(i.nrf_sdh_ble_app_ram_start_get)
    nrf_sdh_ble_default_cfg_set              0x0002b155   Thumb Code   156  nrf_sdh_ble.o(i.nrf_sdh_ble_default_cfg_set)
    nrf_sdh_ble_enable                       0x0002b1f1   Thumb Code    14  nrf_sdh_ble.o(i.nrf_sdh_ble_enable)
    nrf_sdh_enable_request                   0x0002b265   Thumb Code   102  nrf_sdh.o(i.nrf_sdh_enable_request)
    nrf_sdh_evts_poll                        0x0002b2d9   Thumb Code    32  nrf_sdh.o(i.nrf_sdh_evts_poll)
    nrf_sdh_is_enabled                       0x0002b2fd   Thumb Code     6  nrf_sdh.o(i.nrf_sdh_is_enabled)
    nrf_section_iter_init                    0x0002b345   Thumb Code    10  nrf_section_iter.o(i.nrf_section_iter_init)
    nrf_section_iter_next                    0x0002b373   Thumb Code    32  nrf_section_iter.o(i.nrf_section_iter_next)
    nrfx_clock_enable                        0x0002b3d5   Thumb Code    38  nrfx_clock.o(i.nrfx_clock_enable)
    nrfx_clock_init                          0x0002b405   Thumb Code    26  nrfx_clock.o(i.nrfx_clock_init)
    nrfx_clock_lfclk_stop                    0x0002b425   Thumb Code    20  nrfx_clock.o(i.nrfx_clock_lfclk_stop)
    nrfx_gpiote_in_event_enable              0x0002b451   Thumb Code   156  nrfx_gpiote.o(i.nrfx_gpiote_in_event_enable)
    nrfx_gpiote_in_init                      0x0002b4f5   Thumb Code   194  nrfx_gpiote.o(i.nrfx_gpiote_in_init)
    nrfx_gpiote_in_is_set                    0x0002b5c5   Thumb Code    20  nrfx_gpiote.o(i.nrfx_gpiote_in_is_set)
    nrfx_gpiote_init                         0x0002b5d9   Thumb Code    98  nrfx_gpiote.o(i.nrfx_gpiote_init)
    nrfx_gpiote_is_init                      0x0002b649   Thumb Code    14  nrfx_gpiote.o(i.nrfx_gpiote_is_init)
    nrfx_prs_acquire                         0x0002b67d   Thumb Code    58  nrfx_prs.o(i.nrfx_prs_acquire)
    nrfx_spim_init                           0x0002b6b9   Thumb Code   366  nrfx_spim.o(i.nrfx_spim_init)
    nrfx_spim_xfer                           0x0002b831   Thumb Code    94  nrfx_spim.o(i.nrfx_spim_xfer)
    nrfx_uart_0_irq_handler                  0x0002b895   Thumb Code     8  nrfx_uart.o(i.nrfx_uart_0_irq_handler)
    nrfx_uart_init                           0x0002b8a5   Thumb Code   200  nrfx_uart.o(i.nrfx_uart_init)
    nrfx_uart_rx                             0x0002b979   Thumb Code   230  nrfx_uart.o(i.nrfx_uart_rx)
    nrfx_uart_tx                             0x0002ba65   Thumb Code   160  nrfx_uart.o(i.nrfx_uart_tx)
    nrfx_uart_tx_in_progress                 0x0002bb09   Thumb Code    26  nrfx_uart.o(i.nrfx_uart_tx_in_progress)
    nrfx_uarte_0_irq_handler                 0x0002bb29   Thumb Code     8  nrfx_uarte.o(i.nrfx_uarte_0_irq_handler)
    nrfx_uarte_init                          0x0002bb39   Thumb Code   100  nrfx_uarte.o(i.nrfx_uarte_init)
    nrfx_uarte_rx                            0x0002bba5   Thumb Code   256  nrfx_uarte.o(i.nrfx_uarte_rx)
    nrfx_uarte_tx                            0x0002bca9   Thumb Code   138  nrfx_uarte.o(i.nrfx_uarte_tx)
    nrfx_uarte_tx_in_progress                0x0002bd39   Thumb Code    22  nrfx_uarte.o(i.nrfx_uarte_tx_in_progress)
    sensor_config                            0x0002c111   Thumb Code   134  main.o(i.sensor_config)
    spi_config                               0x0002c919   Thumb Code    52  main.o(i.spi_config)
    spi_event_handler                        0x0002c955   Thumb Code     8  main.o(i.spi_event_handler)
    uart_event_handle                        0x0002cc69   Thumb Code   112  main.o(i.uart_event_handle)
    m_ram_start                              0x0002d574   Data           4  nrf_sdh_ble.o(.constdata)
    int_mask_lookup_table                    0x0002d5a0   Data          13  bmi160.o(.constdata)
    Region$$Table$$Base                      0x0002d5b0   Number         0  anon$$obj.o(Region$$Table)
    Region$$Table$$Limit                     0x0002d5d0   Number         0  anon$$obj.o(Region$$Table)
    sdh_ble_observers0$$Base                 0x0002d5d0   Number         0  ble_conn_state.o(sdh_ble_observers0)
    sdh_ble_observers0$$Limit                0x0002d5d8   Number         0  ble_conn_state.o(sdh_ble_observers0)
    sdh_ble_observers1$$Base                 0x0002d5d8   Number         0  main.o(sdh_ble_observers1)
    sdh_ble_observers1$$Limit                0x0002d5f8   Number         0  ble_conn_params.o(sdh_ble_observers1)
    sdh_ble_observers2$$Base                 0x0002d5f8   Number         0  main.o(sdh_ble_observers2)
    sdh_ble_observers2$$Limit                0x0002d608   Number         0  main.o(sdh_ble_observers2)
    sdh_ble_observers3$$Base                 0x0002d608   Number         0  main.o(sdh_ble_observers3)
    sdh_ble_observers3$$Limit                0x0002d610   Number         0  main.o(sdh_ble_observers3)
    sdh_soc_observers0$$Base                 0x0002d610   Number         0  nrf_drv_clock.o(sdh_soc_observers0)
    sdh_soc_observers0$$Limit                0x0002d618   Number         0  nrf_drv_clock.o(sdh_soc_observers0)
    sdh_soc_observers1$$Base                 0x0002d618   Number         0  main.o(sdh_soc_observers1)
    sdh_soc_observers1$$Limit                0x0002d620   Number         0  main.o(sdh_soc_observers1)
    sdh_stack_observers0$$Base               0x0002d620   Number         0  nrf_sdh_ble.o(sdh_stack_observers0)
    sdh_stack_observers0$$Limit              0x0002d630   Number         0  nrf_sdh_soc.o(sdh_stack_observers0)
    sdh_state_observers0$$Base               0x0002d630   Number         0  nrf_drv_clock.o(sdh_state_observers0)
    sdh_state_observers0$$Limit              0x0002d638   Number         0  nrf_drv_clock.o(sdh_state_observers0)
    Image$$RW_IRAM1$$Base                    0x20002a98   Number         0  anon$$obj.o ABSOLUTE
    nrf_drv_uart_use_easy_dma                0x20002aec   Data           1  nrf_drv_uart.o(.data)
    __stdout                                 0x20002b60   Data           4  retarget.o(.data)
    SystemCoreClock                          0x20002b68   Data           4  system_nrf52.o(.data)
    __microlib_freelist                      0x20002b6c   Data           4  mvars.o(.data)
    __microlib_freelist_initialised          0x20002b70   Data           4  mvars.o(.data)
    fifo_buff                                0x200030e0   Data         200  main.o(.bss)
    fifo_frame                               0x200031a8   Data          24  main.o(.bss)
    acc_data                                 0x200031c0   Data         336  main.o(.bss)
    sensor                                   0x20003504   Data          40  main.o(.bss)
    bufferX                                  0x2000352c   Data          20  main.o(.bss)
    bufferY                                  0x20003540   Data          20  main.o(.bss)
    bufferZ                                  0x20003554   Data          20  main.o(.bss)
    nrf_nvic_state                           0x200038e4   Data          12  app_util_platform.o(.bss)
    __heap_base                              0x20003900   Data           0  arm_startup_nrf52.o(HEAP)
    __heap_limit                             0x20005900   Data           0  arm_startup_nrf52.o(HEAP)
    __initial_sp                             0x20007900   Data           0  arm_startup_nrf52.o(STACK)



==============================================================================

Memory Map of the image

  Image Entry point : 0x00026201

  Load Region LR_IROM1 (Base: 0x00026000, Size: 0x00007714, Max: 0x0005a000, ABSOLUTE)

    Execution Region ER_IROM1 (Exec base: 0x00026000, Load base: 0x00026000, Size: 0x00007638, Max: 0x0005a000, ABSOLUTE)

    Exec Addr    Load Addr    Size         Type   Attr      Idx    E Section Name        Object

    0x00026000   0x00026000   0x00000200   Data   RO         5088    RESET               arm_startup_nrf52.o
    0x00026200   0x00026200   0x00000000   Code   RO         5129  * .ARM.Collect$$$$00000000  mc_w.l(entry.o)
    0x00026200   0x00026200   0x00000004   Code   RO         5439    .ARM.Collect$$$$00000001  mc_w.l(entry2.o)
    0x00026204   0x00026204   0x00000004   Code   RO         5442    .ARM.Collect$$$$00000004  mc_w.l(entry5.o)
    0x00026208   0x00026208   0x00000000   Code   RO         5444    .ARM.Collect$$$$00000008  mc_w.l(entry7b.o)
    0x00026208   0x00026208   0x00000000   Code   RO         5446    .ARM.Collect$$$$0000000A  mc_w.l(entry8b.o)
    0x00026208   0x00026208   0x00000008   Code   RO         5447    .ARM.Collect$$$$0000000B  mc_w.l(entry9a.o)
    0x00026210   0x00026210   0x00000000   Code   RO         5449    .ARM.Collect$$$$0000000D  mc_w.l(entry10a.o)
    0x00026210   0x00026210   0x00000000   Code   RO         5451    .ARM.Collect$$$$0000000F  mc_w.l(entry11a.o)
    0x00026210   0x00026210   0x00000004   Code   RO         5440    .ARM.Collect$$$$00002712  mc_w.l(entry2.o)
    0x00026214   0x00026214   0x000000e2   Code   RO         3512    .emb_text           nrf_atomic.o
    0x000262f6   0x000262f6   0x00000002   PAD
    0x000262f8   0x000262f8   0x00000024   Code   RO         5089    .text               arm_startup_nrf52.o
    0x0002631c   0x0002631c   0x00000062   Code   RO         5132    .text               mc_w.l(uldiv.o)
    0x0002637e   0x0002637e   0x0000001e   Code   RO         5134    .text               mc_w.l(llshl.o)
    0x0002639c   0x0002639c   0x00000024   Code   RO         5136    .text               mc_w.l(memcpya.o)
    0x000263c0   0x000263c0   0x00000024   Code   RO         5138    .text               mc_w.l(memseta.o)
    0x000263e4   0x000263e4   0x00000022   Code   RO         5437    .text               mf_w.l(dflti.o)
    0x00026406   0x00026406   0x0000002c   Code   RO         5453    .text               mc_w.l(uidiv.o)
    0x00026432   0x00026432   0x00000020   Code   RO         5455    .text               mc_w.l(llushr.o)
    0x00026452   0x00026452   0x00000000   Code   RO         5459    .text               mc_w.l(iusefp.o)
    0x00026452   0x00026452   0x000000ba   Code   RO         5460    .text               mf_w.l(depilogue.o)
    0x0002650c   0x0002650c   0x0000014e   Code   RO         5462    .text               mf_w.l(dadd.o)
    0x0002665a   0x0002665a   0x000000e4   Code   RO         5464    .text               mf_w.l(dmul.o)
    0x0002673e   0x0002673e   0x000000de   Code   RO         5466    .text               mf_w.l(ddiv.o)
    0x0002681c   0x0002681c   0x00000030   Code   RO         5468    .text               mf_w.l(dfixul.o)
    0x0002684c   0x0002684c   0x00000030   Code   RO         5470    .text               mf_w.l(cdrcmple.o)
    0x0002687c   0x0002687c   0x00000024   Code   RO         5472    .text               mc_w.l(init.o)
    0x000268a0   0x000268a0   0x00000024   Code   RO         5474    .text               mc_w.l(llsshr.o)
    0x000268c4   0x000268c4   0x00000164   Code   RO         1873    i.GPIOTE_IRQHandler  nrfx_gpiote.o
    0x00026a28   0x00026a28   0x00000016   Code   RO         3004    i.NVIC_ClearPendingIRQ  app_timer.o
    0x00026a3e   0x00026a3e   0x00000016   Code   RO         3005    i.NVIC_EnableIRQ    app_timer.o
    0x00026a54   0x00026a54   0x00000016   Code   RO         3006    i.NVIC_SetPendingIRQ  app_timer.o
    0x00026a6a   0x00026a6a   0x00000020   Code   RO         3007    i.NVIC_SetPriority  app_timer.o
    0x00026a8a   0x00026a8a   0x00000002   PAD
    0x00026a8c   0x00026a8c   0x00000058   Code   RO         1741    i.POWER_CLOCK_IRQHandler  nrfx_clock.o
    0x00026ae4   0x00026ae4   0x00000024   Code   RO         3008    i.RTC1_IRQHandler   app_timer.o
    0x00026b08   0x00026b08   0x00000054   Code   RO         2610    i.SPIM0_SPIS0_TWIM0_TWIS0_SPI0_TWI0_IRQHandler  nrfx_spim.o
    0x00026b5c   0x00026b5c   0x00000004   Code   RO         3009    i.SWI0_EGU0_IRQHandler  app_timer.o
    0x00026b60   0x00026b60   0x00000004   Code   RO         4442    i.SWI2_EGU2_IRQHandler  nrf_sdh.o
    0x00026b64   0x00026b64   0x0000031c   Code   RO         5097    i.SystemInit        system_nrf52.o
    0x00026e80   0x00026e80   0x0000000c   Code   RO         2172    i.UARTE0_UART0_IRQHandler  nrfx_prs.o
    0x00026e8c   0x00026e8c   0x00000020   Code   RO         5381    i.__0printf         mc_w.l(printfa.o)
    0x00026eac   0x00026eac   0x00000028   Code   RO         5383    i.__0sprintf        mc_w.l(printfa.o)
    0x00026ed4   0x00026ed4   0x0000000e   Code   RO         5478    i.__scatterload_copy  mc_w.l(handlers.o)
    0x00026ee2   0x00026ee2   0x00000002   Code   RO         5479    i.__scatterload_null  mc_w.l(handlers.o)
    0x00026ee4   0x00026ee4   0x0000000e   Code   RO         5480    i.__scatterload_zeroinit  mc_w.l(handlers.o)
    0x00026ef2   0x00026ef2   0x00000002   PAD
    0x00026ef4   0x00026ef4   0x00000024   Code   RO         4443    i.__sd_nvic_app_accessible_irq  nrf_sdh.o
    0x00026f18   0x00026f18   0x00000184   Code   RO         5388    i._fp_digits        mc_w.l(printfa.o)
    0x0002709c   0x0002709c   0x000006dc   Code   RO         5389    i._printf_core      mc_w.l(printfa.o)
    0x00027778   0x00027778   0x00000024   Code   RO         5390    i._printf_post_padding  mc_w.l(printfa.o)
    0x0002779c   0x0002779c   0x0000002e   Code   RO         5391    i._printf_pre_padding  mc_w.l(printfa.o)
    0x000277ca   0x000277ca   0x0000000a   Code   RO         5393    i._sputc            mc_w.l(printfa.o)
    0x000277d4   0x000277d4   0x00000036   Code   RO          736    i.advertising_buttons_configure  bsp_btn_ble.o
    0x0002780a   0x0002780a   0x00000006   Code   RO          619    i.alert_timer_handler  bsp.o
    0x00027810   0x00027810   0x00000024   Code   RO         2725    i.app_button_enable  app_button.o
    0x00027834   0x00027834   0x00000078   Code   RO         2726    i.app_button_init   app_button.o
    0x000278ac   0x000278ac   0x00000030   Code   RO         2840    i.app_error_fault_handler  app_error_weak.o
    0x000278dc   0x000278dc   0x00000016   Code   RO         2780    i.app_error_handler_bare  app_error.o
    0x000278f2   0x000278f2   0x00000016   Code   RO         2881    i.app_fifo_get      app_fifo.o
    0x00027908   0x00027908   0x00000020   Code   RO         2882    i.app_fifo_init     app_fifo.o
    0x00027928   0x00027928   0x0000001a   Code   RO         2884    i.app_fifo_put      app_fifo.o
    0x00027942   0x00027942   0x00000002   PAD
    0x00027944   0x00027944   0x00000028   Code   RO         3012    i.app_timer_create  app_timer.o
    0x0002796c   0x0002796c   0x00000054   Code   RO         3013    i.app_timer_init    app_timer.o
    0x000279c0   0x000279c0   0x00000088   Code   RO         3016    i.app_timer_start   app_timer.o
    0x00027a48   0x00027a48   0x00000020   Code   RO         3017    i.app_timer_stop    app_timer.o
    0x00027a68   0x00027a68   0x00000034   Code   RO         3179    i.app_uart_get      app_uart_fifo.o
    0x00027a9c   0x00027a9c   0x000000a4   Code   RO         3180    i.app_uart_init     app_uart_fifo.o
    0x00027b40   0x00027b40   0x00000054   Code   RO         3181    i.app_uart_put      app_uart_fifo.o
    0x00027b94   0x00027b94   0x00000048   Code   RO         3260    i.app_util_critical_region_enter  app_util_platform.o
    0x00027bdc   0x00027bdc   0x00000034   Code   RO         3261    i.app_util_critical_region_exit  app_util_platform.o
    0x00027c10   0x00027c10   0x00000088   Code   RO         2223    i.apply_config      nrfx_uart.o
    0x00027c98   0x00027c98   0x00000088   Code   RO         2411    i.apply_config      nrfx_uarte.o
    0x00027d20   0x00027d20   0x00000048   Code   RO         1275    i.blcm_link_ctx_get  ble_link_ctx_manager.o
    0x00027d68   0x00027d68   0x00000182   Code   RO          840    i.ble_advdata_encode  ble_advdata.o
    0x00027eea   0x00027eea   0x00000020   Code   RO          842    i.ble_advdata_parse  ble_advdata.o
    0x00027f0a   0x00027f0a   0x00000038   Code   RO          843    i.ble_advdata_search  ble_advdata.o
    0x00027f42   0x00027f42   0x00000006   Code   RO          947    i.ble_advertising_conn_cfg_tag_set  ble_advertising.o
    0x00027f48   0x00027f48   0x0000011c   Code   RO          948    i.ble_advertising_init  ble_advertising.o
    0x00028064   0x00028064   0x0000006a   Code   RO          950    i.ble_advertising_on_ble_evt  ble_advertising.o
    0x000280ce   0x000280ce   0x00000002   Code   RO          951    i.ble_advertising_on_sys_evt  ble_advertising.o
    0x000280d0   0x000280d0   0x0000003a   Code   RO          953    i.ble_advertising_restart_without_whitelist  ble_advertising.o
    0x0002810a   0x0002810a   0x0000022c   Code   RO          954    i.ble_advertising_start  ble_advertising.o
    0x00028336   0x00028336   0x00000002   PAD
    0x00028338   0x00028338   0x00000068   Code   RO         1043    i.ble_conn_params_init  ble_conn_params.o
    0x000283a0   0x000283a0   0x00000012   Code   RO         1118    i.ble_conn_state_conn_idx  ble_conn_state.o
    0x000283b2   0x000283b2   0x00000002   PAD
    0x000283b4   0x000283b4   0x00000014   Code   RO         1131    i.ble_conn_state_valid  ble_conn_state.o
    0x000283c8   0x000283c8   0x00000060   Code   RO          846    i.ble_device_addr_encode  ble_advdata.o
    0x00028428   0x00028428   0x00000094   Code   RO            5    i.ble_evt_handler   main.o
    0x000284bc   0x000284bc   0x00000070   Code   RO          737    i.ble_evt_handler   bsp_btn_ble.o
    0x0002852c   0x0002852c   0x000000fc   Code   RO         1045    i.ble_evt_handler   ble_conn_params.o
    0x00028628   0x00028628   0x00000104   Code   RO         1132    i.ble_evt_handler   ble_conn_state.o
    0x0002872c   0x0002872c   0x00000066   Code   RO         1492    i.ble_nus_data_send  ble_nus.o
    0x00028792   0x00028792   0x00000002   PAD
    0x00028794   0x00028794   0x000000d4   Code   RO         1493    i.ble_nus_init      ble_nus.o
    0x00028868   0x00028868   0x00000070   Code   RO         1494    i.ble_nus_on_ble_evt  ble_nus.o
    0x000288d8   0x000288d8   0x00000008   Code   RO         1301    i.ble_srv_is_notification_enabled  ble_srv_common.o
    0x000288e0   0x000288e0   0x00000080   Code   RO         4644    i.bmi160_extract_accel  bmi160.o
    0x00028960   0x00028960   0x0000008a   Code   RO         4647    i.bmi160_get_fifo_data  bmi160.o
    0x000289ea   0x000289ea   0x0000003a   Code   RO         4651    i.bmi160_get_regs   bmi160.o
    0x00028a24   0x00028a24   0x0000005c   Code   RO         4653    i.bmi160_init       bmi160.o
    0x00028a80   0x00028a80   0x00000080   Code   RO         4658    i.bmi160_set_fifo_config  bmi160.o
    0x00028b00   0x00028b00   0x0000001c   Code   RO         4661    i.bmi160_set_fifo_wm  bmi160.o
    0x00028b1c   0x00028b1c   0x0000016c   Code   RO         4662    i.bmi160_set_int_config  bmi160.o
    0x00028c88   0x00028c88   0x000000ae   Code   RO         4664    i.bmi160_set_power_mode  bmi160.o
    0x00028d36   0x00028d36   0x0000007e   Code   RO         4665    i.bmi160_set_regs   bmi160.o
    0x00028db4   0x00028db4   0x000000e6   Code   RO         4666    i.bmi160_set_sens_conf  bmi160.o
    0x00028e9a   0x00028e9a   0x0000006e   Code   RO         4668    i.bmi160_soft_reset  bmi160.o
    0x00028f08   0x00028f08   0x00000058   Code   RO            6    i.bmi160_spi_bus_read  main.o
    0x00028f60   0x00028f60   0x00000064   Code   RO            7    i.bmi160_spi_bus_write  main.o
    0x00028fc4   0x00028fc4   0x0000000c   Code   RO          483    i.bsp_board_button_idx_to_pin  boards.o
    0x00028fd0   0x00028fd0   0x00000020   Code   RO          484    i.bsp_board_button_state_get  boards.o
    0x00028ff0   0x00028ff0   0x00000054   Code   RO          485    i.bsp_board_init    boards.o
    0x00029044   0x00029044   0x00000024   Code   RO          487    i.bsp_board_led_invert  boards.o
    0x00029068   0x00029068   0x00000010   Code   RO          488    i.bsp_board_led_off  boards.o
    0x00029078   0x00029078   0x00000010   Code   RO          489    i.bsp_board_led_on  boards.o
    0x00029088   0x00029088   0x00000020   Code   RO          490    i.bsp_board_led_state_get  boards.o
    0x000290a8   0x000290a8   0x00000012   Code   RO          491    i.bsp_board_leds_off  boards.o
    0x000290ba   0x000290ba   0x00000012   Code   RO          492    i.bsp_board_leds_on  boards.o
    0x000290cc   0x000290cc   0x00000024   Code   RO          493    i.bsp_board_pin_to_button_idx  boards.o
    0x000290f0   0x000290f0   0x00000038   Code   RO          738    i.bsp_btn_ble_init  bsp_btn_ble.o
    0x00029128   0x00029128   0x0000001e   Code   RO          739    i.bsp_btn_ble_sleep_mode_prepare  bsp_btn_ble.o
    0x00029146   0x00029146   0x00000002   PAD
    0x00029148   0x00029148   0x00000090   Code   RO          620    i.bsp_button_event_handler  bsp.o
    0x000291d8   0x000291d8   0x0000000c   Code   RO          621    i.bsp_button_is_pressed  bsp.o
    0x000291e4   0x000291e4   0x0000004c   Code   RO            8    i.bsp_event_handler  main.o
    0x00029230   0x00029230   0x00000044   Code   RO          624    i.bsp_event_to_button_action_assign  bsp.o
    0x00029274   0x00029274   0x00000018   Code   RO          625    i.bsp_indication_set  bsp.o
    0x0002928c   0x0002928c   0x00000094   Code   RO          626    i.bsp_init          bsp.o
    0x00029320   0x00029320   0x000001c8   Code   RO          627    i.bsp_led_indication  bsp.o
    0x000294e8   0x000294e8   0x00000006   Code   RO          629    i.bsp_wakeup_button_enable  bsp.o
    0x000294ee   0x000294ee   0x00000008   Code   RO          630    i.button_timer_handler  bsp.o
    0x000294f6   0x000294f6   0x00000002   PAD
    0x000294f8   0x000294f8   0x0000001c   Code   RO         1874    i.channel_free      nrfx_gpiote.o
    0x00029514   0x00029514   0x00000048   Code   RO         1875    i.channel_port_alloc  nrfx_gpiote.o
    0x0002955c   0x0002955c   0x00000010   Code   RO         1876    i.channel_port_get  nrfx_gpiote.o
    0x0002956c   0x0002956c   0x00000190   Code   RO         1303    i.characteristic_add  ble_srv_common.o
    0x000296fc   0x000296fc   0x0000006c   Code   RO         4671    i.check_accel_config  bmi160.o
    0x00029768   0x00029768   0x00000022   Code   RO         4672    i.check_frame_validity  bmi160.o
    0x0002978a   0x0002978a   0x0000006e   Code   RO         4673    i.check_gyro_config  bmi160.o
    0x000297f8   0x000297f8   0x00000028   Code   RO         1546    i.clock_clk_started_notify  nrf_drv_clock.o
    0x00029820   0x00029820   0x0000001c   Code   RO         1547    i.clock_irq_handler  nrf_drv_clock.o
    0x0002983c   0x0002983c   0x000000ac   Code   RO         3019    i.compare_reg_update  app_timer.o
    0x000298e8   0x000298e8   0x000000c8   Code   RO         4674    i.config_any_motion_int_settg  bmi160.o
    0x000299b0   0x000299b0   0x0000006a   Code   RO         4675    i.config_int_latch  bmi160.o
    0x00029a1a   0x00029a1a   0x00000002   PAD
    0x00029a1c   0x00029a1c   0x0000009c   Code   RO         4676    i.config_int_out_ctrl  bmi160.o
    0x00029ab8   0x00029ab8   0x00000080   Code   RO         4677    i.config_no_motion_dur_thr  bmi160.o
    0x00029b38   0x00029b38   0x0000007c   Code   RO         4678    i.config_orient_int_settg  bmi160.o
    0x00029bb4   0x00029bb4   0x00000074   Code   RO         4679    i.config_sig_dur_threshold  bmi160.o
    0x00029c28   0x00029c28   0x0000009a   Code   RO         4680    i.config_step_detect  bmi160.o
    0x00029cc2   0x00029cc2   0x00000076   Code   RO         4681    i.config_tap_param  bmi160.o
    0x00029d38   0x00029d38   0x0000003e   Code   RO         1133    i.conn_handle_list_get  ble_conn_state.o
    0x00029d76   0x00029d76   0x00000088   Code   RO          847    i.conn_int_encode   ble_advdata.o
    0x00029dfe   0x00029dfe   0x00000004   Code   RO           10    i.conn_params_error_handler  main.o
    0x00029e02   0x00029e02   0x00000002   PAD
    0x00029e04   0x00029e04   0x00000048   Code   RO         1046    i.conn_params_negotiation  ble_conn_params.o
    0x00029e4c   0x00029e4c   0x0000001e   Code   RO         1361    i.data_length_update  nrf_ble_gatt.o
    0x00029e6a   0x00029e6a   0x00000002   PAD
    0x00029e6c   0x00029e6c   0x00000098   Code   RO         2728    i.detection_delay_timeout_handler  app_button.o
    0x00029f04   0x00029f04   0x00000040   Code   RO         3020    i.elapsed_ticks_acquire  app_timer.o
    0x00029f44   0x00029f44   0x00000076   Code   RO         4682    i.enable_accel_any_motion_int  bmi160.o
    0x00029fba   0x00029fba   0x000000c8   Code   RO         4683    i.extract_accel_header_mode  bmi160.o
    0x0002a082   0x0002a082   0x00000014   Code   RO         2887    i.fifo_get          app_fifo.o
    0x0002a096   0x0002a096   0x00000012   Code   RO         2888    i.fifo_put          app_fifo.o
    0x0002a0a8   0x0002a0a8   0x00000028   Code   RO          956    i.flags_set         ble_advertising.o
    0x0002a0d0   0x0002a0d0   0x0000000e   Code   RO         4050    i.fputc             retarget.o
    0x0002a0de   0x0002a0de   0x00000002   PAD
    0x0002a0e0   0x0002a0e0   0x00000050   Code   RO         5409    i.free              mc_w.l(malloc.o)
    0x0002a130   0x0002a130   0x00000020   Code   RO           11    i.gatt_evt_handler  main.o
    0x0002a150   0x0002a150   0x00000030   Code   RO           12    i.gatt_init         main.o
    0x0002a180   0x0002a180   0x00000054   Code   RO         4689    i.get_accel_len_to_parse  bmi160.o
    0x0002a1d4   0x0002a1d4   0x00000120   Code   RO           13    i.get_bmi160_fifo_data  main.o
    0x0002a2f4   0x0002a2f4   0x00000084   Code   RO         2729    i.gpiote_event_handler  app_button.o
    0x0002a378   0x0002a378   0x00000014   Code   RO         1047    i.instance_get      ble_conn_params.o
    0x0002a38c   0x0002a38c   0x00000080   Code   RO         2412    i.interrupts_enable  nrfx_uarte.o
    0x0002a40c   0x0002a40c   0x00000044   Code   RO         1048    i.is_conn_params_ok  ble_conn_params.o
    0x0002a450   0x0002a450   0x00000030   Code   RO          631    i.leds_off          bsp.o
    0x0002a480   0x0002a480   0x00000014   Code   RO          632    i.leds_timer_handler  bsp.o
    0x0002a494   0x0002a494   0x00000018   Code   RO         1362    i.link_init         nrf_ble_gatt.o
    0x0002a4ac   0x0002a4ac   0x000000f8   Code   RO         3021    i.list_insertions_handler  app_timer.o
    0x0002a5a4   0x0002a5a4   0x00000208   Code   RO           15    i.main              main.o
    0x0002a7ac   0x0002a7ac   0x0000006c   Code   RO         5410    i.malloc            mc_w.l(malloc.o)
    0x0002a818   0x0002a818   0x00000064   Code   RO          848    i.manuf_specific_data_encode  ble_advdata.o
    0x0002a87c   0x0002a87c   0x0000007c   Code   RO         4693    i.map_feature_interrupt  bmi160.o
    0x0002a8f8   0x0002a8f8   0x00000078   Code   RO         4694    i.map_hardware_interrupt  bmi160.o
    0x0002a970   0x0002a970   0x00000014   Code   RO         4695    i.move_next_frame   bmi160.o
    0x0002a984   0x0002a984   0x000000a6   Code   RO          849    i.name_encode       ble_advdata.o
    0x0002aa2a   0x0002aa2a   0x00000016   Code   RO         3446    i.nrf_atflags_clear  nrf_atflags.o
    0x0002aa40   0x0002aa40   0x00000016   Code   RO         3451    i.nrf_atflags_get   nrf_atflags.o
    0x0002aa56   0x0002aa56   0x00000014   Code   RO         3453    i.nrf_atflags_set   nrf_atflags.o
    0x0002aa6a   0x0002aa6a   0x0000000c   Code   RO         3518    i.nrf_atomic_u32_and  nrf_atomic.o
    0x0002aa76   0x0002aa76   0x0000000c   Code   RO         3527    i.nrf_atomic_u32_or  nrf_atomic.o
    0x0002aa82   0x0002aa82   0x00000010   Code   RO         1877    i.nrf_bitmask_bit_is_set  nrfx_gpiote.o
    0x0002aa92   0x0002aa92   0x00000014   Code   RO         1878    i.nrf_bitmask_bit_set  nrfx_gpiote.o
    0x0002aaa6   0x0002aaa6   0x00000018   Code   RO         1364    i.nrf_ble_gatt_att_mtu_periph_set  nrf_ble_gatt.o
    0x0002aabe   0x0002aabe   0x00000022   Code   RO         1368    i.nrf_ble_gatt_init  nrf_ble_gatt.o
    0x0002aae0   0x0002aae0   0x00000174   Code   RO         1369    i.nrf_ble_gatt_on_ble_evt  nrf_ble_gatt.o
    0x0002ac54   0x0002ac54   0x00000016   Code   RO         1451    i.nrf_ble_qwr_conn_handle_assign  nrf_ble_qwr.o
    0x0002ac6a   0x0002ac6a   0x00000024   Code   RO         1452    i.nrf_ble_qwr_init  nrf_ble_qwr.o
    0x0002ac8e   0x0002ac8e   0x000000b6   Code   RO         1453    i.nrf_ble_qwr_on_ble_evt  nrf_ble_qwr.o
    0x0002ad44   0x0002ad44   0x0000000e   Code   RO         1742    i.nrf_clock_event_check  nrfx_clock.o
    0x0002ad52   0x0002ad52   0x00000010   Code   RO         1743    i.nrf_clock_event_clear  nrfx_clock.o
    0x0002ad62   0x0002ad62   0x00000002   PAD
    0x0002ad64   0x0002ad64   0x00000020   Code   RO           16    i.nrf_delay_ms      main.o
    0x0002ad84   0x0002ad84   0x00000038   Code   RO         1554    i.nrf_drv_clock_init  nrf_drv_clock.o
    0x0002adbc   0x0002adbc   0x00000030   Code   RO         1558    i.nrf_drv_clock_lfclk_release  nrf_drv_clock.o
    0x0002adec   0x0002adec   0x00000070   Code   RO         2563    i.nrf_drv_spi_init  nrf_drv_spi.o
    0x0002ae5c   0x0002ae5c   0x00000016   Code   RO           17    i.nrf_drv_spi_transfer  main.o
    0x0002ae72   0x0002ae72   0x00000002   PAD
    0x0002ae74   0x0002ae74   0x00000068   Code   RO         1689    i.nrf_drv_uart_init  nrf_drv_uart.o
    0x0002aedc   0x0002aedc   0x00000020   Code   RO         3182    i.nrf_drv_uart_rx   app_uart_fifo.o
    0x0002aefc   0x0002aefc   0x00000020   Code   RO         3183    i.nrf_drv_uart_tx   app_uart_fifo.o
    0x0002af1c   0x0002af1c   0x00000024   Code   RO          495    i.nrf_gpio_cfg      boards.o
    0x0002af40   0x0002af40   0x00000024   Code   RO         1879    i.nrf_gpio_cfg      nrfx_gpiote.o
    0x0002af64   0x0002af64   0x00000024   Code   RO         2224    i.nrf_gpio_cfg      nrfx_uart.o
    0x0002af88   0x0002af88   0x00000024   Code   RO         2413    i.nrf_gpio_cfg      nrfx_uarte.o
    0x0002afac   0x0002afac   0x00000024   Code   RO         2611    i.nrf_gpio_cfg      nrfx_spim.o
    0x0002afd0   0x0002afd0   0x00000012   Code   RO         2226    i.nrf_gpio_cfg_input  nrfx_uart.o
    0x0002afe2   0x0002afe2   0x00000012   Code   RO         2415    i.nrf_gpio_cfg_input  nrfx_uarte.o
    0x0002aff4   0x0002aff4   0x00000014   Code   RO         2227    i.nrf_gpio_cfg_output  nrfx_uart.o
    0x0002b008   0x0002b008   0x00000014   Code   RO         2416    i.nrf_gpio_cfg_output  nrfx_uarte.o
    0x0002b01c   0x0002b01c   0x00000014   Code   RO         2612    i.nrf_gpio_cfg_output  nrfx_spim.o
    0x0002b030   0x0002b030   0x00000022   Code   RO         1881    i.nrf_gpio_cfg_sense_set  nrfx_gpiote.o
    0x0002b052   0x0002b052   0x0000000e   Code   RO         2613    i.nrf_gpio_pin_clear  nrfx_spim.o
    0x0002b060   0x0002b060   0x0000000e   Code   RO         2614    i.nrf_gpio_pin_set  nrfx_spim.o
    0x0002b06e   0x0002b06e   0x00000016   Code   RO          496    i.nrf_gpio_pin_write  boards.o
    0x0002b084   0x0002b084   0x00000028   Code   RO         1882    i.nrf_gpio_ports_read  nrfx_gpiote.o
    0x0002b0ac   0x0002b0ac   0x00000014   Code   RO         1883    i.nrf_gpiote_event_clear  nrfx_gpiote.o
    0x0002b0c0   0x0002b0c0   0x00000010   Code   RO         1884    i.nrf_gpiote_event_is_set  nrfx_gpiote.o
    0x0002b0d0   0x0002b0d0   0x00000028   Code   RO         3849    i.nrf_pwr_mgmt_init  nrf_pwr_mgmt.o
    0x0002b0f8   0x0002b0f8   0x00000044   Code   RO         3850    i.nrf_pwr_mgmt_run  nrf_pwr_mgmt.o
    0x0002b13c   0x0002b13c   0x00000004   Code   RO           18    i.nrf_qwr_error_handler  main.o
    0x0002b140   0x0002b140   0x00000014   Code   RO         4560    i.nrf_sdh_ble_app_ram_start_get  nrf_sdh_ble.o
    0x0002b154   0x0002b154   0x0000009c   Code   RO         4561    i.nrf_sdh_ble_default_cfg_set  nrf_sdh_ble.o
    0x0002b1f0   0x0002b1f0   0x00000014   Code   RO         4562    i.nrf_sdh_ble_enable  nrf_sdh_ble.o
    0x0002b204   0x0002b204   0x00000060   Code   RO         4563    i.nrf_sdh_ble_evts_poll  nrf_sdh_ble.o
    0x0002b264   0x0002b264   0x00000074   Code   RO         4445    i.nrf_sdh_enable_request  nrf_sdh.o
    0x0002b2d8   0x0002b2d8   0x00000024   Code   RO         4446    i.nrf_sdh_evts_poll  nrf_sdh.o
    0x0002b2fc   0x0002b2fc   0x0000000c   Code   RO         4447    i.nrf_sdh_is_enabled  nrf_sdh.o
    0x0002b308   0x0002b308   0x0000003c   Code   RO         4611    i.nrf_sdh_soc_evts_poll  nrf_sdh_soc.o
    0x0002b344   0x0002b344   0x0000000a   Code   RO         3981    i.nrf_section_iter_init  nrf_section_iter.o
    0x0002b34e   0x0002b34e   0x00000024   Code   RO         3982    i.nrf_section_iter_item_set  nrf_section_iter.o
    0x0002b372   0x0002b372   0x00000020   Code   RO         3983    i.nrf_section_iter_next  nrf_section_iter.o
    0x0002b392   0x0002b392   0x0000000a   Code   RO         2615    i.nrf_spim_event_check  nrfx_spim.o
    0x0002b39c   0x0002b39c   0x0000000a   Code   RO         2228    i.nrf_uart_event_check  nrfx_uart.o
    0x0002b3a6   0x0002b3a6   0x0000000c   Code   RO         2229    i.nrf_uart_event_clear  nrfx_uart.o
    0x0002b3b2   0x0002b3b2   0x0000000c   Code   RO         2230    i.nrf_uart_int_enable_check  nrfx_uart.o
    0x0002b3be   0x0002b3be   0x0000000a   Code   RO         2417    i.nrf_uarte_event_check  nrfx_uarte.o
    0x0002b3c8   0x0002b3c8   0x0000000c   Code   RO         2418    i.nrf_uarte_event_clear  nrfx_uarte.o
    0x0002b3d4   0x0002b3d4   0x00000030   Code   RO         1748    i.nrfx_clock_enable  nrfx_clock.o
    0x0002b404   0x0002b404   0x00000020   Code   RO         1751    i.nrfx_clock_init   nrfx_clock.o
    0x0002b424   0x0002b424   0x0000001c   Code   RO         1754    i.nrfx_clock_lfclk_stop  nrfx_clock.o
    0x0002b440   0x0002b440   0x00000010   Code   RO         3022    i.nrfx_coredep_delay_us  app_timer.o
    0x0002b450   0x0002b450   0x000000a4   Code   RO         1889    i.nrfx_gpiote_in_event_enable  nrfx_gpiote.o
    0x0002b4f4   0x0002b4f4   0x000000d0   Code   RO         1890    i.nrfx_gpiote_in_init  nrfx_gpiote.o
    0x0002b5c4   0x0002b5c4   0x00000014   Code   RO         1891    i.nrfx_gpiote_in_is_set  nrfx_gpiote.o
    0x0002b5d8   0x0002b5d8   0x00000070   Code   RO         1893    i.nrfx_gpiote_init  nrfx_gpiote.o
    0x0002b648   0x0002b648   0x00000014   Code   RO         1894    i.nrfx_gpiote_is_init  nrfx_gpiote.o
    0x0002b65c   0x0002b65c   0x00000010   Code   RO         2419    i.nrfx_is_in_ram    nrfx_uarte.o
    0x0002b66c   0x0002b66c   0x00000010   Code   RO         2616    i.nrfx_is_in_ram    nrfx_spim.o
    0x0002b67c   0x0002b67c   0x0000003a   Code   RO         2173    i.nrfx_prs_acquire  nrfx_prs.o
    0x0002b6b6   0x0002b6b6   0x00000002   PAD
    0x0002b6b8   0x0002b6b8   0x00000178   Code   RO         2619    i.nrfx_spim_init    nrfx_spim.o
    0x0002b830   0x0002b830   0x00000064   Code   RO         2622    i.nrfx_spim_xfer    nrfx_spim.o
    0x0002b894   0x0002b894   0x00000010   Code   RO         2231    i.nrfx_uart_0_irq_handler  nrfx_uart.o
    0x0002b8a4   0x0002b8a4   0x000000d4   Code   RO         2233    i.nrfx_uart_init    nrfx_uart.o
    0x0002b978   0x0002b978   0x000000ec   Code   RO         2234    i.nrfx_uart_rx      nrfx_uart.o
    0x0002ba64   0x0002ba64   0x000000a4   Code   RO         2239    i.nrfx_uart_tx      nrfx_uart.o
    0x0002bb08   0x0002bb08   0x00000020   Code   RO         2241    i.nrfx_uart_tx_in_progress  nrfx_uart.o
    0x0002bb28   0x0002bb28   0x00000010   Code   RO         2420    i.nrfx_uarte_0_irq_handler  nrfx_uarte.o
    0x0002bb38   0x0002bb38   0x0000006c   Code   RO         2422    i.nrfx_uarte_init   nrfx_uarte.o
    0x0002bba4   0x0002bba4   0x00000104   Code   RO         2423    i.nrfx_uarte_rx     nrfx_uarte.o
    0x0002bca8   0x0002bca8   0x00000090   Code   RO         2426    i.nrfx_uarte_tx     nrfx_uarte.o
    0x0002bd38   0x0002bd38   0x0000001c   Code   RO         2428    i.nrfx_uarte_tx_in_progress  nrfx_uarte.o
    0x0002bd54   0x0002bd54   0x00000018   Code   RO         4696    i.null_ptr_check    bmi160.o
    0x0002bd6c   0x0002bd6c   0x00000042   Code   RO           19    i.nus_data_handler  main.o
    0x0002bdae   0x0002bdae   0x00000024   Code   RO           20    i.on_adv_evt        main.o
    0x0002bdd2   0x0002bdd2   0x00000002   PAD
    0x0002bdd4   0x0002bdd4   0x0000001c   Code   RO           21    i.on_conn_params_evt  main.o
    0x0002bdf0   0x0002bdf0   0x0000006a   Code   RO         1495    i.on_connect        ble_nus.o
    0x0002be5a   0x0002be5a   0x00000084   Code   RO         1496    i.on_write          ble_nus.o
    0x0002bede   0x0002bede   0x00000012   Code   RO          957    i.phy_is_valid      ble_advertising.o
    0x0002bef0   0x0002bef0   0x00000018   Code   RO         1910    i.pin_in_use_by_port  nrfx_gpiote.o
    0x0002bf08   0x0002bf08   0x00000018   Code   RO         1911    i.pin_in_use_by_te  nrfx_gpiote.o
    0x0002bf20   0x0002bf20   0x00000060   Code   RO         4698    i.process_under_sampling  bmi160.o
    0x0002bf80   0x0002bf80   0x00000018   Code   RO         2175    i.prs_box_get       nrfx_prs.o
    0x0002bf98   0x0002bf98   0x0000003c   Code   RO         3023    i.rtc1_stop         app_timer.o
    0x0002bfd4   0x0002bfd4   0x00000032   Code   RO         2243    i.rx_byte           nrfx_uart.o
    0x0002c006   0x0002c006   0x00000016   Code   RO         2244    i.rx_done_event     nrfx_uart.o
    0x0002c01c   0x0002c01c   0x00000018   Code   RO         2430    i.rx_done_event     nrfx_uarte.o
    0x0002c034   0x0002c034   0x00000020   Code   RO         2245    i.rx_enable         nrfx_uart.o
    0x0002c054   0x0002c054   0x00000050   Code   RO         1561    i.sd_state_evt_handler  nrf_drv_clock.o
    0x0002c0a4   0x0002c0a4   0x00000030   Code   RO         4452    i.sdh_request_observer_notify  nrf_sdh.o
    0x0002c0d4   0x0002c0d4   0x0000002c   Code   RO         4453    i.sdh_state_observer_notify  nrf_sdh.o
    0x0002c100   0x0002c100   0x00000010   Code   RO         1049    i.send_error_evt    ble_conn_params.o
    0x0002c110   0x0002c110   0x00000098   Code   RO           22    i.sensor_config     main.o
    0x0002c1a8   0x0002c1a8   0x00000088   Code   RO          850    i.service_data_encode  ble_advdata.o
    0x0002c230   0x0002c230   0x000000bc   Code   RO         4699    i.set_accel_flat_detect_int  bmi160.o
    0x0002c2ec   0x0002c2ec   0x000000f8   Code   RO         4700    i.set_accel_high_g_int  bmi160.o
    0x0002c3e4   0x0002c3e4   0x000000f6   Code   RO         4701    i.set_accel_low_g_int  bmi160.o
    0x0002c4da   0x0002c4da   0x000000ca   Code   RO         4702    i.set_accel_no_motion_int  bmi160.o
    0x0002c5a4   0x0002c5a4   0x00000078   Code   RO         4703    i.set_accel_orientation_int  bmi160.o
    0x0002c61c   0x0002c61c   0x000000c6   Code   RO         4704    i.set_accel_sig_motion_int  bmi160.o
    0x0002c6e2   0x0002c6e2   0x00000078   Code   RO         4705    i.set_accel_step_detect_int  bmi160.o
    0x0002c75a   0x0002c75a   0x00000002   PAD
    0x0002c75c   0x0002c75c   0x000000d8   Code   RO         4706    i.set_accel_tap_int  bmi160.o
    0x0002c834   0x0002c834   0x0000001c   Code   RO         4707    i.set_intr_pin_config  bmi160.o
    0x0002c850   0x0002c850   0x00000030   Code   RO         1305    i.set_security_req  ble_srv_common.o
    0x0002c880   0x0002c880   0x00000028   Code   RO           23    i.sleep_mode_enter  main.o
    0x0002c8a8   0x0002c8a8   0x00000018   Code   RO         1562    i.soc_evt_handler   nrf_drv_clock.o
    0x0002c8c0   0x0002c8c0   0x00000058   Code   RO         4455    i.softdevices_evt_irq_enable  nrf_sdh.o
    0x0002c918   0x0002c918   0x0000003c   Code   RO           24    i.spi_config        main.o
    0x0002c954   0x0002c954   0x0000000c   Code   RO           25    i.spi_event_handler  main.o
    0x0002c960   0x0002c960   0x00000038   Code   RO         2564    i.spim_evt_handler  nrf_drv_spi.o
    0x0002c998   0x0002c998   0x000000bc   Code   RO         2623    i.spim_xfer         nrfx_spim.o
    0x0002ca54   0x0002ca54   0x00000080   Code   RO         3024    i.timer_list_handler  app_timer.o
    0x0002cad4   0x0002cad4   0x0000003c   Code   RO         3025    i.timer_list_insert  app_timer.o
    0x0002cb10   0x0002cb10   0x00000060   Code   RO         3026    i.timer_list_remove  app_timer.o
    0x0002cb70   0x0002cb70   0x00000048   Code   RO         3027    i.timer_stop_op_schedule  app_timer.o
    0x0002cbb8   0x0002cbb8   0x00000074   Code   RO         3028    i.timer_timeouts_check  app_timer.o
    0x0002cc2c   0x0002cc2c   0x00000020   Code   RO         2246    i.tx_byte           nrfx_uart.o
    0x0002cc4c   0x0002cc4c   0x0000001a   Code   RO         2247    i.tx_done_event     nrfx_uart.o
    0x0002cc66   0x0002cc66   0x00000002   PAD
    0x0002cc68   0x0002cc68   0x00000078   Code   RO           26    i.uart_event_handle  main.o
    0x0002cce0   0x0002cce0   0x000000a0   Code   RO         3184    i.uart_event_handler  app_uart_fifo.o
    0x0002cd80   0x0002cd80   0x00000030   Code   RO         1690    i.uart_evt_handler  nrf_drv_uart.o
    0x0002cdb0   0x0002cdb0   0x00000128   Code   RO         2248    i.uart_irq_handler  nrfx_uart.o
    0x0002ced8   0x0002ced8   0x00000030   Code   RO         1691    i.uarte_evt_handler  nrf_drv_uart.o
    0x0002cf08   0x0002cf08   0x000000f4   Code   RO         2431    i.uarte_irq_handler  nrfx_uarte.o
    0x0002cffc   0x0002cffc   0x0000000a   Code   RO          851    i.uint16_encode     ble_advdata.o
    0x0002d006   0x0002d006   0x00000042   Code   RO         4709    i.unpack_accel_data  bmi160.o
    0x0002d048   0x0002d048   0x00000102   Code   RO         4710    i.unpack_accel_frame  bmi160.o
    0x0002d14a   0x0002d14a   0x0000002a   Code   RO         4715    i.unpack_sensortime_frame  bmi160.o
    0x0002d174   0x0002d174   0x0000001c   Code   RO         4716    i.unpack_skipped_frame  bmi160.o
    0x0002d190   0x0002d190   0x00000068   Code   RO         1050    i.update_timeout_handler  ble_conn_params.o
    0x0002d1f8   0x0002d1f8   0x00000018   Code   RO          958    i.use_whitelist     ble_advertising.o
    0x0002d210   0x0002d210   0x00000024   Code   RO         1454    i.user_mem_reply    nrf_ble_qwr.o
    0x0002d234   0x0002d234   0x00000030   Code   RO         3029    i.user_op_alloc     app_timer.o
    0x0002d264   0x0002d264   0x00000030   Code   RO          852    i.uuid_list_encode  ble_advdata.o
    0x0002d294   0x0002d294   0x0000009e   Code   RO          853    i.uuid_list_sized_encode  ble_advdata.o
    0x0002d332   0x0002d332   0x0000003a   Code   RO          633    i.wakeup_button_cfg  bsp.o
    0x0002d36c   0x0002d36c   0x00000004   PAD
    0x0002d370   0x0002d370   0x000000b4   Data   RO           28    .constdata          main.o
    0x0002d424   0x0002d424   0x00000008   Data   RO          497    .constdata          boards.o
    0x0002d42c   0x0002d42c   0x0000002c   Data   RO          638    .constdata          bsp.o
    0x0002d458   0x0002d458   0x00000016   Data   RO         1370    .constdata          nrf_ble_gatt.o
    0x0002d46e   0x0002d46e   0x00000002   PAD
    0x0002d470   0x0002d470   0x00000010   Data   RO         1497    .constdata          ble_nus.o
    0x0002d480   0x0002d480   0x00000004   Data   RO         1913    .constdata          nrfx_gpiote.o
    0x0002d484   0x0002d484   0x00000004   Data   RO         2251    .constdata          nrfx_uart.o
    0x0002d488   0x0002d488   0x00000004   Data   RO         2434    .constdata          nrfx_uarte.o
    0x0002d48c   0x0002d48c   0x00000010   Data   RO         2566    .constdata          nrf_drv_spi.o
    0x0002d49c   0x0002d49c   0x00000004   Data   RO         2626    .constdata          nrfx_spim.o
    0x0002d4a0   0x0002d4a0   0x00000008   Data   RO         2731    .constdata          app_button.o
    0x0002d4a8   0x0002d4a8   0x00000008   PAD
    0x0002d4b0   0x0002d4b0   0x00000006   Data   RO         3031    .constdata          app_timer.o
    0x0002d4b6   0x0002d4b6   0x00000002   PAD
    0x0002d4b8   0x0002d4b8   0x00000020   Data   RO         3186    .constdata          app_uart_fifo.o
    0x0002d4d8   0x0002d4d8   0x00000018   Data   RO         3854    .constdata          nrf_pwr_mgmt.o
    0x0002d4f0   0x0002d4f0   0x0000000c   Data   RO         3855    .constdata          nrf_pwr_mgmt.o
    0x0002d4fc   0x0002d4fc   0x00000010   Data   RO         4456    .constdata          nrf_sdh.o
    0x0002d50c   0x0002d50c   0x00000028   Data   RO         4457    .constdata          nrf_sdh.o
    0x0002d534   0x0002d534   0x00000010   Data   RO         4458    .constdata          nrf_sdh.o
    0x0002d544   0x0002d544   0x00000010   Data   RO         4459    .constdata          nrf_sdh.o
    0x0002d554   0x0002d554   0x00000020   Data   RO         4564    .constdata          nrf_sdh_ble.o
    0x0002d574   0x0002d574   0x00000010   Data   RO         4565    .constdata          nrf_sdh_ble.o
    0x0002d584   0x0002d584   0x00000010   Data   RO         4612    .constdata          nrf_sdh_soc.o
    0x0002d594   0x0002d594   0x0000000c   Data   RO         4613    .constdata          nrf_sdh_soc.o
    0x0002d5a0   0x0002d5a0   0x0000000d   Data   RO         4717    .constdata          bmi160.o
    0x0002d5ad   0x0002d5ad   0x00000003   PAD
    0x0002d5b0   0x0002d5b0   0x00000020   Data   RO         5476    Region$$Table       anon$$obj.o
    0x0002d5d0   0x0002d5d0   0x00000008   Data   RO         1137    sdh_ble_observers0  ble_conn_state.o
    0x0002d5d8   0x0002d5d8   0x00000010   Data   RO           32    sdh_ble_observers1  main.o
    0x0002d5e8   0x0002d5e8   0x00000008   Data   RO          741    sdh_ble_observers1  bsp_btn_ble.o
    0x0002d5f0   0x0002d5f0   0x00000008   Data   RO         1053    sdh_ble_observers1  ble_conn_params.o
    0x0002d5f8   0x0002d5f8   0x00000010   Data   RO           33    sdh_ble_observers2  main.o
    0x0002d608   0x0002d608   0x00000008   Data   RO           34    sdh_ble_observers3  main.o
    0x0002d610   0x0002d610   0x00000008   Data   RO         1568    sdh_soc_observers0  nrf_drv_clock.o
    0x0002d618   0x0002d618   0x00000008   Data   RO           35    sdh_soc_observers1  main.o
    0x0002d620   0x0002d620   0x00000008   Data   RO         4567    sdh_stack_observers0  nrf_sdh_ble.o
    0x0002d628   0x0002d628   0x00000008   Data   RO         4614    sdh_stack_observers0  nrf_sdh_soc.o
    0x0002d630   0x0002d630   0x00000008   Data   RO         1569    sdh_state_observers0  nrf_drv_clock.o


    Execution Region RW_IRAM1 (Exec base: 0x20002a98, Load base: 0x0002d638, Size: 0x00004e68, Max: 0x0000d568, ABSOLUTE)

    Exec Addr    Load Addr    Size         Type   Attr      Idx    E Section Name        Object

    0x20002a98   0x0002d638   0x00000008   Data   RW           29    .data               main.o
    0x20002aa0   0x0002d640   0x00000028   Data   RW           30    .data               main.o
    0x20002ac8   0x0002d668   0x00000004   Data   RW           31    .data               main.o
    0x20002acc   0x0002d66c   0x00000010   Data   RW          639    .data               bsp.o
    0x20002adc   0x0002d67c   0x00000008   Data   RW          740    .data               bsp_btn_ble.o
    0x20002ae4   0x0002d684   0x00000008   Data   RW         1052    .data               ble_conn_params.o
    0x20002aec   0x0002d68c   0x0000000c   Data   RW         1692    .data               nrf_drv_uart.o
    0x20002af8   0x0002d698   0x00000008   Data   RW         1758    .data               nrfx_clock.o
    0x20002b00   0x0002d6a0   0x00000008   Data   RW         2177    .data               nrfx_prs.o
    0x20002b08   0x0002d6a8   0x00000020   Data   RW         2732    .data               app_button.o
    0x20002b28   0x0002d6c8   0x00000014   Data   RW         3032    .data               app_timer.o
    0x20002b3c   0x0002d6dc   0x0000001c   Data   RW         3187    .data               app_uart_fifo.o
    0x20002b58   0x0002d6f8   0x00000008   Data   RW         3856    .data               nrf_pwr_mgmt.o
    0x20002b60   0x0002d700   0x00000004   Data   RW         4051    .data               retarget.o
    0x20002b64   0x0002d704   0x00000003   Data   RW         4460    .data               nrf_sdh.o
    0x20002b67   0x0002d707   0x00000001   Data   RW         4566    .data               nrf_sdh_ble.o
    0x20002b68   0x0002d708   0x00000004   Data   RW         5098    .data               system_nrf52.o
    0x20002b6c   0x0002d70c   0x00000004   Data   RW         5457    .data               mc_w.l(mvars.o)
    0x20002b70   0x0002d710   0x00000004   Data   RW         5458    .data               mc_w.l(mvars.o)
    0x20002b74        -       0x000009f4   Zero   RW           27    .bss                main.o
    0x20003568        -       0x00000020   Zero   RW          634    .bss                bsp.o
    0x20003588        -       0x00000020   Zero   RW          635    .bss                bsp.o
    0x200035a8        -       0x0000000c   Zero   RW          636    .bss                bsp.o
    0x200035b4        -       0x00000020   Zero   RW          637    .bss                bsp.o
    0x200035d4        -       0x00000050   Zero   RW         1051    .bss                ble_conn_params.o
    0x20003624        -       0x00000078   Zero   RW         1136    .bss                ble_conn_state.o
    0x2000369c        -       0x00000014   Zero   RW         1563    .bss                nrf_drv_clock.o
    0x200036b0        -       0x0000005c   Zero   RW         1912    .bss                nrfx_gpiote.o
    0x2000370c        -       0x0000002c   Zero   RW         2249    .bss                nrfx_uart.o
    0x20003738        -       0x00000024   Zero   RW         2432    .bss                nrfx_uarte.o
    0x2000375c        -       0x00000018   Zero   RW         2565    .bss                nrf_drv_spi.o
    0x20003774        -       0x00000024   Zero   RW         2624    .bss                nrfx_spim.o
    0x20003798        -       0x00000020   Zero   RW         2730    .bss                app_button.o
    0x200037b8        -       0x0000010c   Zero   RW         3030    .bss                app_timer.o
    0x200038c4        -       0x00000020   Zero   RW         3185    .bss                app_uart_fifo.o
    0x200038e4        -       0x0000000c   Zero   RW         3266    .bss                app_util_platform.o
    0x200038f0        -       0x0000000c   Zero   RW         3853    .bss                nrf_pwr_mgmt.o
    0x200038fc   0x0002d714   0x00000004   PAD
    0x20003900        -       0x00002000   Zero   RW         5087    HEAP                arm_startup_nrf52.o
    0x20005900        -       0x00002000   Zero   RW         5086    STACK               arm_startup_nrf52.o


==============================================================================

Image component sizes


      Code (inc. data)   RO Data    RW Data    ZI Data      Debug   Object Name

       440         36          8         32         32       4526   app_button.o
        22          0          0          0          0       2377   app_error.o
        48          8          0          0          0      30493   app_error_weak.o
       118          0          0          0          0       4746   app_fifo.o
      1510        118          6         20        268      47555   app_timer.o
       524         60         32         28         32      20746   app_uart_fifo.o
       124         14          0          0         12       9406   app_util_platform.o
        36          8        512          0      16384        888   arm_startup_nrf52.o
      1324          0          0          0          0      52312   ble_advdata.o
      1094          6          0          0          0      10616   ble_advertising.o
       636         44          8          8         80       8903   ble_conn_params.o
       360         10          8          0        120       6635   ble_conn_state.o
        72          0          0          0          0       1572   ble_link_ctx_manager.o
       664          6         16          0          0       6344   ble_nus.o
       456          6          0          0          0       3219   ble_srv_common.o
      5676         24         13          0          0      72405   bmi160.o
       358         40          8          0          0      47255   boards.o
       998         84         44         16        108      14859   bsp.o
       252         10          8          8          0       4576   bsp_btn_ble.o
      1876        246        228         52       2548     222680   main.o
        64          0          0          0          0       2812   nrf_atflags.o
       250          0          0          0          0       3544   nrf_atomic.o
       484          6         22          0          0      34952   nrf_ble_gatt.o
       276          0          0          0          0       4513   nrf_ble_qwr.o
       276         34         16          0         20      37182   nrf_drv_clock.o
       168         18         16          0         24      15359   nrf_drv_spi.o
       200         26          0         12          0      17484   nrf_drv_uart.o
       108         16         36          8         12      36053   nrf_pwr_mgmt.o
       384         46         88          3          0      38663   nrf_sdh.o
       292         18         56          1          0       5335   nrf_sdh_ble.o
        60          4         36          0          0       2240   nrf_sdh_soc.o
        78          0          0          0          0       2628   nrf_section_iter.o
       226         30          0          8          0      39544   nrfx_clock.o
      1226         92          4          0         92      57580   nrfx_gpiote.o
        94         16          0          8          0       3481   nrfx_prs.o
       858         24          4          0         36      20449   nrfx_spim.o
      1362         36          4          0         44      30264   nrfx_uart.o
      1200         38          4          0         36      22961   nrfx_uarte.o
        14          0          0          4          0       2758   retarget.o
       796         70          0          4          0       2831   system_nrf52.o

    ----------------------------------------------------------------------
     25044       1194       1224        212      19852     952746   Object Totals
         0          0         32          0          0          0   (incl. Generated)
        40          0         15          0          4          0   (incl. Padding)

    ----------------------------------------------------------------------

      Code (inc. data)   RO Data    RW Data    ZI Data      Debug   Library Member Name

         0          0          0          0          0          0   entry.o
         0          0          0          0          0          0   entry10a.o
         0          0          0          0          0          0   entry11a.o
         8          4          0          0          0          0   entry2.o
         4          0          0          0          0          0   entry5.o
         0          0          0          0          0          0   entry7b.o
         0          0          0          0          0          0   entry8b.o
         8          4          0          0          0          0   entry9a.o
        30          0          0          0          0          0   handlers.o
        36          8          0          0          0         68   init.o
         0          0          0          0          0          0   iusefp.o
        30          0          0          0          0         68   llshl.o
        36          0          0          0          0         68   llsshr.o
        32          0          0          0          0         68   llushr.o
       188         20          0          0          0        160   malloc.o
        36          0          0          0          0         68   memcpya.o
        36          0          0          0          0        108   memseta.o
         0          0          0          8          0          0   mvars.o
      2308         96          0          0          0        604   printfa.o
        44          0          0          0          0         80   uidiv.o
        98          0          0          0          0         92   uldiv.o
        48          0          0          0          0         68   cdrcmple.o
       334          0          0          0          0        148   dadd.o
       222          0          0          0          0        100   ddiv.o
       186          0          0          0          0        176   depilogue.o
        48          0          0          0          0         68   dfixul.o
        34          0          0          0          0         76   dflti.o
       228          0          0          0          0         96   dmul.o

    ----------------------------------------------------------------------
      3996        132          0          8          0       2116   Library Totals
         2          0          0          0          0          0   (incl. Padding)

    ----------------------------------------------------------------------

      Code (inc. data)   RO Data    RW Data    ZI Data      Debug   Library Name

      2894        132          0          8          0       1384   mc_w.l
      1100          0          0          0          0        732   mf_w.l

    ----------------------------------------------------------------------
      3996        132          0          8          0       2116   Library Totals

    ----------------------------------------------------------------------

==============================================================================


      Code (inc. data)   RO Data    RW Data    ZI Data      Debug   

     29040       1326       1224        220      19852     925822   Grand Totals
     29040       1326       1224        220      19852     925822   ELF Image Totals
     29040       1326       1224        220          0          0   ROM Totals

==============================================================================

    Total RO  Size (Code + RO Data)                30264 (  29.55kB)
    Total RW  Size (RW Data + ZI Data)             20072 (  19.60kB)
    Total ROM Size (Code + RO Data + RW Data)      30484 (  29.77kB)

==============================================================================

