<!doctype html public "-//w3c//dtd html 4.0 transitional//en">
<html><head>
<title>Static Call Graph - [.\_build\nrf52832_xxaa.axf]</title></head>
<body><HR>
<H1>Static Call Graph for image .\_build\nrf52832_xxaa.axf</H1><HR>
<BR><P>#&#060CALLGRAPH&#062# ARM Linker, 5060750: Last Updated: Tue Nov 20 18:16:32 2018
<BR><P>
<H3>Maximum Stack Usage =        544 bytes + Unknown(Cycles, Untraceable Function Pointers)</H3><H3>
Call chain for Maximum Stack Depth:</H3>
nrf_sdh_ble_evts_poll &rArr; app_error_handler_bare
<P>
<H3>
Mutually Recursive functions
</H3> <LI><a href="#[1]">NMI_Handler</a>&nbsp;&nbsp;&nbsp;&rArr;&nbsp;&nbsp;&nbsp;<a href="#[1]">NMI_Handler</a><BR>
 <LI><a href="#[2]">HardFault_Handler</a>&nbsp;&nbsp;&nbsp;&rArr;&nbsp;&nbsp;&nbsp;<a href="#[2]">HardFault_Handler</a><BR>
 <LI><a href="#[3]">MemoryManagement_Handler</a>&nbsp;&nbsp;&nbsp;&rArr;&nbsp;&nbsp;&nbsp;<a href="#[3]">MemoryManagement_Handler</a><BR>
 <LI><a href="#[4]">BusFault_Handler</a>&nbsp;&nbsp;&nbsp;&rArr;&nbsp;&nbsp;&nbsp;<a href="#[4]">BusFault_Handler</a><BR>
 <LI><a href="#[5]">UsageFault_Handler</a>&nbsp;&nbsp;&nbsp;&rArr;&nbsp;&nbsp;&nbsp;<a href="#[5]">UsageFault_Handler</a><BR>
 <LI><a href="#[6]">SVC_Handler</a>&nbsp;&nbsp;&nbsp;&rArr;&nbsp;&nbsp;&nbsp;<a href="#[6]">SVC_Handler</a><BR>
 <LI><a href="#[7]">DebugMon_Handler</a>&nbsp;&nbsp;&nbsp;&rArr;&nbsp;&nbsp;&nbsp;<a href="#[7]">DebugMon_Handler</a><BR>
 <LI><a href="#[8]">PendSV_Handler</a>&nbsp;&nbsp;&nbsp;&rArr;&nbsp;&nbsp;&nbsp;<a href="#[8]">PendSV_Handler</a><BR>
 <LI><a href="#[9]">SysTick_Handler</a>&nbsp;&nbsp;&nbsp;&rArr;&nbsp;&nbsp;&nbsp;<a href="#[9]">SysTick_Handler</a><BR>
 <LI><a href="#[19]">CCM_AAR_IRQHandler</a>&nbsp;&nbsp;&nbsp;&rArr;&nbsp;&nbsp;&nbsp;<a href="#[19]">CCM_AAR_IRQHandler</a><BR>
</UL>
<P>
<H3>
Function Pointers
</H3><UL>
 <LI><a href="#[4]">BusFault_Handler</a> from arm_startup_nrf52.o(.text) referenced from arm_startup_nrf52.o(RESET)
 <LI><a href="#[19]">CCM_AAR_IRQHandler</a> from arm_startup_nrf52.o(.text) referenced from arm_startup_nrf52.o(RESET)
 <LI><a href="#[1d]">COMP_LPCOMP_IRQHandler</a> from arm_startup_nrf52.o(.text) referenced from arm_startup_nrf52.o(RESET)
 <LI><a href="#[7]">DebugMon_Handler</a> from arm_startup_nrf52.o(.text) referenced from arm_startup_nrf52.o(RESET)
 <LI><a href="#[18]">ECB_IRQHandler</a> from arm_startup_nrf52.o(.text) referenced from arm_startup_nrf52.o(RESET)
 <LI><a href="#[2e]">FPU_IRQHandler</a> from arm_startup_nrf52.o(.text) referenced from arm_startup_nrf52.o(RESET)
 <LI><a href="#[10]">GPIOTE_IRQHandler</a> from nrfx_gpiote.o(i.GPIOTE_IRQHandler) referenced from arm_startup_nrf52.o(RESET)
 <LI><a href="#[2]">HardFault_Handler</a> from arm_startup_nrf52.o(.text) referenced from arm_startup_nrf52.o(RESET)
 <LI><a href="#[2d]">I2S_IRQHandler</a> from arm_startup_nrf52.o(.text) referenced from arm_startup_nrf52.o(RESET)
 <LI><a href="#[28]">MWU_IRQHandler</a> from arm_startup_nrf52.o(.text) referenced from arm_startup_nrf52.o(RESET)
 <LI><a href="#[3]">MemoryManagement_Handler</a> from arm_startup_nrf52.o(.text) referenced from arm_startup_nrf52.o(RESET)
 <LI><a href="#[f]">NFCT_IRQHandler</a> from arm_startup_nrf52.o(.text) referenced from arm_startup_nrf52.o(RESET)
 <LI><a href="#[1]">NMI_Handler</a> from arm_startup_nrf52.o(.text) referenced from arm_startup_nrf52.o(RESET)
 <LI><a href="#[27]">PDM_IRQHandler</a> from arm_startup_nrf52.o(.text) referenced from arm_startup_nrf52.o(RESET)
 <LI><a href="#[a]">POWER_CLOCK_IRQHandler</a> from nrfx_clock.o(i.POWER_CLOCK_IRQHandler) referenced from arm_startup_nrf52.o(RESET)
 <LI><a href="#[26]">PWM0_IRQHandler</a> from arm_startup_nrf52.o(.text) referenced from arm_startup_nrf52.o(RESET)
 <LI><a href="#[29]">PWM1_IRQHandler</a> from arm_startup_nrf52.o(.text) referenced from arm_startup_nrf52.o(RESET)
 <LI><a href="#[2a]">PWM2_IRQHandler</a> from arm_startup_nrf52.o(.text) referenced from arm_startup_nrf52.o(RESET)
 <LI><a href="#[8]">PendSV_Handler</a> from arm_startup_nrf52.o(.text) referenced from arm_startup_nrf52.o(RESET)
 <LI><a href="#[1c]">QDEC_IRQHandler</a> from arm_startup_nrf52.o(.text) referenced from arm_startup_nrf52.o(RESET)
 <LI><a href="#[b]">RADIO_IRQHandler</a> from arm_startup_nrf52.o(.text) referenced from arm_startup_nrf52.o(RESET)
 <LI><a href="#[17]">RNG_IRQHandler</a> from arm_startup_nrf52.o(.text) referenced from arm_startup_nrf52.o(RESET)
 <LI><a href="#[15]">RTC0_IRQHandler</a> from arm_startup_nrf52.o(.text) referenced from arm_startup_nrf52.o(RESET)
 <LI><a href="#[1b]">RTC1_IRQHandler</a> from app_timer.o(i.RTC1_IRQHandler) referenced from arm_startup_nrf52.o(RESET)
 <LI><a href="#[2c]">RTC2_IRQHandler</a> from arm_startup_nrf52.o(.text) referenced from arm_startup_nrf52.o(RESET)
 <LI><a href="#[0]">Reset_Handler</a> from arm_startup_nrf52.o(.text) referenced from arm_startup_nrf52.o(RESET)
 <LI><a href="#[11]">SAADC_IRQHandler</a> from arm_startup_nrf52.o(.text) referenced from arm_startup_nrf52.o(RESET)
 <LI><a href="#[d]">SPIM0_SPIS0_TWIM0_TWIS0_SPI0_TWI0_IRQHandler</a> from nrfx_spim.o(i.SPIM0_SPIS0_TWIM0_TWIS0_SPI0_TWI0_IRQHandler) referenced from nrfx_spim.o(.constdata)
 <LI><a href="#[d]">SPIM0_SPIS0_TWIM0_TWIS0_SPI0_TWI0_IRQHandler</a> from nrfx_spim.o(i.SPIM0_SPIS0_TWIM0_TWIS0_SPI0_TWI0_IRQHandler) referenced from arm_startup_nrf52.o(RESET)
 <LI><a href="#[e]">SPIM1_SPIS1_TWIM1_TWIS1_SPI1_TWI1_IRQHandler</a> from arm_startup_nrf52.o(.text) referenced from arm_startup_nrf52.o(RESET)
 <LI><a href="#[2b]">SPIM2_SPIS2_SPI2_IRQHandler</a> from arm_startup_nrf52.o(.text) referenced from arm_startup_nrf52.o(RESET)
 <LI><a href="#[6]">SVC_Handler</a> from arm_startup_nrf52.o(.text) referenced from arm_startup_nrf52.o(RESET)
 <LI><a href="#[1e]">SWI0_EGU0_IRQHandler</a> from app_timer.o(i.SWI0_EGU0_IRQHandler) referenced from arm_startup_nrf52.o(RESET)
 <LI><a href="#[1f]">SWI1_EGU1_IRQHandler</a> from arm_startup_nrf52.o(.text) referenced from arm_startup_nrf52.o(RESET)
 <LI><a href="#[20]">SWI2_EGU2_IRQHandler</a> from nrf_sdh.o(i.SWI2_EGU2_IRQHandler) referenced from arm_startup_nrf52.o(RESET)
 <LI><a href="#[21]">SWI3_EGU3_IRQHandler</a> from arm_startup_nrf52.o(.text) referenced from arm_startup_nrf52.o(RESET)
 <LI><a href="#[22]">SWI4_EGU4_IRQHandler</a> from arm_startup_nrf52.o(.text) referenced from arm_startup_nrf52.o(RESET)
 <LI><a href="#[23]">SWI5_EGU5_IRQHandler</a> from arm_startup_nrf52.o(.text) referenced from arm_startup_nrf52.o(RESET)
 <LI><a href="#[9]">SysTick_Handler</a> from arm_startup_nrf52.o(.text) referenced from arm_startup_nrf52.o(RESET)
 <LI><a href="#[30]">SystemInit</a> from system_nrf52.o(i.SystemInit) referenced from arm_startup_nrf52.o(.text)
 <LI><a href="#[16]">TEMP_IRQHandler</a> from arm_startup_nrf52.o(.text) referenced from arm_startup_nrf52.o(RESET)
 <LI><a href="#[12]">TIMER0_IRQHandler</a> from arm_startup_nrf52.o(.text) referenced from arm_startup_nrf52.o(RESET)
 <LI><a href="#[13]">TIMER1_IRQHandler</a> from arm_startup_nrf52.o(.text) referenced from arm_startup_nrf52.o(RESET)
 <LI><a href="#[14]">TIMER2_IRQHandler</a> from arm_startup_nrf52.o(.text) referenced from arm_startup_nrf52.o(RESET)
 <LI><a href="#[24]">TIMER3_IRQHandler</a> from arm_startup_nrf52.o(.text) referenced from arm_startup_nrf52.o(RESET)
 <LI><a href="#[25]">TIMER4_IRQHandler</a> from arm_startup_nrf52.o(.text) referenced from arm_startup_nrf52.o(RESET)
 <LI><a href="#[c]">UARTE0_UART0_IRQHandler</a> from nrfx_prs.o(i.UARTE0_UART0_IRQHandler) referenced from arm_startup_nrf52.o(RESET)
 <LI><a href="#[5]">UsageFault_Handler</a> from arm_startup_nrf52.o(.text) referenced from arm_startup_nrf52.o(RESET)
 <LI><a href="#[1a]">WDT_IRQHandler</a> from arm_startup_nrf52.o(.text) referenced from arm_startup_nrf52.o(RESET)
 <LI><a href="#[31]">__main</a> from entry.o(.ARM.Collect$$$$00000000) referenced from arm_startup_nrf52.o(.text)
 <LI><a href="#[33]">_sputc</a> from printfa.o(i._sputc) referenced from printfa.o(i.__0sprintf)
 <LI><a href="#[3a]">alert_timer_handler</a> from bsp.o(i.alert_timer_handler) referenced from bsp.o(i.bsp_init)
 <LI><a href="#[48]">app_error_fault_handler</a> from app_error_weak.o(i.app_error_fault_handler) referenced from nrf_sdh.o(i.nrf_sdh_enable_request)
 <LI><a href="#[52]">ble_advertising_on_ble_evt</a> from ble_advertising.o(i.ble_advertising_on_ble_evt) referenced from main.o(sdh_ble_observers1)
 <LI><a href="#[59]">ble_advertising_on_sys_evt</a> from ble_advertising.o(i.ble_advertising_on_sys_evt) referenced from main.o(sdh_soc_observers1)
 <LI><a href="#[50]">ble_evt_handler</a> from ble_conn_state.o(i.ble_evt_handler) referenced from ble_conn_state.o(sdh_ble_observers0)
 <LI><a href="#[53]">ble_evt_handler</a> from bsp_btn_ble.o(i.ble_evt_handler) referenced 2 times from bsp_btn_ble.o(sdh_ble_observers1)
 <LI><a href="#[57]">ble_evt_handler</a> from main.o(i.ble_evt_handler) referenced from main.o(sdh_ble_observers3)
 <LI><a href="#[55]">ble_nus_on_ble_evt</a> from ble_nus.o(i.ble_nus_on_ble_evt) referenced from main.o(sdh_ble_observers2)
 <LI><a href="#[49]">bmi160_spi_bus_read</a> from main.o(i.bmi160_spi_bus_read) referenced from main.o(i.sensor_config)
 <LI><a href="#[4a]">bmi160_spi_bus_write</a> from main.o(i.bmi160_spi_bus_write) referenced from main.o(i.sensor_config)
 <LI><a href="#[4d]">bsp_button_event_handler</a> from bsp.o(i.bsp_button_event_handler) referenced 4 times from bsp.o(.constdata)
 <LI><a href="#[3e]">bsp_event_handler</a> from main.o(i.bsp_event_handler) referenced from main.o(i.main)
 <LI><a href="#[38]">button_timer_handler</a> from bsp.o(i.button_timer_handler) referenced from bsp.o(i.bsp_init)
 <LI><a href="#[44]">clock_irq_handler</a> from nrf_drv_clock.o(i.clock_irq_handler) referenced from nrf_drv_clock.o(i.nrf_drv_clock_init)
 <LI><a href="#[43]">conn_params_error_handler</a> from main.o(i.conn_params_error_handler) referenced from main.o(i.main)
 <LI><a href="#[35]">detection_delay_timeout_handler</a> from app_button.o(i.detection_delay_timeout_handler) referenced from app_button.o(i.app_button_init)
 <LI><a href="#[32]">fputc</a> from retarget.o(i.fputc) referenced from printfa.o(i.__0printf)
 <LI><a href="#[3c]">gatt_evt_handler</a> from main.o(i.gatt_evt_handler) referenced from main.o(i.gatt_init)
 <LI><a href="#[34]">gpiote_event_handler</a> from app_button.o(i.gpiote_event_handler) referenced from app_button.o(i.app_button_init)
 <LI><a href="#[3b]">interrupt_handler</a> from main.o(i.interrupt_handler) referenced from main.o(i.config_gpio)
 <LI><a href="#[39]">leds_timer_handler</a> from bsp.o(i.leds_timer_handler) referenced from bsp.o(i.bsp_init)
 <LI><a href="#[2f]">main</a> from main.o(i.main) referenced from entry9a.o(.ARM.Collect$$$$0000000B)
 <LI><a href="#[51]">nrf_ble_gatt_on_ble_evt</a> from nrf_ble_gatt.o(i.nrf_ble_gatt_on_ble_evt) referenced from main.o(sdh_ble_observers1)
 <LI><a href="#[56]">nrf_ble_qwr_on_ble_evt</a> from nrf_ble_qwr.o(i.nrf_ble_qwr_on_ble_evt) referenced from main.o(sdh_ble_observers2)
 <LI><a href="#[4b]">nrf_delay_ms</a> from main.o(i.nrf_delay_ms) referenced from main.o(i.sensor_config)
 <LI><a href="#[3f]">nrf_qwr_error_handler</a> from main.o(i.nrf_qwr_error_handler) referenced from main.o(i.main)
 <LI><a href="#[5a]">nrf_sdh_ble_evts_poll</a> from nrf_sdh_ble.o(i.nrf_sdh_ble_evts_poll) referenced from nrf_sdh_ble.o(sdh_stack_observers0)
 <LI><a href="#[5b]">nrf_sdh_soc_evts_poll</a> from nrf_sdh_soc.o(i.nrf_sdh_soc_evts_poll) referenced from nrf_sdh_soc.o(sdh_stack_observers0)
 <LI><a href="#[4e]">nrfx_uart_0_irq_handler</a> from nrfx_uart.o(i.nrfx_uart_0_irq_handler) referenced from nrfx_uart.o(.constdata)
 <LI><a href="#[4f]">nrfx_uarte_0_irq_handler</a> from nrfx_uarte.o(i.nrfx_uarte_0_irq_handler) referenced from nrfx_uarte.o(.constdata)
 <LI><a href="#[40]">nus_data_handler</a> from main.o(i.nus_data_handler) referenced from main.o(i.main)
 <LI><a href="#[41]">on_adv_evt</a> from main.o(i.on_adv_evt) referenced from main.o(i.main)
 <LI><a href="#[42]">on_conn_params_evt</a> from main.o(i.on_conn_params_evt) referenced from main.o(i.main)
 <LI><a href="#[5c]">sd_state_evt_handler</a> from nrf_drv_clock.o(i.sd_state_evt_handler) referenced from nrf_drv_clock.o(sdh_state_observers0)
 <LI><a href="#[58]">soc_evt_handler</a> from nrf_drv_clock.o(i.soc_evt_handler) referenced from nrf_drv_clock.o(sdh_soc_observers0)
 <LI><a href="#[4c]">spi_event_handler</a> from main.o(i.spi_event_handler) referenced from main.o(i.spi_config)
 <LI><a href="#[45]">spim_evt_handler</a> from nrf_drv_spi.o(i.spim_evt_handler) referenced from nrf_drv_spi.o(i.nrf_drv_spi_init)
 <LI><a href="#[3d]">uart_event_handle</a> from main.o(i.uart_event_handle) referenced from main.o(i.main)
 <LI><a href="#[36]">uart_event_handler</a> from app_uart_fifo.o(i.uart_event_handler) referenced from app_uart_fifo.o(i.app_uart_init)
 <LI><a href="#[47]">uart_evt_handler</a> from nrf_drv_uart.o(i.uart_evt_handler) referenced from nrf_drv_uart.o(i.nrf_drv_uart_init)
 <LI><a href="#[46]">uarte_evt_handler</a> from nrf_drv_uart.o(i.uarte_evt_handler) referenced from nrf_drv_uart.o(i.nrf_drv_uart_init)
 <LI><a href="#[37]">update_timeout_handler</a> from ble_conn_params.o(i.update_timeout_handler) referenced from ble_conn_params.o(i.ble_conn_params_init)
</UL>
<P>
<H3>
Global Symbols
</H3>
<P><STRONG><a name="[31]"></a>__main</STRONG> (Thumb, 0 bytes, Stack size unknown bytes, entry.o(.ARM.Collect$$$$00000000))
<BR>[Address Reference Count : 1]<UL><LI> arm_startup_nrf52.o(.text)
</UL>
<P><STRONG><a name="[16e]"></a>_main_stk</STRONG> (Thumb, 0 bytes, Stack size unknown bytes, entry2.o(.ARM.Collect$$$$00000001))

<P><STRONG><a name="[5d]"></a>_main_scatterload</STRONG> (Thumb, 0 bytes, Stack size unknown bytes, entry5.o(.ARM.Collect$$$$00000004))
<BR><BR>[Calls]<UL><LI><a href="#[5e]">&gt;&gt;</a>&nbsp;&nbsp;&nbsp;__scatterload
</UL>

<P><STRONG><a name="[6f]"></a>__main_after_scatterload</STRONG> (Thumb, 0 bytes, Stack size unknown bytes, entry5.o(.ARM.Collect$$$$00000004))
<BR><BR>[Called By]<UL><LI><a href="#[5e]">&gt;&gt;</a>&nbsp;&nbsp;&nbsp;__scatterload
</UL>

<P><STRONG><a name="[16f]"></a>_main_clock</STRONG> (Thumb, 0 bytes, Stack size unknown bytes, entry7b.o(.ARM.Collect$$$$00000008))

<P><STRONG><a name="[170]"></a>_main_cpp_init</STRONG> (Thumb, 0 bytes, Stack size unknown bytes, entry8b.o(.ARM.Collect$$$$0000000A))

<P><STRONG><a name="[171]"></a>_main_init</STRONG> (Thumb, 0 bytes, Stack size unknown bytes, entry9a.o(.ARM.Collect$$$$0000000B))

<P><STRONG><a name="[172]"></a>__rt_final_cpp</STRONG> (Thumb, 0 bytes, Stack size unknown bytes, entry10a.o(.ARM.Collect$$$$0000000D))

<P><STRONG><a name="[173]"></a>__rt_final_exit</STRONG> (Thumb, 0 bytes, Stack size unknown bytes, entry11a.o(.ARM.Collect$$$$0000000F))

<P><STRONG><a name="[174]"></a>__asm___12_nrf_atomic_c_85ca2469__nrf_atomic_internal_mov</STRONG> (Thumb, 24 bytes, Stack size 0 bytes, nrf_atomic.o(.emb_text), UNUSED)

<P><STRONG><a name="[135]"></a>__asm___12_nrf_atomic_c_85ca2469__nrf_atomic_internal_orr</STRONG> (Thumb, 26 bytes, Stack size 0 bytes, nrf_atomic.o(.emb_text))
<BR><BR>[Called By]<UL><LI><a href="#[133]">&gt;&gt;</a>&nbsp;&nbsp;&nbsp;nrf_atomic_u32_or
</UL>

<P><STRONG><a name="[134]"></a>__asm___12_nrf_atomic_c_85ca2469__nrf_atomic_internal_and</STRONG> (Thumb, 26 bytes, Stack size 0 bytes, nrf_atomic.o(.emb_text))
<BR><BR>[Called By]<UL><LI><a href="#[cf]">&gt;&gt;</a>&nbsp;&nbsp;&nbsp;nrf_atomic_u32_and
</UL>

<P><STRONG><a name="[175]"></a>__asm___12_nrf_atomic_c_85ca2469__nrf_atomic_internal_eor</STRONG> (Thumb, 26 bytes, Stack size 0 bytes, nrf_atomic.o(.emb_text), UNUSED)

<P><STRONG><a name="[176]"></a>__asm___12_nrf_atomic_c_85ca2469__nrf_atomic_internal_add</STRONG> (Thumb, 26 bytes, Stack size 0 bytes, nrf_atomic.o(.emb_text), UNUSED)

<P><STRONG><a name="[177]"></a>__asm___12_nrf_atomic_c_85ca2469__nrf_atomic_internal_sub</STRONG> (Thumb, 26 bytes, Stack size 0 bytes, nrf_atomic.o(.emb_text), UNUSED)

<P><STRONG><a name="[178]"></a>__asm___12_nrf_atomic_c_85ca2469__nrf_atomic_internal_cmp_exch</STRONG> (Thumb, 42 bytes, Stack size 0 bytes, nrf_atomic.o(.emb_text), UNUSED)

<P><STRONG><a name="[179]"></a>__asm___12_nrf_atomic_c_85ca2469__nrf_atomic_internal_sub_hs</STRONG> (Thumb, 30 bytes, Stack size 0 bytes, nrf_atomic.o(.emb_text), UNUSED)

<P><STRONG><a name="[0]"></a>Reset_Handler</STRONG> (Thumb, 8 bytes, Stack size 0 bytes, arm_startup_nrf52.o(.text))
<BR>[Address Reference Count : 1]<UL><LI> arm_startup_nrf52.o(RESET)
</UL>
<P><STRONG><a name="[1]"></a>NMI_Handler</STRONG> (Thumb, 2 bytes, Stack size 0 bytes, arm_startup_nrf52.o(.text))
<BR><BR>[Calls]<UL><LI><a href="#[1]">&gt;&gt;</a>&nbsp;&nbsp;&nbsp;NMI_Handler
</UL>
<BR>[Called By]<UL><LI><a href="#[1]">&gt;&gt;</a>&nbsp;&nbsp;&nbsp;NMI_Handler
</UL>
<BR>[Address Reference Count : 1]<UL><LI> arm_startup_nrf52.o(RESET)
</UL>
<P><STRONG><a name="[2]"></a>HardFault_Handler</STRONG> (Thumb, 2 bytes, Stack size 0 bytes, arm_startup_nrf52.o(.text))
<BR><BR>[Calls]<UL><LI><a href="#[2]">&gt;&gt;</a>&nbsp;&nbsp;&nbsp;HardFault_Handler
</UL>
<BR>[Called By]<UL><LI><a href="#[2]">&gt;&gt;</a>&nbsp;&nbsp;&nbsp;HardFault_Handler
</UL>
<BR>[Address Reference Count : 1]<UL><LI> arm_startup_nrf52.o(RESET)
</UL>
<P><STRONG><a name="[3]"></a>MemoryManagement_Handler</STRONG> (Thumb, 2 bytes, Stack size 0 bytes, arm_startup_nrf52.o(.text))
<BR><BR>[Calls]<UL><LI><a href="#[3]">&gt;&gt;</a>&nbsp;&nbsp;&nbsp;MemoryManagement_Handler
</UL>
<BR>[Called By]<UL><LI><a href="#[3]">&gt;&gt;</a>&nbsp;&nbsp;&nbsp;MemoryManagement_Handler
</UL>
<BR>[Address Reference Count : 1]<UL><LI> arm_startup_nrf52.o(RESET)
</UL>
<P><STRONG><a name="[4]"></a>BusFault_Handler</STRONG> (Thumb, 2 bytes, Stack size 0 bytes, arm_startup_nrf52.o(.text))
<BR><BR>[Calls]<UL><LI><a href="#[4]">&gt;&gt;</a>&nbsp;&nbsp;&nbsp;BusFault_Handler
</UL>
<BR>[Called By]<UL><LI><a href="#[4]">&gt;&gt;</a>&nbsp;&nbsp;&nbsp;BusFault_Handler
</UL>
<BR>[Address Reference Count : 1]<UL><LI> arm_startup_nrf52.o(RESET)
</UL>
<P><STRONG><a name="[5]"></a>UsageFault_Handler</STRONG> (Thumb, 2 bytes, Stack size 0 bytes, arm_startup_nrf52.o(.text))
<BR><BR>[Calls]<UL><LI><a href="#[5]">&gt;&gt;</a>&nbsp;&nbsp;&nbsp;UsageFault_Handler
</UL>
<BR>[Called By]<UL><LI><a href="#[5]">&gt;&gt;</a>&nbsp;&nbsp;&nbsp;UsageFault_Handler
</UL>
<BR>[Address Reference Count : 1]<UL><LI> arm_startup_nrf52.o(RESET)
</UL>
<P><STRONG><a name="[6]"></a>SVC_Handler</STRONG> (Thumb, 2 bytes, Stack size 0 bytes, arm_startup_nrf52.o(.text))
<BR><BR>[Calls]<UL><LI><a href="#[6]">&gt;&gt;</a>&nbsp;&nbsp;&nbsp;SVC_Handler
</UL>
<BR>[Called By]<UL><LI><a href="#[6]">&gt;&gt;</a>&nbsp;&nbsp;&nbsp;SVC_Handler
</UL>
<BR>[Address Reference Count : 1]<UL><LI> arm_startup_nrf52.o(RESET)
</UL>
<P><STRONG><a name="[7]"></a>DebugMon_Handler</STRONG> (Thumb, 2 bytes, Stack size 0 bytes, arm_startup_nrf52.o(.text))
<BR><BR>[Calls]<UL><LI><a href="#[7]">&gt;&gt;</a>&nbsp;&nbsp;&nbsp;DebugMon_Handler
</UL>
<BR>[Called By]<UL><LI><a href="#[7]">&gt;&gt;</a>&nbsp;&nbsp;&nbsp;DebugMon_Handler
</UL>
<BR>[Address Reference Count : 1]<UL><LI> arm_startup_nrf52.o(RESET)
</UL>
<P><STRONG><a name="[8]"></a>PendSV_Handler</STRONG> (Thumb, 2 bytes, Stack size 0 bytes, arm_startup_nrf52.o(.text))
<BR><BR>[Calls]<UL><LI><a href="#[8]">&gt;&gt;</a>&nbsp;&nbsp;&nbsp;PendSV_Handler
</UL>
<BR>[Called By]<UL><LI><a href="#[8]">&gt;&gt;</a>&nbsp;&nbsp;&nbsp;PendSV_Handler
</UL>
<BR>[Address Reference Count : 1]<UL><LI> arm_startup_nrf52.o(RESET)
</UL>
<P><STRONG><a name="[9]"></a>SysTick_Handler</STRONG> (Thumb, 2 bytes, Stack size 0 bytes, arm_startup_nrf52.o(.text))
<BR><BR>[Calls]<UL><LI><a href="#[9]">&gt;&gt;</a>&nbsp;&nbsp;&nbsp;SysTick_Handler
</UL>
<BR>[Called By]<UL><LI><a href="#[9]">&gt;&gt;</a>&nbsp;&nbsp;&nbsp;SysTick_Handler
</UL>
<BR>[Address Reference Count : 1]<UL><LI> arm_startup_nrf52.o(RESET)
</UL>
<P><STRONG><a name="[19]"></a>CCM_AAR_IRQHandler</STRONG> (Thumb, 0 bytes, Stack size 0 bytes, arm_startup_nrf52.o(.text))
<BR><BR>[Calls]<UL><LI><a href="#[19]">&gt;&gt;</a>&nbsp;&nbsp;&nbsp;CCM_AAR_IRQHandler
</UL>
<BR>[Called By]<UL><LI><a href="#[19]">&gt;&gt;</a>&nbsp;&nbsp;&nbsp;CCM_AAR_IRQHandler
</UL>
<BR>[Address Reference Count : 1]<UL><LI> arm_startup_nrf52.o(RESET)
</UL>
<P><STRONG><a name="[1d]"></a>COMP_LPCOMP_IRQHandler</STRONG> (Thumb, 0 bytes, Stack size 0 bytes, arm_startup_nrf52.o(.text))
<BR>[Address Reference Count : 1]<UL><LI> arm_startup_nrf52.o(RESET)
</UL>
<P><STRONG><a name="[18]"></a>ECB_IRQHandler</STRONG> (Thumb, 0 bytes, Stack size 0 bytes, arm_startup_nrf52.o(.text))
<BR>[Address Reference Count : 1]<UL><LI> arm_startup_nrf52.o(RESET)
</UL>
<P><STRONG><a name="[2e]"></a>FPU_IRQHandler</STRONG> (Thumb, 0 bytes, Stack size 0 bytes, arm_startup_nrf52.o(.text))
<BR>[Address Reference Count : 1]<UL><LI> arm_startup_nrf52.o(RESET)
</UL>
<P><STRONG><a name="[2d]"></a>I2S_IRQHandler</STRONG> (Thumb, 0 bytes, Stack size 0 bytes, arm_startup_nrf52.o(.text))
<BR>[Address Reference Count : 1]<UL><LI> arm_startup_nrf52.o(RESET)
</UL>
<P><STRONG><a name="[28]"></a>MWU_IRQHandler</STRONG> (Thumb, 0 bytes, Stack size 0 bytes, arm_startup_nrf52.o(.text))
<BR>[Address Reference Count : 1]<UL><LI> arm_startup_nrf52.o(RESET)
</UL>
<P><STRONG><a name="[f]"></a>NFCT_IRQHandler</STRONG> (Thumb, 0 bytes, Stack size 0 bytes, arm_startup_nrf52.o(.text))
<BR>[Address Reference Count : 1]<UL><LI> arm_startup_nrf52.o(RESET)
</UL>
<P><STRONG><a name="[27]"></a>PDM_IRQHandler</STRONG> (Thumb, 0 bytes, Stack size 0 bytes, arm_startup_nrf52.o(.text))
<BR>[Address Reference Count : 1]<UL><LI> arm_startup_nrf52.o(RESET)
</UL>
<P><STRONG><a name="[26]"></a>PWM0_IRQHandler</STRONG> (Thumb, 0 bytes, Stack size 0 bytes, arm_startup_nrf52.o(.text))
<BR>[Address Reference Count : 1]<UL><LI> arm_startup_nrf52.o(RESET)
</UL>
<P><STRONG><a name="[29]"></a>PWM1_IRQHandler</STRONG> (Thumb, 0 bytes, Stack size 0 bytes, arm_startup_nrf52.o(.text))
<BR>[Address Reference Count : 1]<UL><LI> arm_startup_nrf52.o(RESET)
</UL>
<P><STRONG><a name="[2a]"></a>PWM2_IRQHandler</STRONG> (Thumb, 0 bytes, Stack size 0 bytes, arm_startup_nrf52.o(.text))
<BR>[Address Reference Count : 1]<UL><LI> arm_startup_nrf52.o(RESET)
</UL>
<P><STRONG><a name="[1c]"></a>QDEC_IRQHandler</STRONG> (Thumb, 0 bytes, Stack size 0 bytes, arm_startup_nrf52.o(.text))
<BR>[Address Reference Count : 1]<UL><LI> arm_startup_nrf52.o(RESET)
</UL>
<P><STRONG><a name="[b]"></a>RADIO_IRQHandler</STRONG> (Thumb, 0 bytes, Stack size 0 bytes, arm_startup_nrf52.o(.text))
<BR>[Address Reference Count : 1]<UL><LI> arm_startup_nrf52.o(RESET)
</UL>
<P><STRONG><a name="[17]"></a>RNG_IRQHandler</STRONG> (Thumb, 0 bytes, Stack size 0 bytes, arm_startup_nrf52.o(.text))
<BR>[Address Reference Count : 1]<UL><LI> arm_startup_nrf52.o(RESET)
</UL>
<P><STRONG><a name="[15]"></a>RTC0_IRQHandler</STRONG> (Thumb, 0 bytes, Stack size 0 bytes, arm_startup_nrf52.o(.text))
<BR>[Address Reference Count : 1]<UL><LI> arm_startup_nrf52.o(RESET)
</UL>
<P><STRONG><a name="[2c]"></a>RTC2_IRQHandler</STRONG> (Thumb, 0 bytes, Stack size 0 bytes, arm_startup_nrf52.o(.text))
<BR>[Address Reference Count : 1]<UL><LI> arm_startup_nrf52.o(RESET)
</UL>
<P><STRONG><a name="[11]"></a>SAADC_IRQHandler</STRONG> (Thumb, 0 bytes, Stack size 0 bytes, arm_startup_nrf52.o(.text))
<BR>[Address Reference Count : 1]<UL><LI> arm_startup_nrf52.o(RESET)
</UL>
<P><STRONG><a name="[e]"></a>SPIM1_SPIS1_TWIM1_TWIS1_SPI1_TWI1_IRQHandler</STRONG> (Thumb, 0 bytes, Stack size 0 bytes, arm_startup_nrf52.o(.text))
<BR>[Address Reference Count : 1]<UL><LI> arm_startup_nrf52.o(RESET)
</UL>
<P><STRONG><a name="[2b]"></a>SPIM2_SPIS2_SPI2_IRQHandler</STRONG> (Thumb, 0 bytes, Stack size 0 bytes, arm_startup_nrf52.o(.text))
<BR>[Address Reference Count : 1]<UL><LI> arm_startup_nrf52.o(RESET)
</UL>
<P><STRONG><a name="[1f]"></a>SWI1_EGU1_IRQHandler</STRONG> (Thumb, 0 bytes, Stack size 0 bytes, arm_startup_nrf52.o(.text))
<BR>[Address Reference Count : 1]<UL><LI> arm_startup_nrf52.o(RESET)
</UL>
<P><STRONG><a name="[21]"></a>SWI3_EGU3_IRQHandler</STRONG> (Thumb, 0 bytes, Stack size 0 bytes, arm_startup_nrf52.o(.text))
<BR>[Address Reference Count : 1]<UL><LI> arm_startup_nrf52.o(RESET)
</UL>
<P><STRONG><a name="[22]"></a>SWI4_EGU4_IRQHandler</STRONG> (Thumb, 0 bytes, Stack size 0 bytes, arm_startup_nrf52.o(.text))
<BR>[Address Reference Count : 1]<UL><LI> arm_startup_nrf52.o(RESET)
</UL>
<P><STRONG><a name="[23]"></a>SWI5_EGU5_IRQHandler</STRONG> (Thumb, 0 bytes, Stack size 0 bytes, arm_startup_nrf52.o(.text))
<BR>[Address Reference Count : 1]<UL><LI> arm_startup_nrf52.o(RESET)
</UL>
<P><STRONG><a name="[16]"></a>TEMP_IRQHandler</STRONG> (Thumb, 0 bytes, Stack size 0 bytes, arm_startup_nrf52.o(.text))
<BR>[Address Reference Count : 1]<UL><LI> arm_startup_nrf52.o(RESET)
</UL>
<P><STRONG><a name="[12]"></a>TIMER0_IRQHandler</STRONG> (Thumb, 0 bytes, Stack size 0 bytes, arm_startup_nrf52.o(.text))
<BR>[Address Reference Count : 1]<UL><LI> arm_startup_nrf52.o(RESET)
</UL>
<P><STRONG><a name="[13]"></a>TIMER1_IRQHandler</STRONG> (Thumb, 0 bytes, Stack size 0 bytes, arm_startup_nrf52.o(.text))
<BR>[Address Reference Count : 1]<UL><LI> arm_startup_nrf52.o(RESET)
</UL>
<P><STRONG><a name="[14]"></a>TIMER2_IRQHandler</STRONG> (Thumb, 0 bytes, Stack size 0 bytes, arm_startup_nrf52.o(.text))
<BR>[Address Reference Count : 1]<UL><LI> arm_startup_nrf52.o(RESET)
</UL>
<P><STRONG><a name="[24]"></a>TIMER3_IRQHandler</STRONG> (Thumb, 0 bytes, Stack size 0 bytes, arm_startup_nrf52.o(.text))
<BR>[Address Reference Count : 1]<UL><LI> arm_startup_nrf52.o(RESET)
</UL>
<P><STRONG><a name="[25]"></a>TIMER4_IRQHandler</STRONG> (Thumb, 0 bytes, Stack size 0 bytes, arm_startup_nrf52.o(.text))
<BR>[Address Reference Count : 1]<UL><LI> arm_startup_nrf52.o(RESET)
</UL>
<P><STRONG><a name="[1a]"></a>WDT_IRQHandler</STRONG> (Thumb, 0 bytes, Stack size 0 bytes, arm_startup_nrf52.o(.text))
<BR>[Address Reference Count : 1]<UL><LI> arm_startup_nrf52.o(RESET)
</UL>
<P><STRONG><a name="[5f]"></a>__aeabi_uldivmod</STRONG> (Thumb, 98 bytes, Stack size 40 bytes, uldiv.o(.text))
<BR><BR>[Stack]<UL><LI>Max Depth = 40<LI>Call Chain = __aeabi_uldivmod
</UL>
<BR>[Calls]<UL><LI><a href="#[61]">&gt;&gt;</a>&nbsp;&nbsp;&nbsp;__aeabi_llsl
<LI><a href="#[60]">&gt;&gt;</a>&nbsp;&nbsp;&nbsp;__aeabi_llsr
</UL>
<BR>[Called By]<UL><LI><a href="#[108]">&gt;&gt;</a>&nbsp;&nbsp;&nbsp;bsp_led_indication
<LI><a href="#[80]">&gt;&gt;</a>&nbsp;&nbsp;&nbsp;_printf_core
<LI><a href="#[82]">&gt;&gt;</a>&nbsp;&nbsp;&nbsp;_fp_digits
</UL>

<P><STRONG><a name="[61]"></a>__aeabi_llsl</STRONG> (Thumb, 30 bytes, Stack size 0 bytes, llshl.o(.text))
<BR><BR>[Called By]<UL><LI><a href="#[34]">&gt;&gt;</a>&nbsp;&nbsp;&nbsp;gpiote_event_handler
<LI><a href="#[35]">&gt;&gt;</a>&nbsp;&nbsp;&nbsp;detection_delay_timeout_handler
<LI><a href="#[5f]">&gt;&gt;</a>&nbsp;&nbsp;&nbsp;__aeabi_uldivmod
<LI><a href="#[66]">&gt;&gt;</a>&nbsp;&nbsp;&nbsp;_double_epilogue
<LI><a href="#[68]">&gt;&gt;</a>&nbsp;&nbsp;&nbsp;__aeabi_dadd
<LI><a href="#[6e]">&gt;&gt;</a>&nbsp;&nbsp;&nbsp;__aeabi_d2ulz
</UL>

<P><STRONG><a name="[17a]"></a>_ll_shift_l</STRONG> (Thumb, 0 bytes, Stack size 0 bytes, llshl.o(.text), UNUSED)

<P><STRONG><a name="[132]"></a>__aeabi_memcpy</STRONG> (Thumb, 36 bytes, Stack size 0 bytes, memcpya.o(.text))
<BR><BR>[Called By]<UL><LI><a href="#[ba]">&gt;&gt;</a>&nbsp;&nbsp;&nbsp;service_data_encode
<LI><a href="#[b9]">&gt;&gt;</a>&nbsp;&nbsp;&nbsp;manuf_specific_data_encode
</UL>

<P><STRONG><a name="[a6]"></a>__aeabi_memcpy4</STRONG> (Thumb, 0 bytes, Stack size 0 bytes, memcpya.o(.text))
<BR><BR>[Called By]<UL><LI><a href="#[d0]">&gt;&gt;</a>&nbsp;&nbsp;&nbsp;conn_handle_list_get
<LI><a href="#[50]">&gt;&gt;</a>&nbsp;&nbsp;&nbsp;ble_evt_handler
<LI><a href="#[51]">&gt;&gt;</a>&nbsp;&nbsp;&nbsp;nrf_ble_gatt_on_ble_evt
<LI><a href="#[c5]">&gt;&gt;</a>&nbsp;&nbsp;&nbsp;ble_conn_params_init
<LI><a href="#[be]">&gt;&gt;</a>&nbsp;&nbsp;&nbsp;ble_advertising_init
<LI><a href="#[a4]">&gt;&gt;</a>&nbsp;&nbsp;&nbsp;app_uart_init
<LI><a href="#[2f]">&gt;&gt;</a>&nbsp;&nbsp;&nbsp;main
<LI><a href="#[121]">&gt;&gt;</a>&nbsp;&nbsp;&nbsp;get_bmi160_fifo_data
<LI><a href="#[a7]">&gt;&gt;</a>&nbsp;&nbsp;&nbsp;nrf_drv_uart_init
</UL>

<P><STRONG><a name="[17b]"></a>__aeabi_memcpy8</STRONG> (Thumb, 0 bytes, Stack size 0 bytes, memcpya.o(.text), UNUSED)

<P><STRONG><a name="[63]"></a>__aeabi_memset</STRONG> (Thumb, 14 bytes, Stack size 0 bytes, memseta.o(.text), UNUSED)
<BR><BR>[Called By]<UL><LI><a href="#[64]">&gt;&gt;</a>&nbsp;&nbsp;&nbsp;_memset$wrapper
<LI><a href="#[62]">&gt;&gt;</a>&nbsp;&nbsp;&nbsp;__aeabi_memclr
</UL>

<P><STRONG><a name="[17c]"></a>__aeabi_memset4</STRONG> (Thumb, 0 bytes, Stack size 0 bytes, memseta.o(.text), UNUSED)

<P><STRONG><a name="[17d]"></a>__aeabi_memset8</STRONG> (Thumb, 0 bytes, Stack size 0 bytes, memseta.o(.text), UNUSED)

<P><STRONG><a name="[62]"></a>__aeabi_memclr</STRONG> (Thumb, 4 bytes, Stack size 0 bytes, memseta.o(.text), UNUSED)
<BR><BR>[Calls]<UL><LI><a href="#[63]">&gt;&gt;</a>&nbsp;&nbsp;&nbsp;__aeabi_memset
</UL>

<P><STRONG><a name="[c2]"></a>__aeabi_memclr4</STRONG> (Thumb, 0 bytes, Stack size 0 bytes, memseta.o(.text))
<BR><BR>[Called By]<UL><LI><a href="#[d5]">&gt;&gt;</a>&nbsp;&nbsp;&nbsp;characteristic_add
<LI><a href="#[55]">&gt;&gt;</a>&nbsp;&nbsp;&nbsp;ble_nus_on_ble_evt
<LI><a href="#[d4]">&gt;&gt;</a>&nbsp;&nbsp;&nbsp;ble_nus_init
<LI><a href="#[bf]">&gt;&gt;</a>&nbsp;&nbsp;&nbsp;ble_advertising_start
<LI><a href="#[2f]">&gt;&gt;</a>&nbsp;&nbsp;&nbsp;main
<LI><a href="#[d7]">&gt;&gt;</a>&nbsp;&nbsp;&nbsp;on_write
<LI><a href="#[d6]">&gt;&gt;</a>&nbsp;&nbsp;&nbsp;on_connect
</UL>

<P><STRONG><a name="[17e]"></a>__aeabi_memclr8</STRONG> (Thumb, 0 bytes, Stack size 0 bytes, memseta.o(.text), UNUSED)

<P><STRONG><a name="[64]"></a>_memset$wrapper</STRONG> (Thumb, 18 bytes, Stack size 8 bytes, memseta.o(.text), UNUSED)
<BR><BR>[Calls]<UL><LI><a href="#[63]">&gt;&gt;</a>&nbsp;&nbsp;&nbsp;__aeabi_memset
</UL>

<P><STRONG><a name="[65]"></a>__aeabi_i2d</STRONG> (Thumb, 34 bytes, Stack size 16 bytes, dflti.o(.text))
<BR><BR>[Stack]<UL><LI>Max Depth = 56<LI>Call Chain = __aeabi_i2d &rArr; _double_epilogue &rArr; _double_round
</UL>
<BR>[Calls]<UL><LI><a href="#[66]">&gt;&gt;</a>&nbsp;&nbsp;&nbsp;_double_epilogue
</UL>
<BR>[Called By]<UL><LI><a href="#[121]">&gt;&gt;</a>&nbsp;&nbsp;&nbsp;get_bmi160_fifo_data
</UL>

<P><STRONG><a name="[17f]"></a>__aeabi_uidiv</STRONG> (Thumb, 0 bytes, Stack size 12 bytes, uidiv.o(.text), UNUSED)

<P><STRONG><a name="[86]"></a>__aeabi_uidivmod</STRONG> (Thumb, 44 bytes, Stack size 12 bytes, uidiv.o(.text), UNUSED)
<BR><BR>[Called By]<UL><LI><a href="#[80]">&gt;&gt;</a>&nbsp;&nbsp;&nbsp;_printf_core
</UL>

<P><STRONG><a name="[60]"></a>__aeabi_llsr</STRONG> (Thumb, 32 bytes, Stack size 0 bytes, llushr.o(.text))
<BR><BR>[Called By]<UL><LI><a href="#[5f]">&gt;&gt;</a>&nbsp;&nbsp;&nbsp;__aeabi_uldivmod
<LI><a href="#[66]">&gt;&gt;</a>&nbsp;&nbsp;&nbsp;_double_epilogue
<LI><a href="#[6e]">&gt;&gt;</a>&nbsp;&nbsp;&nbsp;__aeabi_d2ulz
</UL>

<P><STRONG><a name="[180]"></a>_ll_ushift_r</STRONG> (Thumb, 0 bytes, Stack size 0 bytes, llushr.o(.text), UNUSED)

<P><STRONG><a name="[181]"></a>__I$use$fp</STRONG> (Thumb, 0 bytes, Stack size 8 bytes, iusefp.o(.text), UNUSED)

<P><STRONG><a name="[67]"></a>_double_round</STRONG> (Thumb, 30 bytes, Stack size 8 bytes, depilogue.o(.text))
<BR><BR>[Stack]<UL><LI>Max Depth = 8<LI>Call Chain = _double_round
</UL>
<BR>[Called By]<UL><LI><a href="#[66]">&gt;&gt;</a>&nbsp;&nbsp;&nbsp;_double_epilogue
<LI><a href="#[6d]">&gt;&gt;</a>&nbsp;&nbsp;&nbsp;__aeabi_ddiv
<LI><a href="#[68]">&gt;&gt;</a>&nbsp;&nbsp;&nbsp;__aeabi_dadd
</UL>

<P><STRONG><a name="[66]"></a>_double_epilogue</STRONG> (Thumb, 156 bytes, Stack size 32 bytes, depilogue.o(.text))
<BR><BR>[Stack]<UL><LI>Max Depth = 40<LI>Call Chain = _double_epilogue &rArr; _double_round
</UL>
<BR>[Calls]<UL><LI><a href="#[61]">&gt;&gt;</a>&nbsp;&nbsp;&nbsp;__aeabi_llsl
<LI><a href="#[67]">&gt;&gt;</a>&nbsp;&nbsp;&nbsp;_double_round
<LI><a href="#[60]">&gt;&gt;</a>&nbsp;&nbsp;&nbsp;__aeabi_llsr
</UL>
<BR>[Called By]<UL><LI><a href="#[65]">&gt;&gt;</a>&nbsp;&nbsp;&nbsp;__aeabi_i2d
<LI><a href="#[6c]">&gt;&gt;</a>&nbsp;&nbsp;&nbsp;__aeabi_dmul
<LI><a href="#[68]">&gt;&gt;</a>&nbsp;&nbsp;&nbsp;__aeabi_dadd
</UL>

<P><STRONG><a name="[68]"></a>__aeabi_dadd</STRONG> (Thumb, 322 bytes, Stack size 48 bytes, dadd.o(.text), UNUSED)
<BR><BR>[Calls]<UL><LI><a href="#[61]">&gt;&gt;</a>&nbsp;&nbsp;&nbsp;__aeabi_llsl
<LI><a href="#[69]">&gt;&gt;</a>&nbsp;&nbsp;&nbsp;__aeabi_lasr
<LI><a href="#[67]">&gt;&gt;</a>&nbsp;&nbsp;&nbsp;_double_round
<LI><a href="#[66]">&gt;&gt;</a>&nbsp;&nbsp;&nbsp;_double_epilogue
</UL>
<BR>[Called By]<UL><LI><a href="#[6b]">&gt;&gt;</a>&nbsp;&nbsp;&nbsp;__aeabi_drsub
<LI><a href="#[6a]">&gt;&gt;</a>&nbsp;&nbsp;&nbsp;__aeabi_dsub
<LI><a href="#[82]">&gt;&gt;</a>&nbsp;&nbsp;&nbsp;_fp_digits
</UL>

<P><STRONG><a name="[6a]"></a>__aeabi_dsub</STRONG> (Thumb, 6 bytes, Stack size 0 bytes, dadd.o(.text), UNUSED)
<BR><BR>[Calls]<UL><LI><a href="#[68]">&gt;&gt;</a>&nbsp;&nbsp;&nbsp;__aeabi_dadd
</UL>

<P><STRONG><a name="[6b]"></a>__aeabi_drsub</STRONG> (Thumb, 6 bytes, Stack size 0 bytes, dadd.o(.text), UNUSED)
<BR><BR>[Calls]<UL><LI><a href="#[68]">&gt;&gt;</a>&nbsp;&nbsp;&nbsp;__aeabi_dadd
</UL>

<P><STRONG><a name="[6c]"></a>__aeabi_dmul</STRONG> (Thumb, 228 bytes, Stack size 48 bytes, dmul.o(.text), UNUSED)
<BR><BR>[Calls]<UL><LI><a href="#[66]">&gt;&gt;</a>&nbsp;&nbsp;&nbsp;_double_epilogue
</UL>
<BR>[Called By]<UL><LI><a href="#[82]">&gt;&gt;</a>&nbsp;&nbsp;&nbsp;_fp_digits
</UL>

<P><STRONG><a name="[6d]"></a>__aeabi_ddiv</STRONG> (Thumb, 222 bytes, Stack size 32 bytes, ddiv.o(.text), UNUSED)
<BR><BR>[Calls]<UL><LI><a href="#[67]">&gt;&gt;</a>&nbsp;&nbsp;&nbsp;_double_round
</UL>
<BR>[Called By]<UL><LI><a href="#[82]">&gt;&gt;</a>&nbsp;&nbsp;&nbsp;_fp_digits
</UL>

<P><STRONG><a name="[6e]"></a>__aeabi_d2ulz</STRONG> (Thumb, 48 bytes, Stack size 0 bytes, dfixul.o(.text), UNUSED)
<BR><BR>[Calls]<UL><LI><a href="#[61]">&gt;&gt;</a>&nbsp;&nbsp;&nbsp;__aeabi_llsl
<LI><a href="#[60]">&gt;&gt;</a>&nbsp;&nbsp;&nbsp;__aeabi_llsr
</UL>
<BR>[Called By]<UL><LI><a href="#[82]">&gt;&gt;</a>&nbsp;&nbsp;&nbsp;_fp_digits
</UL>

<P><STRONG><a name="[83]"></a>__aeabi_cdrcmple</STRONG> (Thumb, 48 bytes, Stack size 0 bytes, cdrcmple.o(.text), UNUSED)
<BR><BR>[Called By]<UL><LI><a href="#[82]">&gt;&gt;</a>&nbsp;&nbsp;&nbsp;_fp_digits
</UL>

<P><STRONG><a name="[5e]"></a>__scatterload</STRONG> (Thumb, 28 bytes, Stack size 0 bytes, init.o(.text))
<BR><BR>[Calls]<UL><LI><a href="#[6f]">&gt;&gt;</a>&nbsp;&nbsp;&nbsp;__main_after_scatterload
</UL>
<BR>[Called By]<UL><LI><a href="#[5d]">&gt;&gt;</a>&nbsp;&nbsp;&nbsp;_main_scatterload
</UL>

<P><STRONG><a name="[182]"></a>__scatterload_rt2</STRONG> (Thumb, 0 bytes, Stack size 0 bytes, init.o(.text), UNUSED)

<P><STRONG><a name="[69]"></a>__aeabi_lasr</STRONG> (Thumb, 36 bytes, Stack size 0 bytes, llsshr.o(.text), UNUSED)
<BR><BR>[Called By]<UL><LI><a href="#[68]">&gt;&gt;</a>&nbsp;&nbsp;&nbsp;__aeabi_dadd
</UL>

<P><STRONG><a name="[183]"></a>_ll_sshift_r</STRONG> (Thumb, 0 bytes, Stack size 0 bytes, llsshr.o(.text), UNUSED)

<P><STRONG><a name="[10]"></a>GPIOTE_IRQHandler</STRONG> (Thumb, 346 bytes, Stack size 72 bytes, nrfx_gpiote.o(i.GPIOTE_IRQHandler))
<BR><BR>[Stack]<UL><LI>Max Depth = 84<LI>Call Chain = GPIOTE_IRQHandler &rArr; nrf_gpio_ports_read
</UL>
<BR>[Calls]<UL><LI><a href="#[70]">&gt;&gt;</a>&nbsp;&nbsp;&nbsp;nrf_gpiote_event_is_set
<LI><a href="#[71]">&gt;&gt;</a>&nbsp;&nbsp;&nbsp;nrf_gpiote_event_clear
<LI><a href="#[72]">&gt;&gt;</a>&nbsp;&nbsp;&nbsp;nrf_gpio_ports_read
<LI><a href="#[76]">&gt;&gt;</a>&nbsp;&nbsp;&nbsp;nrf_gpio_cfg_sense_set
<LI><a href="#[75]">&gt;&gt;</a>&nbsp;&nbsp;&nbsp;nrf_bitmask_bit_set
<LI><a href="#[73]">&gt;&gt;</a>&nbsp;&nbsp;&nbsp;nrf_bitmask_bit_is_set
<LI><a href="#[74]">&gt;&gt;</a>&nbsp;&nbsp;&nbsp;channel_port_get
</UL>
<BR>[Address Reference Count : 1]<UL><LI> arm_startup_nrf52.o(RESET)
</UL>
<P><STRONG><a name="[a]"></a>POWER_CLOCK_IRQHandler</STRONG> (Thumb, 82 bytes, Stack size 16 bytes, nrfx_clock.o(i.POWER_CLOCK_IRQHandler))
<BR><BR>[Stack]<UL><LI>Max Depth = 24<LI>Call Chain = POWER_CLOCK_IRQHandler &rArr; nrf_clock_event_clear
</UL>
<BR>[Calls]<UL><LI><a href="#[78]">&gt;&gt;</a>&nbsp;&nbsp;&nbsp;nrf_clock_event_clear
<LI><a href="#[77]">&gt;&gt;</a>&nbsp;&nbsp;&nbsp;nrf_clock_event_check
</UL>
<BR>[Address Reference Count : 1]<UL><LI> arm_startup_nrf52.o(RESET)
</UL>
<P><STRONG><a name="[1b]"></a>RTC1_IRQHandler</STRONG> (Thumb, 32 bytes, Stack size 0 bytes, app_timer.o(i.RTC1_IRQHandler))
<BR><BR>[Stack]<UL><LI>Max Depth = 24<LI>Call Chain = RTC1_IRQHandler &rArr; timer_timeouts_check
</UL>
<BR>[Calls]<UL><LI><a href="#[79]">&gt;&gt;</a>&nbsp;&nbsp;&nbsp;timer_timeouts_check
</UL>
<BR>[Address Reference Count : 1]<UL><LI> arm_startup_nrf52.o(RESET)
</UL>
<P><STRONG><a name="[d]"></a>SPIM0_SPIS0_TWIM0_TWIS0_SPI0_TWI0_IRQHandler</STRONG> (Thumb, 76 bytes, Stack size 24 bytes, nrfx_spim.o(i.SPIM0_SPIS0_TWIM0_TWIS0_SPI0_TWI0_IRQHandler))
<BR><BR>[Stack]<UL><LI>Max Depth = 24<LI>Call Chain = SPIM0_SPIS0_TWIM0_TWIS0_SPI0_TWI0_IRQHandler
</UL>
<BR>[Calls]<UL><LI><a href="#[7a]">&gt;&gt;</a>&nbsp;&nbsp;&nbsp;nrf_spim_event_check
<LI><a href="#[7c]">&gt;&gt;</a>&nbsp;&nbsp;&nbsp;nrf_gpio_pin_set
<LI><a href="#[7b]">&gt;&gt;</a>&nbsp;&nbsp;&nbsp;nrf_gpio_pin_clear
</UL>
<BR>[Address Reference Count : 2]<UL><LI> nrfx_spim.o(.constdata)
<LI> arm_startup_nrf52.o(RESET)
</UL>
<P><STRONG><a name="[1e]"></a>SWI0_EGU0_IRQHandler</STRONG> (Thumb, 4 bytes, Stack size 0 bytes, app_timer.o(i.SWI0_EGU0_IRQHandler))
<BR><BR>[Stack]<UL><LI>Max Depth = 96<LI>Call Chain = SWI0_EGU0_IRQHandler &rArr; timer_list_handler &rArr; list_insertions_handler &rArr; timer_list_remove
</UL>
<BR>[Calls]<UL><LI><a href="#[7d]">&gt;&gt;</a>&nbsp;&nbsp;&nbsp;timer_list_handler
</UL>
<BR>[Address Reference Count : 1]<UL><LI> arm_startup_nrf52.o(RESET)
</UL>
<P><STRONG><a name="[20]"></a>SWI2_EGU2_IRQHandler</STRONG> (Thumb, 4 bytes, Stack size 0 bytes, nrf_sdh.o(i.SWI2_EGU2_IRQHandler))
<BR><BR>[Stack]<UL><LI>Max Depth = 24<LI>Call Chain = SWI2_EGU2_IRQHandler &rArr; nrf_sdh_evts_poll &rArr; nrf_section_iter_next &rArr; nrf_section_iter_item_set
</UL>
<BR>[Calls]<UL><LI><a href="#[7e]">&gt;&gt;</a>&nbsp;&nbsp;&nbsp;nrf_sdh_evts_poll
</UL>
<BR>[Address Reference Count : 1]<UL><LI> arm_startup_nrf52.o(RESET)
</UL>
<P><STRONG><a name="[30]"></a>SystemInit</STRONG> (Thumb, 726 bytes, Stack size 20 bytes, system_nrf52.o(i.SystemInit))
<BR><BR>[Stack]<UL><LI>Max Depth = 20<LI>Call Chain = SystemInit
</UL>
<BR>[Address Reference Count : 1]<UL><LI> arm_startup_nrf52.o(.text)
</UL>
<P><STRONG><a name="[c]"></a>UARTE0_UART0_IRQHandler</STRONG> (Thumb, 6 bytes, Stack size 0 bytes, nrfx_prs.o(i.UARTE0_UART0_IRQHandler))
<BR>[Address Reference Count : 1]<UL><LI> arm_startup_nrf52.o(RESET)
</UL>
<P><STRONG><a name="[7f]"></a>__0printf</STRONG> (Thumb, 22 bytes, Stack size 24 bytes, printfa.o(i.__0printf), UNUSED)
<BR><BR>[Calls]<UL><LI><a href="#[80]">&gt;&gt;</a>&nbsp;&nbsp;&nbsp;_printf_core
</UL>

<P><STRONG><a name="[184]"></a>__1printf</STRONG> (Thumb, 0 bytes, Stack size 24 bytes, printfa.o(i.__0printf), UNUSED)

<P><STRONG><a name="[130]"></a>__2printf</STRONG> (Thumb, 0 bytes, Stack size 24 bytes, printfa.o(i.__0printf))
<BR><BR>[Stack]<UL><LI>Max Depth = 24<LI>Call Chain = __2printf
</UL>
<BR>[Called By]<UL><LI><a href="#[2f]">&gt;&gt;</a>&nbsp;&nbsp;&nbsp;main
</UL>

<P><STRONG><a name="[185]"></a>__c89printf</STRONG> (Thumb, 0 bytes, Stack size 24 bytes, printfa.o(i.__0printf), UNUSED)

<P><STRONG><a name="[186]"></a>printf</STRONG> (Thumb, 0 bytes, Stack size 24 bytes, printfa.o(i.__0printf), UNUSED)

<P><STRONG><a name="[81]"></a>__0sprintf</STRONG> (Thumb, 34 bytes, Stack size 24 bytes, printfa.o(i.__0sprintf), UNUSED)
<BR><BR>[Calls]<UL><LI><a href="#[33]">&gt;&gt;</a>&nbsp;&nbsp;&nbsp;_sputc
<LI><a href="#[80]">&gt;&gt;</a>&nbsp;&nbsp;&nbsp;_printf_core
</UL>

<P><STRONG><a name="[187]"></a>__1sprintf</STRONG> (Thumb, 0 bytes, Stack size 24 bytes, printfa.o(i.__0sprintf), UNUSED)

<P><STRONG><a name="[122]"></a>__2sprintf</STRONG> (Thumb, 0 bytes, Stack size 24 bytes, printfa.o(i.__0sprintf))
<BR><BR>[Stack]<UL><LI>Max Depth = 24<LI>Call Chain = __2sprintf
</UL>
<BR>[Called By]<UL><LI><a href="#[121]">&gt;&gt;</a>&nbsp;&nbsp;&nbsp;get_bmi160_fifo_data
</UL>

<P><STRONG><a name="[188]"></a>__c89sprintf</STRONG> (Thumb, 0 bytes, Stack size 24 bytes, printfa.o(i.__0sprintf), UNUSED)

<P><STRONG><a name="[189]"></a>sprintf</STRONG> (Thumb, 0 bytes, Stack size 24 bytes, printfa.o(i.__0sprintf), UNUSED)

<P><STRONG><a name="[18a]"></a>__scatterload_copy</STRONG> (Thumb, 14 bytes, Stack size unknown bytes, handlers.o(i.__scatterload_copy), UNUSED)

<P><STRONG><a name="[18b]"></a>__scatterload_null</STRONG> (Thumb, 2 bytes, Stack size unknown bytes, handlers.o(i.__scatterload_null), UNUSED)

<P><STRONG><a name="[18c]"></a>__scatterload_zeroinit</STRONG> (Thumb, 14 bytes, Stack size unknown bytes, handlers.o(i.__scatterload_zeroinit), UNUSED)

<P><STRONG><a name="[8a]"></a>app_button_enable</STRONG> (Thumb, 32 bytes, Stack size 16 bytes, app_button.o(i.app_button_enable))
<BR><BR>[Stack]<UL><LI>Max Depth = 48<LI>Call Chain = app_button_enable &rArr; nrfx_gpiote_in_event_enable &rArr; nrf_gpiote_event_clear
</UL>
<BR>[Calls]<UL><LI><a href="#[8b]">&gt;&gt;</a>&nbsp;&nbsp;&nbsp;nrfx_gpiote_in_event_enable
</UL>
<BR>[Called By]<UL><LI><a href="#[109]">&gt;&gt;</a>&nbsp;&nbsp;&nbsp;bsp_init
</UL>

<P><STRONG><a name="[8c]"></a>app_button_init</STRONG> (Thumb, 102 bytes, Stack size 24 bytes, app_button.o(i.app_button_init))
<BR><BR>[Stack]<UL><LI>Max Depth = 76<LI>Call Chain = app_button_init &rArr; nrfx_gpiote_in_init &rArr; channel_port_alloc
</UL>
<BR>[Calls]<UL><LI><a href="#[90]">&gt;&gt;</a>&nbsp;&nbsp;&nbsp;app_timer_create
<LI><a href="#[8d]">&gt;&gt;</a>&nbsp;&nbsp;&nbsp;nrfx_gpiote_is_init
<LI><a href="#[8e]">&gt;&gt;</a>&nbsp;&nbsp;&nbsp;nrfx_gpiote_init
<LI><a href="#[8f]">&gt;&gt;</a>&nbsp;&nbsp;&nbsp;nrfx_gpiote_in_init
</UL>
<BR>[Called By]<UL><LI><a href="#[109]">&gt;&gt;</a>&nbsp;&nbsp;&nbsp;bsp_init
</UL>

<P><STRONG><a name="[48]"></a>app_error_fault_handler</STRONG> (Thumb, 40 bytes, Stack size 0 bytes, app_error_weak.o(i.app_error_fault_handler))
<BR><BR>[Called By]<UL><LI><a href="#[91]">&gt;&gt;</a>&nbsp;&nbsp;&nbsp;app_error_handler_bare
</UL>
<BR>[Address Reference Count : 1]<UL><LI> nrf_sdh.o(i.nrf_sdh_enable_request)
</UL>
<P><STRONG><a name="[91]"></a>app_error_handler_bare</STRONG> (Thumb, 22 bytes, Stack size 16 bytes, app_error.o(i.app_error_handler_bare))
<BR><BR>[Stack]<UL><LI>Max Depth = 16<LI>Call Chain = app_error_handler_bare
</UL>
<BR>[Calls]<UL><LI><a href="#[48]">&gt;&gt;</a>&nbsp;&nbsp;&nbsp;app_error_fault_handler
</UL>
<BR>[Called By]<UL><LI><a href="#[50]">&gt;&gt;</a>&nbsp;&nbsp;&nbsp;ble_evt_handler
<LI><a href="#[a2]">&gt;&gt;</a>&nbsp;&nbsp;&nbsp;app_uart_get
<LI><a href="#[3d]">&gt;&gt;</a>&nbsp;&nbsp;&nbsp;uart_event_handle
<LI><a href="#[2f]">&gt;&gt;</a>&nbsp;&nbsp;&nbsp;main
<LI><a href="#[11e]">&gt;&gt;</a>&nbsp;&nbsp;&nbsp;gatt_init
<LI><a href="#[3e]">&gt;&gt;</a>&nbsp;&nbsp;&nbsp;bsp_event_handler
<LI><a href="#[107]">&gt;&gt;</a>&nbsp;&nbsp;&nbsp;sleep_mode_enter
<LI><a href="#[42]">&gt;&gt;</a>&nbsp;&nbsp;&nbsp;on_conn_params_evt
<LI><a href="#[41]">&gt;&gt;</a>&nbsp;&nbsp;&nbsp;on_adv_evt
<LI><a href="#[40]">&gt;&gt;</a>&nbsp;&nbsp;&nbsp;nus_data_handler
<LI><a href="#[3f]">&gt;&gt;</a>&nbsp;&nbsp;&nbsp;nrf_qwr_error_handler
<LI><a href="#[43]">&gt;&gt;</a>&nbsp;&nbsp;&nbsp;conn_params_error_handler
<LI><a href="#[57]">&gt;&gt;</a>&nbsp;&nbsp;&nbsp;ble_evt_handler
<LI><a href="#[5a]">&gt;&gt;</a>&nbsp;&nbsp;&nbsp;nrf_sdh_ble_evts_poll
<LI><a href="#[151]">&gt;&gt;</a>&nbsp;&nbsp;&nbsp;softdevices_evt_irq_enable
<LI><a href="#[5b]">&gt;&gt;</a>&nbsp;&nbsp;&nbsp;nrf_sdh_soc_evts_poll
</UL>

<P><STRONG><a name="[92]"></a>app_fifo_get</STRONG> (Thumb, 22 bytes, Stack size 8 bytes, app_fifo.o(i.app_fifo_get))
<BR><BR>[Stack]<UL><LI>Max Depth = 8<LI>Call Chain = app_fifo_get
</UL>
<BR>[Calls]<UL><LI><a href="#[93]">&gt;&gt;</a>&nbsp;&nbsp;&nbsp;fifo_get
</UL>
<BR>[Called By]<UL><LI><a href="#[a8]">&gt;&gt;</a>&nbsp;&nbsp;&nbsp;app_uart_put
<LI><a href="#[a2]">&gt;&gt;</a>&nbsp;&nbsp;&nbsp;app_uart_get
<LI><a href="#[36]">&gt;&gt;</a>&nbsp;&nbsp;&nbsp;uart_event_handler
</UL>

<P><STRONG><a name="[a5]"></a>app_fifo_init</STRONG> (Thumb, 32 bytes, Stack size 0 bytes, app_fifo.o(i.app_fifo_init))
<BR><BR>[Called By]<UL><LI><a href="#[a4]">&gt;&gt;</a>&nbsp;&nbsp;&nbsp;app_uart_init
</UL>

<P><STRONG><a name="[94]"></a>app_fifo_put</STRONG> (Thumb, 26 bytes, Stack size 8 bytes, app_fifo.o(i.app_fifo_put))
<BR><BR>[Stack]<UL><LI>Max Depth = 8<LI>Call Chain = app_fifo_put
</UL>
<BR>[Calls]<UL><LI><a href="#[95]">&gt;&gt;</a>&nbsp;&nbsp;&nbsp;fifo_put
</UL>
<BR>[Called By]<UL><LI><a href="#[a8]">&gt;&gt;</a>&nbsp;&nbsp;&nbsp;app_uart_put
<LI><a href="#[36]">&gt;&gt;</a>&nbsp;&nbsp;&nbsp;uart_event_handler
</UL>

<P><STRONG><a name="[90]"></a>app_timer_create</STRONG> (Thumb, 36 bytes, Stack size 0 bytes, app_timer.o(i.app_timer_create))
<BR><BR>[Called By]<UL><LI><a href="#[8c]">&gt;&gt;</a>&nbsp;&nbsp;&nbsp;app_button_init
<LI><a href="#[109]">&gt;&gt;</a>&nbsp;&nbsp;&nbsp;bsp_init
<LI><a href="#[c5]">&gt;&gt;</a>&nbsp;&nbsp;&nbsp;ble_conn_params_init
</UL>

<P><STRONG><a name="[96]"></a>app_timer_init</STRONG> (Thumb, 70 bytes, Stack size 16 bytes, app_timer.o(i.app_timer_init))
<BR><BR>[Stack]<UL><LI>Max Depth = 32<LI>Call Chain = app_timer_init &rArr; rtc1_stop
</UL>
<BR>[Calls]<UL><LI><a href="#[97]">&gt;&gt;</a>&nbsp;&nbsp;&nbsp;rtc1_stop
<LI><a href="#[99]">&gt;&gt;</a>&nbsp;&nbsp;&nbsp;NVIC_SetPriority
<LI><a href="#[9a]">&gt;&gt;</a>&nbsp;&nbsp;&nbsp;NVIC_EnableIRQ
<LI><a href="#[98]">&gt;&gt;</a>&nbsp;&nbsp;&nbsp;NVIC_ClearPendingIRQ
</UL>
<BR>[Called By]<UL><LI><a href="#[2f]">&gt;&gt;</a>&nbsp;&nbsp;&nbsp;main
</UL>

<P><STRONG><a name="[9b]"></a>app_timer_start</STRONG> (Thumb, 128 bytes, Stack size 40 bytes, app_timer.o(i.app_timer_start))
<BR><BR>[Stack]<UL><LI>Max Depth = 52<LI>Call Chain = app_timer_start &rArr; app_util_critical_region_enter
</UL>
<BR>[Calls]<UL><LI><a href="#[9e]">&gt;&gt;</a>&nbsp;&nbsp;&nbsp;app_util_critical_region_exit
<LI><a href="#[9c]">&gt;&gt;</a>&nbsp;&nbsp;&nbsp;app_util_critical_region_enter
<LI><a href="#[9d]">&gt;&gt;</a>&nbsp;&nbsp;&nbsp;user_op_alloc
<LI><a href="#[9f]">&gt;&gt;</a>&nbsp;&nbsp;&nbsp;NVIC_SetPendingIRQ
</UL>
<BR>[Called By]<UL><LI><a href="#[ce]">&gt;&gt;</a>&nbsp;&nbsp;&nbsp;conn_params_negotiation
<LI><a href="#[108]">&gt;&gt;</a>&nbsp;&nbsp;&nbsp;bsp_led_indication
<LI><a href="#[4d]">&gt;&gt;</a>&nbsp;&nbsp;&nbsp;bsp_button_event_handler
<LI><a href="#[34]">&gt;&gt;</a>&nbsp;&nbsp;&nbsp;gpiote_event_handler
</UL>

<P><STRONG><a name="[a0]"></a>app_timer_stop</STRONG> (Thumb, 26 bytes, Stack size 0 bytes, app_timer.o(i.app_timer_stop))
<BR><BR>[Stack]<UL><LI>Max Depth = 36<LI>Call Chain = app_timer_stop &rArr; timer_stop_op_schedule &rArr; app_util_critical_region_enter
</UL>
<BR>[Calls]<UL><LI><a href="#[a1]">&gt;&gt;</a>&nbsp;&nbsp;&nbsp;timer_stop_op_schedule
</UL>
<BR>[Called By]<UL><LI><a href="#[54]">&gt;&gt;</a>&nbsp;&nbsp;&nbsp;ble_evt_handler
<LI><a href="#[108]">&gt;&gt;</a>&nbsp;&nbsp;&nbsp;bsp_led_indication
<LI><a href="#[4d]">&gt;&gt;</a>&nbsp;&nbsp;&nbsp;bsp_button_event_handler
<LI><a href="#[34]">&gt;&gt;</a>&nbsp;&nbsp;&nbsp;gpiote_event_handler
</UL>

<P><STRONG><a name="[a2]"></a>app_uart_get</STRONG> (Thumb, 42 bytes, Stack size 16 bytes, app_uart_fifo.o(i.app_uart_get))
<BR><BR>[Stack]<UL><LI>Max Depth = 88<LI>Call Chain = app_uart_get &rArr; nrf_drv_uart_rx &rArr; nrfx_uart_rx &rArr; rx_byte &rArr; nrf_uart_event_clear
</UL>
<BR>[Calls]<UL><LI><a href="#[91]">&gt;&gt;</a>&nbsp;&nbsp;&nbsp;app_error_handler_bare
<LI><a href="#[92]">&gt;&gt;</a>&nbsp;&nbsp;&nbsp;app_fifo_get
<LI><a href="#[a3]">&gt;&gt;</a>&nbsp;&nbsp;&nbsp;nrf_drv_uart_rx
</UL>
<BR>[Called By]<UL><LI><a href="#[3d]">&gt;&gt;</a>&nbsp;&nbsp;&nbsp;uart_event_handle
</UL>

<P><STRONG><a name="[a4]"></a>app_uart_init</STRONG> (Thumb, 148 bytes, Stack size 56 bytes, app_uart_fifo.o(i.app_uart_init))
<BR><BR>[Stack]<UL><LI>Max Depth = 192<LI>Call Chain = app_uart_init &rArr; nrf_drv_uart_init &rArr; nrfx_uarte_init &rArr; apply_config &rArr; nrf_gpio_cfg_output &rArr; nrf_gpio_cfg
</UL>
<BR>[Calls]<UL><LI><a href="#[a7]">&gt;&gt;</a>&nbsp;&nbsp;&nbsp;nrf_drv_uart_init
<LI><a href="#[a5]">&gt;&gt;</a>&nbsp;&nbsp;&nbsp;app_fifo_init
<LI><a href="#[a3]">&gt;&gt;</a>&nbsp;&nbsp;&nbsp;nrf_drv_uart_rx
<LI><a href="#[a6]">&gt;&gt;</a>&nbsp;&nbsp;&nbsp;__aeabi_memcpy4
</UL>
<BR>[Called By]<UL><LI><a href="#[2f]">&gt;&gt;</a>&nbsp;&nbsp;&nbsp;main
</UL>

<P><STRONG><a name="[a8]"></a>app_uart_put</STRONG> (Thumb, 70 bytes, Stack size 8 bytes, app_uart_fifo.o(i.app_uart_put))
<BR><BR>[Stack]<UL><LI>Max Depth = 72<LI>Call Chain = app_uart_put &rArr; nrf_drv_uart_tx &rArr; nrfx_uart_tx &rArr; tx_byte &rArr; nrf_uart_event_clear
</UL>
<BR>[Calls]<UL><LI><a href="#[94]">&gt;&gt;</a>&nbsp;&nbsp;&nbsp;app_fifo_put
<LI><a href="#[92]">&gt;&gt;</a>&nbsp;&nbsp;&nbsp;app_fifo_get
<LI><a href="#[a9]">&gt;&gt;</a>&nbsp;&nbsp;&nbsp;nrfx_uarte_tx_in_progress
<LI><a href="#[aa]">&gt;&gt;</a>&nbsp;&nbsp;&nbsp;nrfx_uart_tx_in_progress
<LI><a href="#[ab]">&gt;&gt;</a>&nbsp;&nbsp;&nbsp;nrf_drv_uart_tx
</UL>
<BR>[Called By]<UL><LI><a href="#[40]">&gt;&gt;</a>&nbsp;&nbsp;&nbsp;nus_data_handler
<LI><a href="#[32]">&gt;&gt;</a>&nbsp;&nbsp;&nbsp;fputc
</UL>

<P><STRONG><a name="[9c]"></a>app_util_critical_region_enter</STRONG> (Thumb, 64 bytes, Stack size 12 bytes, app_util_platform.o(i.app_util_critical_region_enter))
<BR><BR>[Stack]<UL><LI>Max Depth = 12<LI>Call Chain = app_util_critical_region_enter
</UL>
<BR>[Called By]<UL><LI><a href="#[9b]">&gt;&gt;</a>&nbsp;&nbsp;&nbsp;app_timer_start
<LI><a href="#[12b]">&gt;&gt;</a>&nbsp;&nbsp;&nbsp;nrf_sdh_enable_request
<LI><a href="#[131]">&gt;&gt;</a>&nbsp;&nbsp;&nbsp;nrf_pwr_mgmt_run
<LI><a href="#[158]">&gt;&gt;</a>&nbsp;&nbsp;&nbsp;nrfx_prs_acquire
<LI><a href="#[13d]">&gt;&gt;</a>&nbsp;&nbsp;&nbsp;nrf_drv_clock_lfclk_release
<LI><a href="#[5c]">&gt;&gt;</a>&nbsp;&nbsp;&nbsp;sd_state_evt_handler
<LI><a href="#[a1]">&gt;&gt;</a>&nbsp;&nbsp;&nbsp;timer_stop_op_schedule
</UL>

<P><STRONG><a name="[9e]"></a>app_util_critical_region_exit</STRONG> (Thumb, 46 bytes, Stack size 0 bytes, app_util_platform.o(i.app_util_critical_region_exit))
<BR><BR>[Called By]<UL><LI><a href="#[9b]">&gt;&gt;</a>&nbsp;&nbsp;&nbsp;app_timer_start
<LI><a href="#[12b]">&gt;&gt;</a>&nbsp;&nbsp;&nbsp;nrf_sdh_enable_request
<LI><a href="#[131]">&gt;&gt;</a>&nbsp;&nbsp;&nbsp;nrf_pwr_mgmt_run
<LI><a href="#[158]">&gt;&gt;</a>&nbsp;&nbsp;&nbsp;nrfx_prs_acquire
<LI><a href="#[13d]">&gt;&gt;</a>&nbsp;&nbsp;&nbsp;nrf_drv_clock_lfclk_release
<LI><a href="#[5c]">&gt;&gt;</a>&nbsp;&nbsp;&nbsp;sd_state_evt_handler
<LI><a href="#[a1]">&gt;&gt;</a>&nbsp;&nbsp;&nbsp;timer_stop_op_schedule
</UL>

<P><STRONG><a name="[b2]"></a>blcm_link_ctx_get</STRONG> (Thumb, 72 bytes, Stack size 16 bytes, ble_link_ctx_manager.o(i.blcm_link_ctx_get))
<BR><BR>[Stack]<UL><LI>Max Depth = 24<LI>Call Chain = blcm_link_ctx_get &rArr; ble_conn_state_conn_idx
</UL>
<BR>[Calls]<UL><LI><a href="#[b3]">&gt;&gt;</a>&nbsp;&nbsp;&nbsp;ble_conn_state_conn_idx
</UL>
<BR>[Called By]<UL><LI><a href="#[55]">&gt;&gt;</a>&nbsp;&nbsp;&nbsp;ble_nus_on_ble_evt
<LI><a href="#[d3]">&gt;&gt;</a>&nbsp;&nbsp;&nbsp;ble_nus_data_send
<LI><a href="#[d7]">&gt;&gt;</a>&nbsp;&nbsp;&nbsp;on_write
<LI><a href="#[d6]">&gt;&gt;</a>&nbsp;&nbsp;&nbsp;on_connect
</UL>

<P><STRONG><a name="[b4]"></a>ble_advdata_encode</STRONG> (Thumb, 386 bytes, Stack size 40 bytes, ble_advdata.o(i.ble_advdata_encode))
<BR><BR>[Stack]<UL><LI>Max Depth = 120<LI>Call Chain = ble_advdata_encode &rArr; uuid_list_encode &rArr; uuid_list_sized_encode
</UL>
<BR>[Calls]<UL><LI><a href="#[b7]">&gt;&gt;</a>&nbsp;&nbsp;&nbsp;uuid_list_encode
<LI><a href="#[b6]">&gt;&gt;</a>&nbsp;&nbsp;&nbsp;uint16_encode
<LI><a href="#[ba]">&gt;&gt;</a>&nbsp;&nbsp;&nbsp;service_data_encode
<LI><a href="#[bb]">&gt;&gt;</a>&nbsp;&nbsp;&nbsp;name_encode
<LI><a href="#[b9]">&gt;&gt;</a>&nbsp;&nbsp;&nbsp;manuf_specific_data_encode
<LI><a href="#[b8]">&gt;&gt;</a>&nbsp;&nbsp;&nbsp;conn_int_encode
<LI><a href="#[b5]">&gt;&gt;</a>&nbsp;&nbsp;&nbsp;ble_device_addr_encode
</UL>
<BR>[Called By]<UL><LI><a href="#[be]">&gt;&gt;</a>&nbsp;&nbsp;&nbsp;ble_advertising_init
</UL>

<P><STRONG><a name="[bc]"></a>ble_advdata_parse</STRONG> (Thumb, 32 bytes, Stack size 12 bytes, ble_advdata.o(i.ble_advdata_parse))
<BR><BR>[Stack]<UL><LI>Max Depth = 28<LI>Call Chain = ble_advdata_parse &rArr; ble_advdata_search
</UL>
<BR>[Calls]<UL><LI><a href="#[bd]">&gt;&gt;</a>&nbsp;&nbsp;&nbsp;ble_advdata_search
</UL>
<BR>[Called By]<UL><LI><a href="#[c1]">&gt;&gt;</a>&nbsp;&nbsp;&nbsp;flags_set
</UL>

<P><STRONG><a name="[bd]"></a>ble_advdata_search</STRONG> (Thumb, 56 bytes, Stack size 16 bytes, ble_advdata.o(i.ble_advdata_search))
<BR><BR>[Stack]<UL><LI>Max Depth = 16<LI>Call Chain = ble_advdata_search
</UL>
<BR>[Called By]<UL><LI><a href="#[bc]">&gt;&gt;</a>&nbsp;&nbsp;&nbsp;ble_advdata_parse
</UL>

<P><STRONG><a name="[12f]"></a>ble_advertising_conn_cfg_tag_set</STRONG> (Thumb, 6 bytes, Stack size 0 bytes, ble_advertising.o(i.ble_advertising_conn_cfg_tag_set))
<BR><BR>[Called By]<UL><LI><a href="#[2f]">&gt;&gt;</a>&nbsp;&nbsp;&nbsp;main
</UL>

<P><STRONG><a name="[be]"></a>ble_advertising_init</STRONG> (Thumb, 284 bytes, Stack size 32 bytes, ble_advertising.o(i.ble_advertising_init))
<BR><BR>[Stack]<UL><LI>Max Depth = 152<LI>Call Chain = ble_advertising_init &rArr; ble_advdata_encode &rArr; uuid_list_encode &rArr; uuid_list_sized_encode
</UL>
<BR>[Calls]<UL><LI><a href="#[b4]">&gt;&gt;</a>&nbsp;&nbsp;&nbsp;ble_advdata_encode
<LI><a href="#[a6]">&gt;&gt;</a>&nbsp;&nbsp;&nbsp;__aeabi_memcpy4
</UL>
<BR>[Called By]<UL><LI><a href="#[2f]">&gt;&gt;</a>&nbsp;&nbsp;&nbsp;main
</UL>

<P><STRONG><a name="[52]"></a>ble_advertising_on_ble_evt</STRONG> (Thumb, 106 bytes, Stack size 8 bytes, ble_advertising.o(i.ble_advertising_on_ble_evt))
<BR><BR>[Stack]<UL><LI>Max Depth = 92<LI>Call Chain = ble_advertising_on_ble_evt &rArr; ble_advertising_start &rArr; flags_set &rArr; ble_advdata_parse &rArr; ble_advdata_search
</UL>
<BR>[Calls]<UL><LI><a href="#[bf]">&gt;&gt;</a>&nbsp;&nbsp;&nbsp;ble_advertising_start
</UL>
<BR>[Address Reference Count : 1]<UL><LI> main.o(sdh_ble_observers1)
</UL>
<P><STRONG><a name="[59]"></a>ble_advertising_on_sys_evt</STRONG> (Thumb, 2 bytes, Stack size 0 bytes, ble_advertising.o(i.ble_advertising_on_sys_evt))
<BR>[Address Reference Count : 1]<UL><LI> main.o(sdh_soc_observers1)
</UL>
<P><STRONG><a name="[c0]"></a>ble_advertising_restart_without_whitelist</STRONG> (Thumb, 58 bytes, Stack size 8 bytes, ble_advertising.o(i.ble_advertising_restart_without_whitelist))
<BR><BR>[Stack]<UL><LI>Max Depth = 92<LI>Call Chain = ble_advertising_restart_without_whitelist &rArr; ble_advertising_start &rArr; flags_set &rArr; ble_advdata_parse &rArr; ble_advdata_search
</UL>
<BR>[Calls]<UL><LI><a href="#[c1]">&gt;&gt;</a>&nbsp;&nbsp;&nbsp;flags_set
<LI><a href="#[bf]">&gt;&gt;</a>&nbsp;&nbsp;&nbsp;ble_advertising_start
</UL>
<BR>[Called By]<UL><LI><a href="#[3e]">&gt;&gt;</a>&nbsp;&nbsp;&nbsp;bsp_event_handler
</UL>

<P><STRONG><a name="[bf]"></a>ble_advertising_start</STRONG> (Thumb, 556 bytes, Stack size 40 bytes, ble_advertising.o(i.ble_advertising_start))
<BR><BR>[Stack]<UL><LI>Max Depth = 84<LI>Call Chain = ble_advertising_start &rArr; flags_set &rArr; ble_advdata_parse &rArr; ble_advdata_search
</UL>
<BR>[Calls]<UL><LI><a href="#[c4]">&gt;&gt;</a>&nbsp;&nbsp;&nbsp;use_whitelist
<LI><a href="#[c3]">&gt;&gt;</a>&nbsp;&nbsp;&nbsp;phy_is_valid
<LI><a href="#[c1]">&gt;&gt;</a>&nbsp;&nbsp;&nbsp;flags_set
<LI><a href="#[c2]">&gt;&gt;</a>&nbsp;&nbsp;&nbsp;__aeabi_memclr4
</UL>
<BR>[Called By]<UL><LI><a href="#[c0]">&gt;&gt;</a>&nbsp;&nbsp;&nbsp;ble_advertising_restart_without_whitelist
<LI><a href="#[52]">&gt;&gt;</a>&nbsp;&nbsp;&nbsp;ble_advertising_on_ble_evt
<LI><a href="#[2f]">&gt;&gt;</a>&nbsp;&nbsp;&nbsp;main
</UL>

<P><STRONG><a name="[c5]"></a>ble_conn_params_init</STRONG> (Thumb, 90 bytes, Stack size 16 bytes, ble_conn_params.o(i.ble_conn_params_init))
<BR><BR>[Stack]<UL><LI>Max Depth = 16<LI>Call Chain = ble_conn_params_init
</UL>
<BR>[Calls]<UL><LI><a href="#[90]">&gt;&gt;</a>&nbsp;&nbsp;&nbsp;app_timer_create
<LI><a href="#[a6]">&gt;&gt;</a>&nbsp;&nbsp;&nbsp;__aeabi_memcpy4
</UL>
<BR>[Called By]<UL><LI><a href="#[2f]">&gt;&gt;</a>&nbsp;&nbsp;&nbsp;main
</UL>

<P><STRONG><a name="[b3]"></a>ble_conn_state_conn_idx</STRONG> (Thumb, 18 bytes, Stack size 8 bytes, ble_conn_state.o(i.ble_conn_state_conn_idx))
<BR><BR>[Stack]<UL><LI>Max Depth = 8<LI>Call Chain = ble_conn_state_conn_idx
</UL>
<BR>[Calls]<UL><LI><a href="#[c6]">&gt;&gt;</a>&nbsp;&nbsp;&nbsp;ble_conn_state_valid
</UL>
<BR>[Called By]<UL><LI><a href="#[b2]">&gt;&gt;</a>&nbsp;&nbsp;&nbsp;blcm_link_ctx_get
</UL>

<P><STRONG><a name="[c6]"></a>ble_conn_state_valid</STRONG> (Thumb, 16 bytes, Stack size 0 bytes, ble_conn_state.o(i.ble_conn_state_valid))
<BR><BR>[Calls]<UL><LI><a href="#[c7]">&gt;&gt;</a>&nbsp;&nbsp;&nbsp;nrf_atflags_get
</UL>
<BR>[Called By]<UL><LI><a href="#[b3]">&gt;&gt;</a>&nbsp;&nbsp;&nbsp;ble_conn_state_conn_idx
</UL>

<P><STRONG><a name="[d3]"></a>ble_nus_data_send</STRONG> (Thumb, 102 bytes, Stack size 40 bytes, ble_nus.o(i.ble_nus_data_send))
<BR><BR>[Stack]<UL><LI>Max Depth = 64<LI>Call Chain = ble_nus_data_send &rArr; blcm_link_ctx_get &rArr; ble_conn_state_conn_idx
</UL>
<BR>[Calls]<UL><LI><a href="#[b2]">&gt;&gt;</a>&nbsp;&nbsp;&nbsp;blcm_link_ctx_get
</UL>
<BR>[Called By]<UL><LI><a href="#[3d]">&gt;&gt;</a>&nbsp;&nbsp;&nbsp;uart_event_handle
<LI><a href="#[121]">&gt;&gt;</a>&nbsp;&nbsp;&nbsp;get_bmi160_fifo_data
</UL>

<P><STRONG><a name="[d4]"></a>ble_nus_init</STRONG> (Thumb, 206 bytes, Stack size 72 bytes, ble_nus.o(i.ble_nus_init))
<BR><BR>[Stack]<UL><LI>Max Depth = 168<LI>Call Chain = ble_nus_init &rArr; characteristic_add
</UL>
<BR>[Calls]<UL><LI><a href="#[d5]">&gt;&gt;</a>&nbsp;&nbsp;&nbsp;characteristic_add
<LI><a href="#[c2]">&gt;&gt;</a>&nbsp;&nbsp;&nbsp;__aeabi_memclr4
</UL>
<BR>[Called By]<UL><LI><a href="#[2f]">&gt;&gt;</a>&nbsp;&nbsp;&nbsp;main
</UL>

<P><STRONG><a name="[55]"></a>ble_nus_on_ble_evt</STRONG> (Thumb, 112 bytes, Stack size 48 bytes, ble_nus.o(i.ble_nus_on_ble_evt))
<BR><BR>[Stack]<UL><LI>Max Depth = 136<LI>Call Chain = ble_nus_on_ble_evt &rArr; on_connect &rArr; blcm_link_ctx_get &rArr; ble_conn_state_conn_idx
</UL>
<BR>[Calls]<UL><LI><a href="#[b2]">&gt;&gt;</a>&nbsp;&nbsp;&nbsp;blcm_link_ctx_get
<LI><a href="#[d7]">&gt;&gt;</a>&nbsp;&nbsp;&nbsp;on_write
<LI><a href="#[d6]">&gt;&gt;</a>&nbsp;&nbsp;&nbsp;on_connect
<LI><a href="#[c2]">&gt;&gt;</a>&nbsp;&nbsp;&nbsp;__aeabi_memclr4
</UL>
<BR>[Address Reference Count : 1]<UL><LI> main.o(sdh_ble_observers2)
</UL>
<P><STRONG><a name="[cb]"></a>ble_srv_is_notification_enabled</STRONG> (Thumb, 8 bytes, Stack size 0 bytes, ble_srv_common.o(i.ble_srv_is_notification_enabled))
<BR><BR>[Called By]<UL><LI><a href="#[54]">&gt;&gt;</a>&nbsp;&nbsp;&nbsp;ble_evt_handler
<LI><a href="#[d7]">&gt;&gt;</a>&nbsp;&nbsp;&nbsp;on_write
<LI><a href="#[d6]">&gt;&gt;</a>&nbsp;&nbsp;&nbsp;on_connect
</UL>

<P><STRONG><a name="[d8]"></a>bmi160_extract_accel</STRONG> (Thumb, 128 bytes, Stack size 40 bytes, bmi160.o(i.bmi160_extract_accel))
<BR><BR>[Stack]<UL><LI>Max Depth = 96<LI>Call Chain = bmi160_extract_accel &rArr; extract_accel_header_mode &rArr; unpack_accel_frame &rArr; unpack_accel_data
</UL>
<BR>[Calls]<UL><LI><a href="#[dc]">&gt;&gt;</a>&nbsp;&nbsp;&nbsp;unpack_accel_frame
<LI><a href="#[da]">&gt;&gt;</a>&nbsp;&nbsp;&nbsp;get_accel_len_to_parse
<LI><a href="#[d9]">&gt;&gt;</a>&nbsp;&nbsp;&nbsp;extract_accel_header_mode
<LI><a href="#[db]">&gt;&gt;</a>&nbsp;&nbsp;&nbsp;check_frame_validity
</UL>
<BR>[Called By]<UL><LI><a href="#[121]">&gt;&gt;</a>&nbsp;&nbsp;&nbsp;get_bmi160_fifo_data
</UL>

<P><STRONG><a name="[dd]"></a>bmi160_get_fifo_data</STRONG> (Thumb, 138 bytes, Stack size 16 bytes, bmi160.o(i.bmi160_get_fifo_data))
<BR><BR>[Stack]<UL><LI>Max Depth = 32<LI>Call Chain = bmi160_get_fifo_data &rArr; bmi160_get_regs
</UL>
<BR>[Calls]<UL><LI><a href="#[de]">&gt;&gt;</a>&nbsp;&nbsp;&nbsp;bmi160_get_regs
</UL>
<BR>[Called By]<UL><LI><a href="#[121]">&gt;&gt;</a>&nbsp;&nbsp;&nbsp;get_bmi160_fifo_data
</UL>

<P><STRONG><a name="[de]"></a>bmi160_get_regs</STRONG> (Thumb, 58 bytes, Stack size 16 bytes, bmi160.o(i.bmi160_get_regs))
<BR><BR>[Stack]<UL><LI>Max Depth = 16<LI>Call Chain = bmi160_get_regs
</UL>
<BR>[Called By]<UL><LI><a href="#[f4]">&gt;&gt;</a>&nbsp;&nbsp;&nbsp;bmi160_set_sens_conf
<LI><a href="#[e5]">&gt;&gt;</a>&nbsp;&nbsp;&nbsp;bmi160_set_int_config
<LI><a href="#[e2]">&gt;&gt;</a>&nbsp;&nbsp;&nbsp;bmi160_set_fifo_config
<LI><a href="#[df]">&gt;&gt;</a>&nbsp;&nbsp;&nbsp;bmi160_init
<LI><a href="#[dd]">&gt;&gt;</a>&nbsp;&nbsp;&nbsp;bmi160_get_fifo_data
<LI><a href="#[e1]">&gt;&gt;</a>&nbsp;&nbsp;&nbsp;bmi160_soft_reset
<LI><a href="#[ea]">&gt;&gt;</a>&nbsp;&nbsp;&nbsp;set_accel_tap_int
<LI><a href="#[eb]">&gt;&gt;</a>&nbsp;&nbsp;&nbsp;set_accel_step_detect_int
<LI><a href="#[e8]">&gt;&gt;</a>&nbsp;&nbsp;&nbsp;set_accel_sig_motion_int
<LI><a href="#[ec]">&gt;&gt;</a>&nbsp;&nbsp;&nbsp;set_accel_orientation_int
<LI><a href="#[e9]">&gt;&gt;</a>&nbsp;&nbsp;&nbsp;set_accel_no_motion_int
<LI><a href="#[ee]">&gt;&gt;</a>&nbsp;&nbsp;&nbsp;set_accel_low_g_int
<LI><a href="#[ef]">&gt;&gt;</a>&nbsp;&nbsp;&nbsp;set_accel_high_g_int
<LI><a href="#[ed]">&gt;&gt;</a>&nbsp;&nbsp;&nbsp;set_accel_flat_detect_int
<LI><a href="#[f3]">&gt;&gt;</a>&nbsp;&nbsp;&nbsp;process_under_sampling
<LI><a href="#[f1]">&gt;&gt;</a>&nbsp;&nbsp;&nbsp;map_hardware_interrupt
<LI><a href="#[111]">&gt;&gt;</a>&nbsp;&nbsp;&nbsp;map_feature_interrupt
<LI><a href="#[e6]">&gt;&gt;</a>&nbsp;&nbsp;&nbsp;enable_accel_any_motion_int
<LI><a href="#[119]">&gt;&gt;</a>&nbsp;&nbsp;&nbsp;config_tap_param
<LI><a href="#[118]">&gt;&gt;</a>&nbsp;&nbsp;&nbsp;config_step_detect
<LI><a href="#[117]">&gt;&gt;</a>&nbsp;&nbsp;&nbsp;config_sig_dur_threshold
<LI><a href="#[116]">&gt;&gt;</a>&nbsp;&nbsp;&nbsp;config_orient_int_settg
<LI><a href="#[115]">&gt;&gt;</a>&nbsp;&nbsp;&nbsp;config_no_motion_dur_thr
<LI><a href="#[114]">&gt;&gt;</a>&nbsp;&nbsp;&nbsp;config_int_out_ctrl
<LI><a href="#[113]">&gt;&gt;</a>&nbsp;&nbsp;&nbsp;config_int_latch
<LI><a href="#[e7]">&gt;&gt;</a>&nbsp;&nbsp;&nbsp;config_any_motion_int_settg
<LI><a href="#[f6]">&gt;&gt;</a>&nbsp;&nbsp;&nbsp;check_gyro_config
<LI><a href="#[f5]">&gt;&gt;</a>&nbsp;&nbsp;&nbsp;check_accel_config
</UL>

<P><STRONG><a name="[df]"></a>bmi160_init</STRONG> (Thumb, 92 bytes, Stack size 16 bytes, bmi160.o(i.bmi160_init))
<BR><BR>[Stack]<UL><LI>Max Depth = 64<LI>Call Chain = bmi160_init &rArr; bmi160_soft_reset &rArr; bmi160_set_regs
</UL>
<BR>[Calls]<UL><LI><a href="#[e1]">&gt;&gt;</a>&nbsp;&nbsp;&nbsp;bmi160_soft_reset
<LI><a href="#[de]">&gt;&gt;</a>&nbsp;&nbsp;&nbsp;bmi160_get_regs
<LI><a href="#[e0]">&gt;&gt;</a>&nbsp;&nbsp;&nbsp;null_ptr_check
</UL>
<BR>[Called By]<UL><LI><a href="#[129]">&gt;&gt;</a>&nbsp;&nbsp;&nbsp;sensor_config
</UL>

<P><STRONG><a name="[e2]"></a>bmi160_set_fifo_config</STRONG> (Thumb, 128 bytes, Stack size 24 bytes, bmi160.o(i.bmi160_set_fifo_config))
<BR><BR>[Stack]<UL><LI>Max Depth = 56<LI>Call Chain = bmi160_set_fifo_config &rArr; bmi160_set_regs
</UL>
<BR>[Calls]<UL><LI><a href="#[e3]">&gt;&gt;</a>&nbsp;&nbsp;&nbsp;bmi160_set_regs
<LI><a href="#[de]">&gt;&gt;</a>&nbsp;&nbsp;&nbsp;bmi160_get_regs
</UL>
<BR>[Called By]<UL><LI><a href="#[129]">&gt;&gt;</a>&nbsp;&nbsp;&nbsp;sensor_config
</UL>

<P><STRONG><a name="[e4]"></a>bmi160_set_fifo_wm</STRONG> (Thumb, 28 bytes, Stack size 8 bytes, bmi160.o(i.bmi160_set_fifo_wm))
<BR><BR>[Stack]<UL><LI>Max Depth = 40<LI>Call Chain = bmi160_set_fifo_wm &rArr; bmi160_set_regs
</UL>
<BR>[Calls]<UL><LI><a href="#[e3]">&gt;&gt;</a>&nbsp;&nbsp;&nbsp;bmi160_set_regs
</UL>
<BR>[Called By]<UL><LI><a href="#[129]">&gt;&gt;</a>&nbsp;&nbsp;&nbsp;sensor_config
</UL>

<P><STRONG><a name="[e5]"></a>bmi160_set_int_config</STRONG> (Thumb, 364 bytes, Stack size 24 bytes, bmi160.o(i.bmi160_set_int_config))
<BR><BR>[Stack]<UL><LI>Max Depth = 128<LI>Call Chain = bmi160_set_int_config &rArr; set_accel_sig_motion_int &rArr; set_intr_pin_config &rArr; config_int_latch &rArr; bmi160_set_regs
</UL>
<BR>[Calls]<UL><LI><a href="#[e3]">&gt;&gt;</a>&nbsp;&nbsp;&nbsp;bmi160_set_regs
<LI><a href="#[de]">&gt;&gt;</a>&nbsp;&nbsp;&nbsp;bmi160_get_regs
<LI><a href="#[f0]">&gt;&gt;</a>&nbsp;&nbsp;&nbsp;set_intr_pin_config
<LI><a href="#[ea]">&gt;&gt;</a>&nbsp;&nbsp;&nbsp;set_accel_tap_int
<LI><a href="#[eb]">&gt;&gt;</a>&nbsp;&nbsp;&nbsp;set_accel_step_detect_int
<LI><a href="#[e8]">&gt;&gt;</a>&nbsp;&nbsp;&nbsp;set_accel_sig_motion_int
<LI><a href="#[ec]">&gt;&gt;</a>&nbsp;&nbsp;&nbsp;set_accel_orientation_int
<LI><a href="#[e9]">&gt;&gt;</a>&nbsp;&nbsp;&nbsp;set_accel_no_motion_int
<LI><a href="#[ee]">&gt;&gt;</a>&nbsp;&nbsp;&nbsp;set_accel_low_g_int
<LI><a href="#[ef]">&gt;&gt;</a>&nbsp;&nbsp;&nbsp;set_accel_high_g_int
<LI><a href="#[ed]">&gt;&gt;</a>&nbsp;&nbsp;&nbsp;set_accel_flat_detect_int
<LI><a href="#[e0]">&gt;&gt;</a>&nbsp;&nbsp;&nbsp;null_ptr_check
<LI><a href="#[f1]">&gt;&gt;</a>&nbsp;&nbsp;&nbsp;map_hardware_interrupt
<LI><a href="#[e6]">&gt;&gt;</a>&nbsp;&nbsp;&nbsp;enable_accel_any_motion_int
<LI><a href="#[e7]">&gt;&gt;</a>&nbsp;&nbsp;&nbsp;config_any_motion_int_settg
</UL>
<BR>[Called By]<UL><LI><a href="#[129]">&gt;&gt;</a>&nbsp;&nbsp;&nbsp;sensor_config
</UL>

<P><STRONG><a name="[f2]"></a>bmi160_set_power_mode</STRONG> (Thumb, 174 bytes, Stack size 24 bytes, bmi160.o(i.bmi160_set_power_mode))
<BR><BR>[Stack]<UL><LI>Max Depth = 72<LI>Call Chain = bmi160_set_power_mode &rArr; process_under_sampling &rArr; bmi160_set_regs
</UL>
<BR>[Calls]<UL><LI><a href="#[e3]">&gt;&gt;</a>&nbsp;&nbsp;&nbsp;bmi160_set_regs
<LI><a href="#[f3]">&gt;&gt;</a>&nbsp;&nbsp;&nbsp;process_under_sampling
</UL>
<BR>[Called By]<UL><LI><a href="#[f4]">&gt;&gt;</a>&nbsp;&nbsp;&nbsp;bmi160_set_sens_conf
</UL>

<P><STRONG><a name="[e3]"></a>bmi160_set_regs</STRONG> (Thumb, 126 bytes, Stack size 32 bytes, bmi160.o(i.bmi160_set_regs))
<BR><BR>[Stack]<UL><LI>Max Depth = 32<LI>Call Chain = bmi160_set_regs
</UL>
<BR>[Called By]<UL><LI><a href="#[f4]">&gt;&gt;</a>&nbsp;&nbsp;&nbsp;bmi160_set_sens_conf
<LI><a href="#[e5]">&gt;&gt;</a>&nbsp;&nbsp;&nbsp;bmi160_set_int_config
<LI><a href="#[e4]">&gt;&gt;</a>&nbsp;&nbsp;&nbsp;bmi160_set_fifo_wm
<LI><a href="#[e2]">&gt;&gt;</a>&nbsp;&nbsp;&nbsp;bmi160_set_fifo_config
<LI><a href="#[e1]">&gt;&gt;</a>&nbsp;&nbsp;&nbsp;bmi160_soft_reset
<LI><a href="#[f2]">&gt;&gt;</a>&nbsp;&nbsp;&nbsp;bmi160_set_power_mode
<LI><a href="#[ea]">&gt;&gt;</a>&nbsp;&nbsp;&nbsp;set_accel_tap_int
<LI><a href="#[eb]">&gt;&gt;</a>&nbsp;&nbsp;&nbsp;set_accel_step_detect_int
<LI><a href="#[e8]">&gt;&gt;</a>&nbsp;&nbsp;&nbsp;set_accel_sig_motion_int
<LI><a href="#[ec]">&gt;&gt;</a>&nbsp;&nbsp;&nbsp;set_accel_orientation_int
<LI><a href="#[e9]">&gt;&gt;</a>&nbsp;&nbsp;&nbsp;set_accel_no_motion_int
<LI><a href="#[ee]">&gt;&gt;</a>&nbsp;&nbsp;&nbsp;set_accel_low_g_int
<LI><a href="#[ef]">&gt;&gt;</a>&nbsp;&nbsp;&nbsp;set_accel_high_g_int
<LI><a href="#[ed]">&gt;&gt;</a>&nbsp;&nbsp;&nbsp;set_accel_flat_detect_int
<LI><a href="#[f3]">&gt;&gt;</a>&nbsp;&nbsp;&nbsp;process_under_sampling
<LI><a href="#[f1]">&gt;&gt;</a>&nbsp;&nbsp;&nbsp;map_hardware_interrupt
<LI><a href="#[111]">&gt;&gt;</a>&nbsp;&nbsp;&nbsp;map_feature_interrupt
<LI><a href="#[e6]">&gt;&gt;</a>&nbsp;&nbsp;&nbsp;enable_accel_any_motion_int
<LI><a href="#[119]">&gt;&gt;</a>&nbsp;&nbsp;&nbsp;config_tap_param
<LI><a href="#[118]">&gt;&gt;</a>&nbsp;&nbsp;&nbsp;config_step_detect
<LI><a href="#[117]">&gt;&gt;</a>&nbsp;&nbsp;&nbsp;config_sig_dur_threshold
<LI><a href="#[116]">&gt;&gt;</a>&nbsp;&nbsp;&nbsp;config_orient_int_settg
<LI><a href="#[115]">&gt;&gt;</a>&nbsp;&nbsp;&nbsp;config_no_motion_dur_thr
<LI><a href="#[114]">&gt;&gt;</a>&nbsp;&nbsp;&nbsp;config_int_out_ctrl
<LI><a href="#[113]">&gt;&gt;</a>&nbsp;&nbsp;&nbsp;config_int_latch
<LI><a href="#[e7]">&gt;&gt;</a>&nbsp;&nbsp;&nbsp;config_any_motion_int_settg
</UL>

<P><STRONG><a name="[f4]"></a>bmi160_set_sens_conf</STRONG> (Thumb, 230 bytes, Stack size 16 bytes, bmi160.o(i.bmi160_set_sens_conf))
<BR><BR>[Stack]<UL><LI>Max Depth = 88<LI>Call Chain = bmi160_set_sens_conf &rArr; bmi160_set_power_mode &rArr; process_under_sampling &rArr; bmi160_set_regs
</UL>
<BR>[Calls]<UL><LI><a href="#[e3]">&gt;&gt;</a>&nbsp;&nbsp;&nbsp;bmi160_set_regs
<LI><a href="#[f2]">&gt;&gt;</a>&nbsp;&nbsp;&nbsp;bmi160_set_power_mode
<LI><a href="#[de]">&gt;&gt;</a>&nbsp;&nbsp;&nbsp;bmi160_get_regs
<LI><a href="#[f6]">&gt;&gt;</a>&nbsp;&nbsp;&nbsp;check_gyro_config
<LI><a href="#[f5]">&gt;&gt;</a>&nbsp;&nbsp;&nbsp;check_accel_config
</UL>
<BR>[Called By]<UL><LI><a href="#[129]">&gt;&gt;</a>&nbsp;&nbsp;&nbsp;sensor_config
</UL>

<P><STRONG><a name="[e1]"></a>bmi160_soft_reset</STRONG> (Thumb, 110 bytes, Stack size 16 bytes, bmi160.o(i.bmi160_soft_reset))
<BR><BR>[Stack]<UL><LI>Max Depth = 48<LI>Call Chain = bmi160_soft_reset &rArr; bmi160_set_regs
</UL>
<BR>[Calls]<UL><LI><a href="#[e3]">&gt;&gt;</a>&nbsp;&nbsp;&nbsp;bmi160_set_regs
<LI><a href="#[de]">&gt;&gt;</a>&nbsp;&nbsp;&nbsp;bmi160_get_regs
</UL>
<BR>[Called By]<UL><LI><a href="#[df]">&gt;&gt;</a>&nbsp;&nbsp;&nbsp;bmi160_init
</UL>

<P><STRONG><a name="[49]"></a>bmi160_spi_bus_read</STRONG> (Thumb, 74 bytes, Stack size 32 bytes, main.o(i.bmi160_spi_bus_read))
<BR><BR>[Stack]<UL><LI>Max Depth = 112<LI>Call Chain = bmi160_spi_bus_read &rArr; nrf_drv_spi_transfer &rArr; nrfx_spim_xfer &rArr; spim_xfer
</UL>
<BR>[Calls]<UL><LI><a href="#[f7]">&gt;&gt;</a>&nbsp;&nbsp;&nbsp;nrf_drv_spi_transfer
</UL>
<BR>[Address Reference Count : 1]<UL><LI> main.o(i.sensor_config)
</UL>
<P><STRONG><a name="[4a]"></a>bmi160_spi_bus_write</STRONG> (Thumb, 92 bytes, Stack size 40 bytes, main.o(i.bmi160_spi_bus_write))
<BR><BR>[Stack]<UL><LI>Max Depth = 120<LI>Call Chain = bmi160_spi_bus_write &rArr; nrf_drv_spi_transfer &rArr; nrfx_spim_xfer &rArr; spim_xfer
</UL>
<BR>[Calls]<UL><LI><a href="#[f7]">&gt;&gt;</a>&nbsp;&nbsp;&nbsp;nrf_drv_spi_transfer
<LI><a href="#[f8]">&gt;&gt;</a>&nbsp;&nbsp;&nbsp;malloc
<LI><a href="#[f9]">&gt;&gt;</a>&nbsp;&nbsp;&nbsp;free
</UL>
<BR>[Address Reference Count : 1]<UL><LI> main.o(i.sensor_config)
</UL>
<P><STRONG><a name="[16d]"></a>bsp_board_button_idx_to_pin</STRONG> (Thumb, 6 bytes, Stack size 0 bytes, boards.o(i.bsp_board_button_idx_to_pin))
<BR><BR>[Called By]<UL><LI><a href="#[10c]">&gt;&gt;</a>&nbsp;&nbsp;&nbsp;wakeup_button_cfg
</UL>

<P><STRONG><a name="[106]"></a>bsp_board_button_state_get</STRONG> (Thumb, 28 bytes, Stack size 0 bytes, boards.o(i.bsp_board_button_state_get))
<BR><BR>[Called By]<UL><LI><a href="#[102]">&gt;&gt;</a>&nbsp;&nbsp;&nbsp;bsp_button_is_pressed
</UL>

<P><STRONG><a name="[fa]"></a>bsp_board_init</STRONG> (Thumb, 80 bytes, Stack size 32 bytes, boards.o(i.bsp_board_init))
<BR><BR>[Stack]<UL><LI>Max Depth = 48<LI>Call Chain = bsp_board_init &rArr; nrf_gpio_cfg
</UL>
<BR>[Calls]<UL><LI><a href="#[fc]">&gt;&gt;</a>&nbsp;&nbsp;&nbsp;bsp_board_leds_off
<LI><a href="#[fb]">&gt;&gt;</a>&nbsp;&nbsp;&nbsp;nrf_gpio_cfg
</UL>
<BR>[Called By]<UL><LI><a href="#[109]">&gt;&gt;</a>&nbsp;&nbsp;&nbsp;bsp_init
<LI><a href="#[2f]">&gt;&gt;</a>&nbsp;&nbsp;&nbsp;main
</UL>

<P><STRONG><a name="[89]"></a>bsp_board_led_invert</STRONG> (Thumb, 32 bytes, Stack size 0 bytes, boards.o(i.bsp_board_led_invert))
<BR><BR>[Called By]<UL><LI><a href="#[108]">&gt;&gt;</a>&nbsp;&nbsp;&nbsp;bsp_led_indication
<LI><a href="#[3a]">&gt;&gt;</a>&nbsp;&nbsp;&nbsp;alert_timer_handler
</UL>

<P><STRONG><a name="[fd]"></a>bsp_board_led_off</STRONG> (Thumb, 10 bytes, Stack size 0 bytes, boards.o(i.bsp_board_led_off))
<BR><BR>[Calls]<UL><LI><a href="#[fe]">&gt;&gt;</a>&nbsp;&nbsp;&nbsp;nrf_gpio_pin_write
</UL>
<BR>[Called By]<UL><LI><a href="#[10a]">&gt;&gt;</a>&nbsp;&nbsp;&nbsp;leds_off
<LI><a href="#[108]">&gt;&gt;</a>&nbsp;&nbsp;&nbsp;bsp_led_indication
<LI><a href="#[fc]">&gt;&gt;</a>&nbsp;&nbsp;&nbsp;bsp_board_leds_off
</UL>

<P><STRONG><a name="[ff]"></a>bsp_board_led_on</STRONG> (Thumb, 10 bytes, Stack size 0 bytes, boards.o(i.bsp_board_led_on))
<BR><BR>[Calls]<UL><LI><a href="#[fe]">&gt;&gt;</a>&nbsp;&nbsp;&nbsp;nrf_gpio_pin_write
</UL>
<BR>[Called By]<UL><LI><a href="#[108]">&gt;&gt;</a>&nbsp;&nbsp;&nbsp;bsp_led_indication
<LI><a href="#[100]">&gt;&gt;</a>&nbsp;&nbsp;&nbsp;bsp_board_leds_on
</UL>

<P><STRONG><a name="[10b]"></a>bsp_board_led_state_get</STRONG> (Thumb, 28 bytes, Stack size 0 bytes, boards.o(i.bsp_board_led_state_get))
<BR><BR>[Called By]<UL><LI><a href="#[108]">&gt;&gt;</a>&nbsp;&nbsp;&nbsp;bsp_led_indication
</UL>

<P><STRONG><a name="[fc]"></a>bsp_board_leds_off</STRONG> (Thumb, 18 bytes, Stack size 8 bytes, boards.o(i.bsp_board_leds_off))
<BR><BR>[Stack]<UL><LI>Max Depth = 8<LI>Call Chain = bsp_board_leds_off
</UL>
<BR>[Calls]<UL><LI><a href="#[fd]">&gt;&gt;</a>&nbsp;&nbsp;&nbsp;bsp_board_led_off
</UL>
<BR>[Called By]<UL><LI><a href="#[10a]">&gt;&gt;</a>&nbsp;&nbsp;&nbsp;leds_off
<LI><a href="#[fa]">&gt;&gt;</a>&nbsp;&nbsp;&nbsp;bsp_board_init
</UL>

<P><STRONG><a name="[100]"></a>bsp_board_leds_on</STRONG> (Thumb, 18 bytes, Stack size 8 bytes, boards.o(i.bsp_board_leds_on))
<BR><BR>[Stack]<UL><LI>Max Depth = 8<LI>Call Chain = bsp_board_leds_on
</UL>
<BR>[Calls]<UL><LI><a href="#[ff]">&gt;&gt;</a>&nbsp;&nbsp;&nbsp;bsp_board_led_on
</UL>
<BR>[Called By]<UL><LI><a href="#[108]">&gt;&gt;</a>&nbsp;&nbsp;&nbsp;bsp_led_indication
</UL>

<P><STRONG><a name="[105]"></a>bsp_board_pin_to_button_idx</STRONG> (Thumb, 30 bytes, Stack size 8 bytes, boards.o(i.bsp_board_pin_to_button_idx))
<BR><BR>[Stack]<UL><LI>Max Depth = 8<LI>Call Chain = bsp_board_pin_to_button_idx
</UL>
<BR>[Called By]<UL><LI><a href="#[4d]">&gt;&gt;</a>&nbsp;&nbsp;&nbsp;bsp_button_event_handler
</UL>

<P><STRONG><a name="[101]"></a>bsp_btn_ble_init</STRONG> (Thumb, 52 bytes, Stack size 16 bytes, bsp_btn_ble.o(i.bsp_btn_ble_init))
<BR><BR>[Stack]<UL><LI>Max Depth = 40<LI>Call Chain = bsp_btn_ble_init &rArr; advertising_buttons_configure &rArr; bsp_event_to_button_action_assign
</UL>
<BR>[Calls]<UL><LI><a href="#[87]">&gt;&gt;</a>&nbsp;&nbsp;&nbsp;advertising_buttons_configure
<LI><a href="#[102]">&gt;&gt;</a>&nbsp;&nbsp;&nbsp;bsp_button_is_pressed
</UL>
<BR>[Called By]<UL><LI><a href="#[2f]">&gt;&gt;</a>&nbsp;&nbsp;&nbsp;main
</UL>

<P><STRONG><a name="[103]"></a>bsp_btn_ble_sleep_mode_prepare</STRONG> (Thumb, 30 bytes, Stack size 8 bytes, bsp_btn_ble.o(i.bsp_btn_ble_sleep_mode_prepare))
<BR><BR>[Stack]<UL><LI>Max Depth = 16<LI>Call Chain = bsp_btn_ble_sleep_mode_prepare &rArr; bsp_wakeup_button_enable &rArr; wakeup_button_cfg
</UL>
<BR>[Calls]<UL><LI><a href="#[104]">&gt;&gt;</a>&nbsp;&nbsp;&nbsp;bsp_wakeup_button_enable
</UL>
<BR>[Called By]<UL><LI><a href="#[107]">&gt;&gt;</a>&nbsp;&nbsp;&nbsp;sleep_mode_enter
</UL>

<P><STRONG><a name="[102]"></a>bsp_button_is_pressed</STRONG> (Thumb, 12 bytes, Stack size 0 bytes, bsp.o(i.bsp_button_is_pressed))
<BR><BR>[Calls]<UL><LI><a href="#[106]">&gt;&gt;</a>&nbsp;&nbsp;&nbsp;bsp_board_button_state_get
</UL>
<BR>[Called By]<UL><LI><a href="#[101]">&gt;&gt;</a>&nbsp;&nbsp;&nbsp;bsp_btn_ble_init
</UL>

<P><STRONG><a name="[3e]"></a>bsp_event_handler</STRONG> (Thumb, 66 bytes, Stack size 8 bytes, main.o(i.bsp_event_handler))
<BR><BR>[Stack]<UL><LI>Max Depth = 108<LI>Call Chain = bsp_event_handler &rArr; sleep_mode_enter &rArr; bsp_indication_set &rArr; bsp_led_indication &rArr; app_timer_start &rArr; app_util_critical_region_enter
</UL>
<BR>[Calls]<UL><LI><a href="#[c0]">&gt;&gt;</a>&nbsp;&nbsp;&nbsp;ble_advertising_restart_without_whitelist
<LI><a href="#[91]">&gt;&gt;</a>&nbsp;&nbsp;&nbsp;app_error_handler_bare
<LI><a href="#[107]">&gt;&gt;</a>&nbsp;&nbsp;&nbsp;sleep_mode_enter
</UL>
<BR>[Address Reference Count : 1]<UL><LI> main.o(i.main)
</UL>
<P><STRONG><a name="[88]"></a>bsp_event_to_button_action_assign</STRONG> (Thumb, 64 bytes, Stack size 16 bytes, bsp.o(i.bsp_event_to_button_action_assign))
<BR><BR>[Stack]<UL><LI>Max Depth = 16<LI>Call Chain = bsp_event_to_button_action_assign
</UL>
<BR>[Called By]<UL><LI><a href="#[53]">&gt;&gt;</a>&nbsp;&nbsp;&nbsp;ble_evt_handler
<LI><a href="#[87]">&gt;&gt;</a>&nbsp;&nbsp;&nbsp;advertising_buttons_configure
<LI><a href="#[109]">&gt;&gt;</a>&nbsp;&nbsp;&nbsp;bsp_init
</UL>

<P><STRONG><a name="[c8]"></a>bsp_indication_set</STRONG> (Thumb, 20 bytes, Stack size 0 bytes, bsp.o(i.bsp_indication_set))
<BR><BR>[Stack]<UL><LI>Max Depth = 92<LI>Call Chain = bsp_indication_set &rArr; bsp_led_indication &rArr; app_timer_start &rArr; app_util_critical_region_enter
</UL>
<BR>[Calls]<UL><LI><a href="#[108]">&gt;&gt;</a>&nbsp;&nbsp;&nbsp;bsp_led_indication
</UL>
<BR>[Called By]<UL><LI><a href="#[107]">&gt;&gt;</a>&nbsp;&nbsp;&nbsp;sleep_mode_enter
<LI><a href="#[41]">&gt;&gt;</a>&nbsp;&nbsp;&nbsp;on_adv_evt
<LI><a href="#[57]">&gt;&gt;</a>&nbsp;&nbsp;&nbsp;ble_evt_handler
</UL>

<P><STRONG><a name="[109]"></a>bsp_init</STRONG> (Thumb, 128 bytes, Stack size 16 bytes, bsp.o(i.bsp_init))
<BR><BR>[Stack]<UL><LI>Max Depth = 92<LI>Call Chain = bsp_init &rArr; app_button_init &rArr; nrfx_gpiote_in_init &rArr; channel_port_alloc
</UL>
<BR>[Calls]<UL><LI><a href="#[90]">&gt;&gt;</a>&nbsp;&nbsp;&nbsp;app_timer_create
<LI><a href="#[8c]">&gt;&gt;</a>&nbsp;&nbsp;&nbsp;app_button_init
<LI><a href="#[8a]">&gt;&gt;</a>&nbsp;&nbsp;&nbsp;app_button_enable
<LI><a href="#[88]">&gt;&gt;</a>&nbsp;&nbsp;&nbsp;bsp_event_to_button_action_assign
<LI><a href="#[fa]">&gt;&gt;</a>&nbsp;&nbsp;&nbsp;bsp_board_init
</UL>
<BR>[Called By]<UL><LI><a href="#[2f]">&gt;&gt;</a>&nbsp;&nbsp;&nbsp;main
</UL>

<P><STRONG><a name="[104]"></a>bsp_wakeup_button_enable</STRONG> (Thumb, 6 bytes, Stack size 0 bytes, bsp.o(i.bsp_wakeup_button_enable))
<BR><BR>[Stack]<UL><LI>Max Depth = 8<LI>Call Chain = bsp_wakeup_button_enable &rArr; wakeup_button_cfg
</UL>
<BR>[Calls]<UL><LI><a href="#[10c]">&gt;&gt;</a>&nbsp;&nbsp;&nbsp;wakeup_button_cfg
</UL>
<BR>[Called By]<UL><LI><a href="#[103]">&gt;&gt;</a>&nbsp;&nbsp;&nbsp;bsp_btn_ble_sleep_mode_prepare
</UL>

<P><STRONG><a name="[d5]"></a>characteristic_add</STRONG> (Thumb, 400 bytes, Stack size 96 bytes, ble_srv_common.o(i.characteristic_add))
<BR><BR>[Stack]<UL><LI>Max Depth = 96<LI>Call Chain = characteristic_add
</UL>
<BR>[Calls]<UL><LI><a href="#[10d]">&gt;&gt;</a>&nbsp;&nbsp;&nbsp;set_security_req
<LI><a href="#[c2]">&gt;&gt;</a>&nbsp;&nbsp;&nbsp;__aeabi_memclr4
</UL>
<BR>[Called By]<UL><LI><a href="#[d4]">&gt;&gt;</a>&nbsp;&nbsp;&nbsp;ble_nus_init
</UL>

<P><STRONG><a name="[112]"></a>config_gpio</STRONG> (Thumb, 48 bytes, Stack size 16 bytes, main.o(i.config_gpio))
<BR><BR>[Stack]<UL><LI>Max Depth = 68<LI>Call Chain = config_gpio &rArr; nrfx_gpiote_in_init &rArr; channel_port_alloc
</UL>
<BR>[Calls]<UL><LI><a href="#[8d]">&gt;&gt;</a>&nbsp;&nbsp;&nbsp;nrfx_gpiote_is_init
<LI><a href="#[8e]">&gt;&gt;</a>&nbsp;&nbsp;&nbsp;nrfx_gpiote_init
<LI><a href="#[8f]">&gt;&gt;</a>&nbsp;&nbsp;&nbsp;nrfx_gpiote_in_init
<LI><a href="#[8b]">&gt;&gt;</a>&nbsp;&nbsp;&nbsp;nrfx_gpiote_in_event_enable
</UL>
<BR>[Called By]<UL><LI><a href="#[2f]">&gt;&gt;</a>&nbsp;&nbsp;&nbsp;main
</UL>

<P><STRONG><a name="[d0]"></a>conn_handle_list_get</STRONG> (Thumb, 62 bytes, Stack size 72 bytes, ble_conn_state.o(i.conn_handle_list_get))
<BR><BR>[Stack]<UL><LI>Max Depth = 72<LI>Call Chain = conn_handle_list_get
</UL>
[...]
</UL>
<BR>[Called By]<UL><LI><a href="#[f4]">&gt;&gt;</a>&nbsp;&nbsp;&nbsp;bmi160_set_sens_conf
</UL>

<P><STRONG><a name="[e7]"></a>config_any_motion_int_settg</STRONG> (Thumb, 200 bytes, Stack size 32 bytes, bmi160.o(i.config_any_motion_int_settg))
<BR><BR>[Stack]<UL><LI>Max Depth = 104<LI>Call Chain = config_any_motion_int_settg &rArr; set_intr_pin_config &rArr; config_int_latch &rArr; bmi160_set_regs
</UL>
<BR>[Calls]<UL><LI><a href="#[e3]">&gt;&gt;</a>&nbsp;&nbsp;&nbsp;bmi160_set_regs
<LI><a href="#[de]">&gt;&gt;</a>&nbsp;&nbsp;&nbsp;bmi160_get_regs
<LI><a href="#[f0]">&gt;&gt;</a>&nbsp;&nbsp;&nbsp;set_intr_pin_config
<LI><a href="#[111]">&gt;&gt;</a>&nbsp;&nbsp;&nbsp;map_feature_interrupt
</UL>
<BR>[Called By]<UL><LI><a href="#[e5]">&gt;&gt;</a>&nbsp;&nbsp;&nbsp;bmi160_set_int_config
</UL>

<P><STRONG><a name="[113]"></a>config_int_latch</STRONG> (Thumb, 106 bytes, Stack size 24 bytes, bmi160.o(i.config_int_latch))
<BR><BR>[Stack]<UL><LI>Max Depth = 56<LI>Call Chain = config_int_latch &rArr; bmi160_set_regs
</UL>
<BR>[Calls]<UL><LI><a href="#[e3]">&gt;&gt;</a>&nbsp;&nbsp;&nbsp;bmi160_set_regs
<LI><a href="#[de]">&gt;&gt;</a>&nbsp;&nbsp;&nbsp;bmi160_get_regs
</UL>
<BR>[Called By]<UL><LI><a href="#[f0]">&gt;&gt;</a>&nbsp;&nbsp;&nbsp;set_intr_pin_config
</UL>

<P><STRONG><a name="[114]"></a>config_int_out_ctrl</STRONG> (Thumb, 156 bytes, Stack size 16 bytes, bmi160.o(i.config_int_out_ctrl))
<BR><BR>[Stack]<UL><LI>Max Depth = 48<LI>Call Chain = config_int_out_ctrl &rArr; bmi160_set_regs
</UL>
<BR>[Calls]<UL><LI><a href="#[e3]">&gt;&gt;</a>&nbsp;&nbsp;&nbsp;bmi160_set_regs
<LI><a href="#[de]">&gt;&gt;</a>&nbsp;&nbsp;&nbsp;bmi160_get_regs
</UL>
<BR>[Called By]<UL><LI><a href="#[f0]">&gt;&gt;</a>&nbsp;&nbsp;&nbsp;set_intr_pin_config
</UL>

<P><STRONG><a name="[115]"></a>config_no_motion_dur_thr</STRONG> (Thumb, 128 bytes, Stack size 24 bytes, bmi160.o(i.config_no_motion_dur_thr))
<BR><BR>[Stack]<UL><LI>Max Depth = 56<LI>Call Chain = config_no_motion_dur_thr &rArr; bmi160_set_regs
</UL>
<BR>[Calls]<UL><LI><a href="#[e3]">&gt;&gt;</a>&nbsp;&nbsp;&nbsp;bmi160_set_regs
<LI><a href="#[de]">&gt;&gt;</a>&nbsp;&nbsp;&nbsp;bmi160_get_regs
</UL>
<BR>[Called By]<UL><LI><a href="#[e9]">&gt;&gt;</a>&nbsp;&nbsp;&nbsp;set_accel_no_motion_int
</UL>

<P><STRONG><a name="[116]"></a>config_orient_int_settg</STRONG> (Thumb, 124 bytes, Stack size 16 bytes, bmi160.o(i.config_orient_int_settg))
<BR><BR>[Stack]<UL><LI>Max Depth = 48<LI>Call Chain = config_orient_int_settg &rArr; bmi160_set_regs
</UL>
<BR>[Calls]<UL><LI><a href="#[e3]">&gt;&gt;</a>&nbsp;&nbsp;&nbsp;bmi160_set_regs
<LI><a href="#[de]">&gt;&gt;</a>&nbsp;&nbsp;&nbsp;bmi160_get_regs
</UL>
<BR>[Called By]<UL><LI><a href="#[ec]">&gt;&gt;</a>&nbsp;&nbsp;&nbsp;set_accel_orientation_int
</UL>

<P><STRONG><a name="[117]"></a>config_sig_dur_threshold</STRONG> (Thumb, 116 bytes, Stack size 16 bytes, bmi160.o(i.config_sig_dur_threshold))
<BR><BR>[Stack]<UL><LI>Max Depth = 48<LI>Call Chain = config_sig_dur_threshold &rArr; bmi160_set_regs
</UL>
<BR>[Calls]<UL><LI><a href="#[e3]">&gt;&gt;</a>&nbsp;&nbsp;&nbsp;bmi160_set_regs
<LI><a href="#[de]">&gt;&gt;</a>&nbsp;&nbsp;&nbsp;bmi160_get_regs
</UL>
<BR>[Called By]<UL><LI><a href="#[e8]">&gt;&gt;</a>&nbsp;&nbsp;&nbsp;set_accel_sig_motion_int
</UL>

<P><STRONG><a name="[118]"></a>config_step_detect</STRONG> (Thumb, 154 bytes, Stack size 16 bytes, bmi160.o(i.config_step_detect))
<BR><BR>[Stack]<UL><LI>Max Depth = 48<LI>Call Chain = config_step_detect &rArr; bmi160_set_regs
</UL>
<BR>[Calls]<UL><LI><a href="#[e3]">&gt;&gt;</a>&nbsp;&nbsp;&nbsp;bmi160_set_regs
<LI><a href="#[de]">&gt;&gt;</a>&nbsp;&nbsp;&nbsp;bmi160_get_regs
</UL>
<BR>[Called By]<UL><LI><a href="#[eb]">&gt;&gt;</a>&nbsp;&nbsp;&nbsp;set_accel_step_detect_int
</UL>

<P><STRONG><a name="[119]"></a>config_tap_param</STRONG> (Thumb, 118 bytes, Stack size 24 bytes, bmi160.o(i.config_tap_param))
<BR><BR>[Stack]<UL><LI>Max Depth = 56<LI>Call Chain = config_tap_param &rArr; bmi160_set_regs
</UL>
<BR>[Calls]<UL><LI><a href="#[e3]">&gt;&gt;</a>&nbsp;&nbsp;&nbsp;bmi160_set_regs
<LI><a href="#[de]">&gt;&gt;</a>&nbsp;&nbsp;&nbsp;bmi160_get_regs
</UL>
<BR>[Called By]<UL><LI><a href="#[ea]">&gt;&gt;</a>&nbsp;&nbsp;&nbsp;set_accel_tap_int
</UL>

<P><STRONG><a name="[e6]"></a>enable_accel_any_motion_int</STRONG> (Thumb, 118 bytes, Stack size 24 bytes, bmi160.o(i.enable_accel_any_motion_int))
<BR><BR>[Stack]<UL><LI>Max Depth = 56<LI>Call Chain = enable_accel_any_motion_int &rArr; bmi160_set_regs
</UL>
<BR>[Calls]<UL><LI><a href="#[e3]">&gt;&gt;</a>&nbsp;&nbsp;&nbsp;bmi160_set_regs
<LI><a href="#[de]">&gt;&gt;</a>&nbsp;&nbsp;&nbsp;bmi160_get_regs
</UL>
<BR>[Called By]<UL><LI><a href="#[e5]">&gt;&gt;</a>&nbsp;&nbsp;&nbsp;bmi160_set_int_config
</UL>

<P><STRONG><a name="[d9]"></a>extract_accel_header_mode</STRONG> (Thumb, 200 bytes, Stack size 32 bytes, bmi160.o(i.extract_accel_header_mode))
<BR><BR>[Stack]<UL><LI>Max Depth = 56<LI>Call Chain = extract_accel_header_mode &rArr; unpack_accel_frame &rArr; unpack_accel_data
</UL>
<BR>[Calls]<UL><LI><a href="#[11c]">&gt;&gt;</a>&nbsp;&nbsp;&nbsp;unpack_skipped_frame
<LI><a href="#[11b]">&gt;&gt;</a>&nbsp;&nbsp;&nbsp;unpack_sensortime_frame
<LI><a href="#[dc]">&gt;&gt;</a>&nbsp;&nbsp;&nbsp;unpack_accel_frame
<LI><a href="#[11d]">&gt;&gt;</a>&nbsp;&nbsp;&nbsp;move_next_frame
</UL>
<BR>[Called By]<UL><LI><a href="#[d8]">&gt;&gt;</a>&nbsp;&nbsp;&nbsp;bmi160_extract_accel
</UL>

<P><STRONG><a name="[da]"></a>get_accel_len_to_parse</STRONG> (Thumb, 84 bytes, Stack size 12 bytes, bmi160.o(i.get_accel_len_to_parse))
<BR><BR>[Stack]<UL><LI>Max Depth = 12<LI>Call Chain = get_accel_len_to_parse
</UL>
<BR>[Called By]<UL><LI><a href="#[d8]">&gt;&gt;</a>&nbsp;&nbsp;&nbsp;bmi160_extract_accel
</UL>

<P><STRONG><a name="[111]"></a>map_feature_interrupt</STRONG> (Thumb, 118 bytes, Stack size 24 bytes, bmi160.o(i.map_feature_interrupt))
<BR><BR>[Stack]<UL><LI>Max Depth = 56<LI>Call Chain = map_feature_interrupt &rArr; bmi160_set_regs
</UL>
<BR>[Calls]<UL><LI><a href="#[e3]">&gt;&gt;</a>&nbsp;&nbsp;&nbsp;bmi160_set_regs
<LI><a href="#[de]">&gt;&gt;</a>&nbsp;&nbsp;&nbsp;bmi160_get_regs
</UL>
<BR>[Called By]<UL><LI><a href="#[ea]">&gt;&gt;</a>&nbsp;&nbsp;&nbsp;set_accel_tap_int
<LI><a href="#[eb]">&gt;&gt;</a>&nbsp;&nbsp;&nbsp;set_accel_step_detect_int
<LI><a href="#[e8]">&gt;&gt;</a>&nbsp;&nbsp;&nbsp;set_accel_sig_motion_int
<LI><a href="#[ec]">&gt;&gt;</a>&nbsp;&nbsp;&nbsp;set_accel_orientation_int
<LI><a href="#[e9]">&gt;&gt;</a>&nbsp;&nbsp;&nbsp;set_accel_no_motion_int
<LI><a href="#[ee]">&gt;&gt;</a>&nbsp;&nbsp;&nbsp;set_accel_low_g_int
<LI><a href="#[ef]">&gt;&gt;</a>&nbsp;&nbsp;&nbsp;set_accel_high_g_int
<LI><a href="#[ed]">&gt;&gt;</a>&nbsp;&nbsp;&nbsp;set_accel_flat_detect_int
<LI><a href="#[e7]">&gt;&gt;</a>&nbsp;&nbsp;&nbsp;config_any_motion_int_settg
</UL>

<P><STRONG><a name="[f1]"></a>map_hardware_interrupt</STRONG> (Thumb, 116 bytes, Stack size 24 bytes, bmi160.o(i.map_hardware_interrupt))
<BR><BR>[Stack]<UL><LI>Max Depth = 56<LI>Call Chain = map_hardware_interrupt &rArr; bmi160_set_regs
</UL>
<BR>[Calls]<UL><LI><a href="#[e3]">&gt;&gt;</a>&nbsp;&nbsp;&nbsp;bmi160_set_regs
<LI><a href="#[de]">&gt;&gt;</a>&nbsp;&nbsp;&nbsp;bmi160_get_regs
</UL>
<BR>[Called By]<UL><LI><a href="#[e5]">&gt;&gt;</a>&nbsp;&nbsp;&nbsp;bmi160_set_int_config
</UL>

<P><STRONG><a name="[11d]"></a>move_next_frame</STRONG> (Thumb, 20 bytes, Stack size 0 bytes, bmi160.o(i.move_next_frame))
<BR><BR>[Called By]<UL><LI><a href="#[d9]">&gt;&gt;</a>&nbsp;&nbsp;&nbsp;extract_accel_header_mode
</UL>

<P><STRONG><a name="[e0]"></a>null_ptr_check</STRONG> (Thumb, 24 bytes, Stack size 0 bytes, bmi160.o(i.null_ptr_check))
<BR><BR>[Called By]<UL><LI><a href="#[e5]">&gt;&gt;</a>&nbsp;&nbsp;&nbsp;bmi160_set_int_config
<LI><a href="#[df]">&gt;&gt;</a>&nbsp;&nbsp;&nbsp;bmi160_init
<LI><a href="#[ea]">&gt;&gt;</a>&nbsp;&nbsp;&nbsp;set_accel_tap_int
<LI><a href="#[eb]">&gt;&gt;</a>&nbsp;&nbsp;&nbsp;set_accel_step_detect_int
<LI><a href="#[e8]">&gt;&gt;</a>&nbsp;&nbsp;&nbsp;set_accel_sig_motion_int
<LI><a href="#[ec]">&gt;&gt;</a>&nbsp;&nbsp;&nbsp;set_accel_orientation_int
<LI><a href="#[e9]">&gt;&gt;</a>&nbsp;&nbsp;&nbsp;set_accel_no_motion_int
<LI><a href="#[ee]">&gt;&gt;</a>&nbsp;&nbsp;&nbsp;set_accel_low_g_int
<LI><a href="#[ef]">&gt;&gt;</a>&nbsp;&nbsp;&nbsp;set_accel_high_g_int
<LI><a href="#[ed]">&gt;&gt;</a>&nbsp;&nbsp;&nbsp;set_accel_flat_detect_int
</UL>

<P><STRONG><a name="[f3]"></a>process_under_sampling</STRONG> (Thumb, 96 bytes, Stack size 16 bytes, bmi160.o(i.process_under_sampling))
<BR><BR>[Stack]<UL><LI>Max Depth = 48<LI>Call Chain = process_under_sampling &rArr; bmi160_set_regs
</UL>
<BR>[Calls]<UL><LI><a href="#[e3]">&gt;&gt;</a>&nbsp;&nbsp;&nbsp;bmi160_set_regs
<LI><a href="#[de]">&gt;&gt;</a>&nbsp;&nbsp;&nbsp;bmi160_get_regs
</UL>
<BR>[Called By]<UL><LI><a href="#[f2]">&gt;&gt;</a>&nbsp;&nbsp;&nbsp;bmi160_set_power_mode
</UL>

<P><STRONG><a name="[ed]"></a>set_accel_flat_detect_int</STRONG> (Thumb, 188 bytes, Stack size 24 bytes, bmi160.o(i.set_accel_flat_detect_int))
<BR><BR>[Stack]<UL><LI>Max Depth = 96<LI>Call Chain = set_accel_flat_detect_int &rArr; set_intr_pin_config &rArr; config_int_latch &rArr; bmi160_set_regs
</UL>
<BR>[Calls]<UL><LI><a href="#[e3]">&gt;&gt;</a>&nbsp;&nbsp;&nbsp;bmi160_set_regs
<LI><a href="#[de]">&gt;&gt;</a>&nbsp;&nbsp;&nbsp;bmi160_get_regs
<LI><a href="#[f0]">&gt;&gt;</a>&nbsp;&nbsp;&nbsp;set_intr_pin_config
<LI><a href="#[e0]">&gt;&gt;</a>&nbsp;&nbsp;&nbsp;null_ptr_check
<LI><a href="#[111]">&gt;&gt;</a>&nbsp;&nbsp;&nbsp;map_feature_interrupt
</UL>
<BR>[Called By]<UL><LI><a href="#[e5]">&gt;&gt;</a>&nbsp;&nbsp;&nbsp;bmi160_set_int_config
</UL>

<P><STRONG><a name="[ef]"></a>set_accel_high_g_int</STRONG> (Thumb, 248 bytes, Stack size 24 bytes, bmi160.o(i.set_accel_high_g_int))
<BR><BR>[Stack]<UL><LI>Max Depth = 96<LI>Call Chain = set_accel_high_g_int &rArr; set_intr_pin_config &rArr; config_int_latch &rArr; bmi160_set_regs
</UL>
<BR>[Calls]<UL><LI><a href="#[e3]">&gt;&gt;</a>&nbsp;&nbsp;&nbsp;bmi160_set_regs
<LI><a href="#[de]">&gt;&gt;</a>&nbsp;&nbsp;&nbsp;bmi160_get_regs
<LI><a href="#[f0]">&gt;&gt;</a>&nbsp;&nbsp;&nbsp;set_intr_pin_config
<LI><a href="#[e0]">&gt;&gt;</a>&nbsp;&nbsp;&nbsp;null_ptr_check
<LI><a href="#[111]">&gt;&gt;</a>&nbsp;&nbsp;&nbsp;map_feature_interrupt
</UL>
<BR>[Called By]<UL><LI><a href="#[e5]">&gt;&gt;</a>&nbsp;&nbsp;&nbsp;bmi160_set_int_config
</UL>

<P><STRONG><a name="[ee]"></a>set_accel_low_g_int</STRONG> (Thumb, 246 bytes, Stack size 24 bytes, bmi160.o(i.set_accel_low_g_int))
<BR><BR>[Stack]<UL><LI>Max Depth = 96<LI>Call Chain = set_accel_low_g_int &rArr; set_intr_pin_config &rArr; config_int_latch &rArr; bmi160_set_regs
</UL>
<BR>[Calls]<UL><LI><a href="#[e3]">&gt;&gt;</a>&nbsp;&nbsp;&nbsp;bmi160_set_regs
<LI><a href="#[de]">&gt;&gt;</a>&nbsp;&nbsp;&nbsp;bmi160_get_regs
<LI><a href="#[f0]">&gt;&gt;</a>&nbsp;&nbsp;&nbsp;set_intr_pin_config
<LI><a href="#[e0]">&gt;&gt;</a>&nbsp;&nbsp;&nbsp;null_ptr_check
<LI><a href="#[111]">&gt;&gt;</a>&nbsp;&nbsp;&nbsp;map_feature_interrupt
</UL>
<BR>[Called By]<UL><LI><a href="#[e5]">&gt;&gt;</a>&nbsp;&nbsp;&nbsp;bmi160_set_int_config
</UL>

<P><STRONG><a name="[e9]"></a>set_accel_no_motion_int</STRONG> (Thumb, 202 bytes, Stack size 24 bytes, bmi160.o(i.set_accel_no_motion_int))
<BR><BR>[Stack]<UL><LI>Max Depth = 96<LI>Call Chain = set_accel_no_motion_int &rArr; set_intr_pin_config &rArr; config_int_latch &rArr; bmi160_set_regs
</UL>
<BR>[Calls]<UL><LI><a href="#[e3]">&gt;&gt;</a>&nbsp;&nbsp;&nbsp;bmi160_set_regs
<LI><a href="#[de]">&gt;&gt;</a>&nbsp;&nbsp;&nbsp;bmi160_get_regs
<LI><a href="#[f0]">&gt;&gt;</a>&nbsp;&nbsp;&nbsp;set_intr_pin_config
<LI><a href="#[e0]">&gt;&gt;</a>&nbsp;&nbsp;&nbsp;null_ptr_check
<LI><a href="#[111]">&gt;&gt;</a>&nbsp;&nbsp;&nbsp;map_feature_interrupt
<LI><a href="#[115]">&gt;&gt;</a>&nbsp;&nbsp;&nbsp;config_no_motion_dur_thr
</UL>
<BR>[Called By]<UL><LI><a href="#[e5]">&gt;&gt;</a>&nbsp;&nbsp;&nbsp;bmi160_set_int_config
</UL>

<P><STRONG><a name="[ec]"></a>set_accel_orientation_int</STRONG> (Thumb, 120 bytes, Stack size 24 bytes, bmi160.o(i.set_accel_orientation_int))
<BR><BR>[Stack]<UL><LI>Max Depth = 96<LI>Call Chain = set_accel_orientation_int &rArr; set_intr_pin_config &rArr; config_int_latch &rArr; bmi160_set_regs
</UL>
<BR>[Calls]<UL><LI><a href="#[e3]">&gt;&gt;</a>&nbsp;&nbsp;&nbsp;bmi160_set_regs
<LI><a href="#[de]">&gt;&gt;</a>&nbsp;&nbsp;&nbsp;bmi160_get_regs
<LI><a href="#[f0]">&gt;&gt;</a>&nbsp;&nbsp;&nbsp;set_intr_pin_config
<LI><a href="#[e0]">&gt;&gt;</a>&nbsp;&nbsp;&nbsp;null_ptr_check
<LI><a href="#[111]">&gt;&gt;</a>&nbsp;&nbsp;&nbsp;map_feature_interrupt
<LI><a href="#[116]">&gt;&gt;</a>&nbsp;&nbsp;&nbsp;config_orient_int_settg
</UL>
<BR>[Called By]<UL><LI><a href="#[e5]">&gt;&gt;</a>&nbsp;&nbsp;&nbsp;bmi160_set_int_config
</UL>

<P><STRONG><a name="[e8]"></a>set_accel_sig_motion_int</STRONG> (Thumb, 198 bytes, Stack size 32 bytes, bmi160.o(i.set_accel_sig_motion_int))
<BR><BR>[Stack]<UL><LI>Max Depth = 104<LI>Call Chain = set_accel_sig_motion_int &rArr; set_intr_pin_config &rArr; config_int_latch &rArr; bmi160_set_regs
</UL>
<BR>[Calls]<UL><LI><a href="#[e3]">&gt;&gt;</a>&nbsp;&nbsp;&nbsp;bmi160_set_regs
<LI><a href="#[de]">&gt;&gt;</a>&nbsp;&nbsp;&nbsp;bmi160_get_regs
<LI><a href="#[f0]">&gt;&gt;</a>&nbsp;&nbsp;&nbsp;set_intr_pin_config
<LI><a href="#[e0]">&gt;&gt;</a>&nbsp;&nbsp;&nbsp;null_ptr_check
<LI><a href="#[111]">&gt;&gt;</a>&nbsp;&nbsp;&nbsp;map_feature_interrupt
<LI><a href="#[117]">&gt;&gt;</a>&nbsp;&nbsp;&nbsp;config_sig_dur_threshold
</UL>
<BR>[Called By]<UL><LI><a href="#[e5]">&gt;&gt;</a>&nbsp;&nbsp;&nbsp;bmi160_set_int_config
</UL>

<P><STRONG><a name="[eb]"></a>set_accel_step_detect_int</STRONG> (Thumb, 120 bytes, Stack size 24 bytes, bmi160.o(i.set_accel_step_detect_int))
<BR><BR>[Stack]<UL><LI>Max Depth = 96<LI>Call Chain = set_accel_step_detect_int &rArr; set_intr_pin_config &rArr; config_int_latch &rArr; bmi160_set_regs
</UL>
<BR>[Calls]<UL><LI><a href="#[e3]">&gt;&gt;</a>&nbsp;&nbsp;&nbsp;bmi160_set_regs
<LI><a href="#[de]">&gt;&gt;</a>&nbsp;&nbsp;&nbsp;bmi160_get_regs
<LI><a href="#[f0]">&gt;&gt;</a>&nbsp;&nbsp;&nbsp;set_intr_pin_config
<LI><a href="#[e0]">&gt;&gt;</a>&nbsp;&nbsp;&nbsp;null_ptr_check
<LI><a href="#[111]">&gt;&gt;</a>&nbsp;&nbsp;&nbsp;map_feature_interrupt
<LI><a href="#[118]">&gt;&gt;</a>&nbsp;&nbsp;&nbsp;config_step_detect
</UL>
<BR>[Called By]<UL><LI><a href="#[e5]">&gt;&gt;</a>&nbsp;&nbsp;&nbsp;bmi160_set_int_config
</UL>

<P><STRONG><a name="[ea]"></a>set_accel_tap_int</STRONG> (Thumb, 216 bytes, Stack size 24 bytes, bmi160.o(i.set_accel_tap_int))
<BR><BR>[Stack]<UL><LI>Max Depth = 96<LI>Call Chain = set_accel_tap_int &rArr; set_intr_pin_config &rArr; config_int_latch &rArr; bmi160_set_regs
</UL>
<BR>[Calls]<UL><LI><a href="#[e3]">&gt;&gt;</a>&nbsp;&nbsp;&nbsp;bmi160_set_regs
<LI><a href="#[de]">&gt;&gt;</a>&nbsp;&nbsp;&nbsp;bmi160_get_regs
<LI><a href="#[f0]">&gt;&gt;</a>&nbsp;&nbsp;&nbsp;set_intr_pin_config
<LI><a href="#[e0]">&gt;&gt;</a>&nbsp;&nbsp;&nbsp;null_ptr_check
<LI><a href="#[111]">&gt;&gt;</a>&nbsp;&nbsp;&nbsp;map_feature_interrupt
<LI><a href="#[119]">&gt;&gt;</a>&nbsp;&nbsp;&nbsp;config_tap_param
</UL>
<BR>[Called By]<UL><LI><a href="#[e5]">&gt;&gt;</a>&nbsp;&nbsp;&nbsp;bmi160_set_int_config
</UL>

<P><STRONG><a name="[f0]"></a>set_intr_pin_config</STRONG> (Thumb, 28 bytes, Stack size 16 bytes, bmi160.o(i.set_intr_pin_config))
<BR><BR>[Stack]<UL><LI>Max Depth = 72<LI>Call Chain = set_intr_pin_config &rArr; config_int_latch &rArr; bmi160_set_regs
</UL>
<BR>[Calls]<UL><LI><a href="#[114]">&gt;&gt;</a>&nbsp;&nbsp;&nbsp;config_int_out_ctrl
<LI><a href="#[113]">&gt;&gt;</a>&nbsp;&nbsp;&nbsp;config_int_latch
</UL>
<BR>[Called By]<UL><LI><a href="#[e5]">&gt;&gt;</a>&nbsp;&nbsp;&nbsp;bmi160_set_int_config
<LI><a href="#[ea]">&gt;&gt;</a>&nbsp;&nbsp;&nbsp;set_accel_tap_int
<LI><a href="#[eb]">&gt;&gt;</a>&nbsp;&nbsp;&nbsp;set_accel_step_detect_int
<LI><a href="#[e8]">&gt;&gt;</a>&nbsp;&nbsp;&nbsp;set_accel_sig_motion_int
<LI><a href="#[ec]">&gt;&gt;</a>&nbsp;&nbsp;&nbsp;set_accel_orientation_int
<LI><a href="#[e9]">&gt;&gt;</a>&nbsp;&nbsp;&nbsp;set_accel_no_motion_int
<LI><a href="#[ee]">&gt;&gt;</a>&nbsp;&nbsp;&nbsp;set_accel_low_g_int
<LI><a href="#[ef]">&gt;&gt;</a>&nbsp;&nbsp;&nbsp;set_accel_high_g_int
<LI><a href="#[ed]">&gt;&gt;</a>&nbsp;&nbsp;&nbsp;set_accel_flat_detect_int
<LI><a href="#[e7]">&gt;&gt;</a>&nbsp;&nbsp;&nbsp;config_any_motion_int_settg
</UL>

<P><STRONG><a name="[16b]"></a>unpack_accel_data</STRONG> (Thumb, 66 bytes, Stack size 8 bytes, bmi160.o(i.unpack_accel_data))
<BR><BR>[Stack]<UL><LI>Max Depth = 8<LI>Call Chain = unpack_accel_data
</UL>
<BR>[Called By]<UL><LI><a href="#[dc]">&gt;&gt;</a>&nbsp;&nbsp;&nbsp;unpack_accel_frame
</UL>

<P><STRONG><a name="[dc]"></a>unpack_accel_frame</STRONG> (Thumb, 258 bytes, Stack size 16 bytes, bmi160.o(i.unpack_accel_frame))
<BR><BR>[Stack]<UL><LI>Max Depth = 24<LI>Call Chain = unpack_accel_frame &rArr; unpack_accel_data
</UL>
<BR>[Calls]<UL><LI><a href="#[16b]">&gt;&gt;</a>&nbsp;&nbsp;&nbsp;unpack_accel_data
</UL>
<BR>[Called By]<UL><LI><a href="#[d8]">&gt;&gt;</a>&nbsp;&nbsp;&nbsp;bmi160_extract_accel
<LI><a href="#[d9]">&gt;&gt;</a>&nbsp;&nbsp;&nbsp;extract_accel_header_mode
</UL>

<P><STRONG><a name="[11b]"></a>unpack_sensortime_frame</STRONG> (Thumb, 42 bytes, Stack size 12 bytes, bmi160.o(i.unpack_sensortime_frame))
<BR><BR>[Stack]<UL><LI>Max Depth = 12<LI>Call Chain = unpack_sensortime_frame
</UL>
<BR>[Called By]<UL><LI><a href="#[d9]">&gt;&gt;</a>&nbsp;&nbsp;&nbsp;extract_accel_header_mode
</UL>

<P><STRONG><a name="[11c]"></a>unpack_skipped_frame</STRONG> (Thumb, 28 bytes, Stack size 0 bytes, bmi160.o(i.unpack_skipped_frame))
<BR><BR>[Called By]<UL><LI><a href="#[d9]">&gt;&gt;</a>&nbsp;&nbsp;&nbsp;extract_accel_header_mode
</UL>

<P><STRONG><a name="[82]"></a>_fp_digits</STRONG> (Thumb, 366 bytes, Stack size 64 bytes, printfa.o(i._fp_digits), UNUSED)
<BR><BR>[Calls]<UL><LI><a href="#[5f]">&gt;&gt;</a>&nbsp;&nbsp;&nbsp;__aeabi_uldivmod
<LI><a href="#[6c]">&gt;&gt;</a>&nbsp;&nbsp;&nbsp;__aeabi_dmul
<LI><a href="#[6d]">&gt;&gt;</a>&nbsp;&nbsp;&nbsp;__aeabi_ddiv
<LI><a href="#[68]">&gt;&gt;</a>&nbsp;&nbsp;&nbsp;__aeabi_dadd
<LI><a href="#[6e]">&gt;&gt;</a>&nbsp;&nbsp;&nbsp;__aeabi_d2ulz
<LI><a href="#[83]">&gt;&gt;</a>&nbsp;&nbsp;&nbsp;__aeabi_cdrcmple
</UL>
<BR>[Called By]<UL><LI><a href="#[80]">&gt;&gt;</a>&nbsp;&nbsp;&nbsp;_printf_core
</UL>

<P><STRONG><a name="[80]"></a>_printf_core</STRONG> (Thumb, 1744 bytes, Stack size 136 bytes, printfa.o(i._printf_core), UNUSED)
<BR><BR>[Calls]<UL><LI><a href="#[5f]">&gt;&gt;</a>&nbsp;&nbsp;&nbsp;__aeabi_uldivmod
<LI><a href="#[86]">&gt;&gt;</a>&nbsp;&nbsp;&nbsp;__aeabi_uidivmod
<LI><a href="#[84]">&gt;&gt;</a>&nbsp;&nbsp;&nbsp;_printf_pre_padding
<LI><a href="#[85]">&gt;&gt;</a>&nbsp;&nbsp;&nbsp;_printf_post_padding
<LI><a href="#[82]">&gt;&gt;</a>&nbsp;&nbsp;&nbsp;_fp_digits
</UL>
<BR>[Called By]<UL><LI><a href="#[81]">&gt;&gt;</a>&nbsp;&nbsp;&nbsp;__0sprintf
<LI><a href="#[7f]">&gt;&gt;</a>&nbsp;&nbsp;&nbsp;__0printf
</UL>

<P><STRONG><a name="[85]"></a>_printf_post_padding</STRONG> (Thumb, 36 bytes, Stack size 24 bytes, printfa.o(i._printf_post_padding), UNUSED)
<BR><BR>[Called By]<UL><LI><a href="#[80]">&gt;&gt;</a>&nbsp;&nbsp;&nbsp;_printf_core
</UL>

<P><STRONG><a name="[84]"></a>_printf_pre_padding</STRONG> (Thumb, 46 bytes, Stack size 24 bytes, printfa.o(i._printf_pre_padding), UNUSED)
<BR><BR>[Called By]<UL><LI><a href="#[80]">&gt;&gt;</a>&nbsp;&nbsp;&nbsp;_printf_core
</UL>

<P><STRONG><a name="[33]"></a>_sputc</STRONG> (Thumb, 10 bytes, Stack size 0 bytes, printfa.o(i._sputc))
<BR><BR>[Called By]<UL><LI><a href="#[81]">&gt;&gt;</a>&nbsp;&nbsp;&nbsp;__0sprintf
</UL>
<BR>[Address Reference Count : 1]<UL><LI> printfa.o(i.__0sprintf)
</UL><P>
<H3>
Undefined Global Symbols
</H3><HR></body></html>
