Component: ARM Compiler 5.06 update 6 (build 750) Tool: armlink [4d35ed]

==============================================================================

Section Cross References

    main.o(i.bmi160_spi_bus_read) refers to main.o(i.nrf_drv_spi_transfer) for nrf_drv_spi_transfer
    main.o(i.bmi160_spi_bus_read) refers to main.o(.data) for spi_xfer_done
    main.o(i.bmi160_spi_bus_read) refers to main.o(.bss) for SPI_RX_Buffer
    main.o(i.bmi160_spi_bus_read) refers to main.o(.constdata) for spi
    main.o(i.bmi160_spi_bus_write) refers to malloc.o(i.malloc) for malloc
    main.o(i.bmi160_spi_bus_write) refers to main.o(i.nrf_drv_spi_transfer) for nrf_drv_spi_transfer
    main.o(i.bmi160_spi_bus_write) refers to malloc.o(i.free) for free
    main.o(i.bmi160_spi_bus_write) refers to main.o(.data) for spi_xfer_done
    main.o(i.bmi160_spi_bus_write) refers to main.o(.constdata) for spi
    main.o(i.main) refers to boards.o(i.bsp_board_init) for bsp_board_init
    main.o(i.main) refers to main.o(i.spi_config) for spi_config
    main.o(i.main) refers to main.o(i.sensor_config) for sensor_config
    main.o(i.nrf_delay_ms) refers to main.o(.constdata) for delay_bytecode
    main.o(i.nrf_drv_spi_transfer) refers to nrfx_spim.o(i.nrfx_spim_xfer) for nrfx_spim_xfer
    main.o(i.sensor_config) refers to bmi160.o(i.bmi160_init) for bmi160_init
    main.o(i.sensor_config) refers to main.o(.bss) for sensor
    main.o(i.sensor_config) refers to main.o(i.bmi160_spi_bus_read) for bmi160_spi_bus_read
    main.o(i.sensor_config) refers to main.o(i.bmi160_spi_bus_write) for bmi160_spi_bus_write
    main.o(i.sensor_config) refers to main.o(i.nrf_delay_ms) for nrf_delay_ms
    main.o(i.spi_config) refers to nrf_drv_spi.o(i.nrf_drv_spi_init) for nrf_drv_spi_init
    main.o(i.spi_config) refers to main.o(.constdata) for .constdata
    main.o(i.spi_config) refers to main.o(i.spi_event_handler) for spi_event_handler
    main.o(i.spi_event_handler) refers to main.o(.data) for spi_xfer_done
    boards.o(i.bsp_board_button_idx_to_pin) refers to boards.o(.constdata) for .constdata
    boards.o(i.bsp_board_button_state_get) refers to boards.o(.constdata) for .constdata
    boards.o(i.bsp_board_init) refers to boards.o(i.nrf_gpio_cfg) for nrf_gpio_cfg
    boards.o(i.bsp_board_init) refers to boards.o(i.bsp_board_leds_off) for bsp_board_leds_off
    boards.o(i.bsp_board_init) refers to boards.o(.constdata) for .constdata
    boards.o(i.bsp_board_led_idx_to_pin) refers to boards.o(.constdata) for .constdata
    boards.o(i.bsp_board_led_invert) refers to boards.o(.constdata) for .constdata
    boards.o(i.bsp_board_led_off) refers to boards.o(i.nrf_gpio_pin_write) for nrf_gpio_pin_write
    boards.o(i.bsp_board_led_off) refers to boards.o(.constdata) for .constdata
    boards.o(i.bsp_board_led_on) refers to boards.o(i.nrf_gpio_pin_write) for nrf_gpio_pin_write
    boards.o(i.bsp_board_led_on) refers to boards.o(.constdata) for .constdata
    boards.o(i.bsp_board_led_state_get) refers to boards.o(.constdata) for .constdata
    boards.o(i.bsp_board_leds_off) refers to boards.o(i.bsp_board_led_off) for bsp_board_led_off
    boards.o(i.bsp_board_leds_on) refers to boards.o(i.bsp_board_led_on) for bsp_board_led_on
    boards.o(i.bsp_board_pin_to_button_idx) refers to boards.o(.constdata) for .constdata
    boards.o(i.bsp_board_pin_to_led_idx) refers to boards.o(.constdata) for .constdata
    bsp.o(i.alert_timer_handler) refers to boards.o(i.bsp_board_led_invert) for bsp_board_led_invert
    bsp.o(i.bsp_button_event_handler) refers to boards.o(i.bsp_board_pin_to_button_idx) for bsp_board_pin_to_button_idx
    bsp.o(i.bsp_button_event_handler) refers to app_timer.o(i.app_timer_start) for app_timer_start
    bsp.o(i.bsp_button_event_handler) refers to app_timer.o(i.app_timer_stop) for app_timer_stop
    bsp.o(i.bsp_button_event_handler) refers to bsp.o(.constdata) for .constdata
    bsp.o(i.bsp_button_event_handler) refers to bsp.o(.data) for .data
    bsp.o(i.bsp_button_event_handler) refers to bsp.o(.bss) for .bss
    bsp.o(i.bsp_button_is_pressed) refers to boards.o(i.bsp_board_button_state_get) for bsp_board_button_state_get
    bsp.o(i.bsp_buttons_disable) refers to app_button.o(i.app_button_disable) for app_button_disable
    bsp.o(i.bsp_buttons_enable) refers to app_button.o(i.app_button_enable) for app_button_enable
    bsp.o(i.bsp_event_to_button_action_assign) refers to bsp.o(.bss) for .bss
    bsp.o(i.bsp_indication_set) refers to bsp.o(i.bsp_led_indication) for bsp_led_indication
    bsp.o(i.bsp_indication_set) refers to bsp.o(.data) for .data
    bsp.o(i.bsp_init) refers to bsp.o(i.bsp_event_to_button_action_assign) for bsp_event_to_button_action_assign
    bsp.o(i.bsp_init) refers to app_button.o(i.app_button_init) for app_button_init
    bsp.o(i.bsp_init) refers to app_button.o(i.app_button_enable) for app_button_enable
    bsp.o(i.bsp_init) refers to app_timer.o(i.app_timer_create) for app_timer_create
[...]
    i.nrfx_spim_0_irq_handler                0x00003804   Section        0  nrfx_spim.o(i.nrfx_spim_0_irq_handler)
    i.nrfx_spim_1_irq_handler                0x00003814   Section        0  nrfx_spim.o(i.nrfx_spim_1_irq_handler)
    i.nrfx_spim_2_irq_handler                0x00003824   Section        0  nrfx_spim.o(i.nrfx_spim_2_irq_handler)
    i.nrfx_spim_init                         0x00003834   Section        0  nrfx_spim.o(i.nrfx_spim_init)
    i.nrfx_spim_xfer                         0x000039ac   Section        0  nrfx_spim.o(i.nrfx_spim_xfer)
    i.null_ptr_check                         0x00003a10   Section        0  bmi160.o(i.null_ptr_check)
    null_ptr_check                           0x00003a11   Thumb Code    24  bmi160.o(i.null_ptr_check)
    i.page_offsets_update                    0x00003a28   Section        0  fds.o(i.page_offsets_update)
    page_offsets_update                      0x00003a29   Thumb Code    28  fds.o(i.page_offsets_update)
    i.page_tag_write_data                    0x00003a44   Section        0  fds.o(i.page_tag_write_data)
    page_tag_write_data                      0x00003a45   Thumb Code    20  fds.o(i.page_tag_write_data)
    i.page_tag_write_swap                    0x00003a60   Section        0  fds.o(i.page_tag_write_swap)
    page_tag_write_swap                      0x00003a61   Thumb Code    22  fds.o(i.page_tag_write_swap)
    i.prs_box_get                            0x00003a84   Section        0  nrfx_prs.o(i.prs_box_get)
    prs_box_get                              0x00003a85   Thumb Code    62  nrfx_prs.o(i.prs_box_get)
    i.queue_process                          0x00003ad8   Section        0  fds.o(i.queue_process)
    queue_process                            0x00003ad9   Thumb Code   152  fds.o(i.queue_process)
    i.queue_utilization_get                  0x00003b78   Section        0  nrf_queue.o(i.queue_utilization_get)
    queue_utilization_get                    0x00003b79   Thumb Code    24  nrf_queue.o(i.queue_utilization_get)
    i.record_find                            0x00003b90   Section        0  fds.o(i.record_find)
    record_find                              0x00003b91   Thumb Code   128  fds.o(i.record_find)
    i.record_find_by_desc                    0x00003c18   Section        0  fds.o(i.record_find_by_desc)
    record_find_by_desc                      0x00003c19   Thumb Code   152  fds.o(i.record_find_by_desc)
    i.record_find_next                       0x00003cb8   Section        0  fds.o(i.record_find_next)
    record_find_next                         0x00003cb9   Thumb Code    88  fds.o(i.record_find_next)
    i.record_header_flag_dirty               0x00003d14   Section        0  fds.o(i.record_header_flag_dirty)
    record_header_flag_dirty                 0x00003d15   Thumb Code    44  fds.o(i.record_header_flag_dirty)
    i.rtc1_stop                              0x00003d4c   Section        0  app_timer.o(i.rtc1_stop)
    rtc1_stop                                0x00003d4d   Thumb Code    52  app_timer.o(i.rtc1_stop)
    i.sensor_config                          0x00003d88   Section        0  main.o(i.sensor_config)
    i.spi_config                             0x00003dc0   Section        0  main.o(i.spi_config)
    i.spi_event_handler                      0x00003e04   Section        0  main.o(i.spi_event_handler)
    i.spim_evt_handler                       0x00003e10   Section        0  nrf_drv_spi.o(i.spim_evt_handler)
    spim_evt_handler                         0x00003e11   Thumb Code    52  nrf_drv_spi.o(i.spim_evt_handler)
    i.spim_xfer                              0x00003e48   Section        0  nrfx_spim.o(i.spim_xfer)
    spim_xfer                                0x00003e49   Thumb Code   188  nrfx_spim.o(i.spim_xfer)
    i.swi_irq_handler                        0x00003f04   Section        0  nrfx_swi.o(i.swi_irq_handler)
    swi_irq_handler                          0x00003f05   Thumb Code    26  nrfx_swi.o(i.swi_irq_handler)
    i.task_mnanager_info                     0x00003f24   Section        0  task_manager.o(i.task_mnanager_info)
    task_mnanager_info                       0x00003f25   Thumb Code   244  task_manager.o(i.task_mnanager_info)
    i.task_stack_max_usage_get               0x000040dc   Section        0  task_manager.o(i.task_stack_max_usage_get)
    i.terminal_size_get                      0x00004110   Section        0  nrf_cli.o(i.terminal_size_get)
    terminal_size_get                        0x00004111   Thumb Code    96  nrf_cli.o(i.terminal_size_get)
    i.timer_list_handler                     0x00004170   Section        0  app_timer.o(i.timer_list_handler)
    timer_list_handler                       0x00004171   Thumb Code   122  app_timer.o(i.timer_list_handler)
    i.timer_list_insert                      0x000041f0   Section        0  app_timer.o(i.timer_list_insert)
    timer_list_insert                        0x000041f1   Thumb Code    56  app_timer.o(i.timer_list_insert)
    i.timer_list_remove                      0x0000422c   Section        0  app_timer.o(i.timer_list_remove)
    timer_list_remove                        0x0000422d   Thumb Code    88  app_timer.o(i.timer_list_remove)
    i.timer_timeouts_check                   0x0000428c   Section        0  app_timer.o(i.timer_timeouts_check)
    timer_timeouts_check                     0x0000428d   Thumb Code   106  app_timer.o(i.timer_timeouts_check)
    i.unsigned_print                         0x00004300   Section        0  nrf_fprintf_format.o(i.unsigned_print)
    unsigned_print                           0x00004301   Thumb Code   176  nrf_fprintf_format.o(i.unsigned_print)
    i.vt100_bgcolor_set                      0x000043b4   Section        0  nrf_cli.o(i.vt100_bgcolor_set)
    vt100_bgcolor_set                        0x000043b5   Thumb Code    48  nrf_cli.o(i.vt100_bgcolor_set)
    i.vt100_color_set                        0x000043f0   Section        0  nrf_cli.o(i.vt100_color_set)
    vt100_color_set                          0x000043f1   Thumb Code    64  nrf_cli.o(i.vt100_color_set)
    i.write_execute                          0x00004440   Section        0  fds.o(i.write_execute)
    write_execute                            0x00004441   Thumb Code   230  fds.o(i.write_execute)
    .constdata                               0x00004540   Section       40  main.o(.constdata)
    spi                                      0x00004540   Data          16  main.o(.constdata)
    delay_bytecode                           0x00004550   Data           6  main.o(.constdata)
    .constdata                               0x00004568   Section        8  boards.o(.constdata)
    m_board_led_list                         0x00004568   Data           4  boards.o(.constdata)
    m_board_btn_list                         0x0000456c   Data           4  boards.o(.constdata)
    .constdata                               0x00004570   Section        8  nrf_mpu.o(.constdata)
    nrf_mpu_commands                         0x00004570   Data           8  nrf_mpu.o(.constdata)
    .constdata                               0x00004578   Section       48  nrf_mpu.o(.constdata)
    nrf_mpu_commands_raw                     0x00004578   Data          48  nrf_mpu.o(.constdata)
    .constdata                               0x000045a8   Section       16  nrf_mpu.o(.constdata)
    .constdata                               0x000045b8   Section       16  nrf_drv_spi.o(.constdata)
    .constdata                               0x000045c8   Section        4  nrfx_gpiote.o(.constdata)
    .constdata                               0x000045cc   Section       24  nrfx_pdm.o(.constdata)
    .constdata                               0x000045e4   Section       12  nrfx_spim.o(.constdata)
    irq_handlers                             0x000045e4   Data          12  nrfx_spim.o(.constdata)
    .constdata                               0x000045f0   Section        6  app_timer.o(.constdata)
    delay_bytecode                           0x000045f0   Data           6  app_timer.o(.constdata)
    .constdata                               0x000045f8   Section       24  fds.o(.constdata)
    m_queue                                  0x000045f8   Data           4  fds.o(.constdata)
    dirty_header                             0x000045fc   Data           4  fds.o(.constdata)
    page_tag_swap                            0x00004600   Data           8  fds.o(.constdata)
    page_tag_data                            0x00004608   Data           8  fds.o(.constdata)
    .constdata                               0x00004610   Section        8  nrf_balloc.o(.constdata)
    nrf_balloc_commands                      0x00004610   Data           8  nrf_balloc.o(.constdata)
    .constdata                               0x00004618   Section       32  nrf_balloc.o(.constdata)
    nrf_balloc_commands_raw                  0x00004618   Data          32  nrf_balloc.o(.constdata)
    .constdata                               0x00004638   Section       16  nrf_balloc.o(.constdata)
    .constdata                               0x00004648   Section        8  nrf_cli.o(.constdata)
    m_sub_colors                             0x00004648   Data           8  nrf_cli.o(.constdata)
    .constdata                               0x00004650   Section       48  nrf_cli.o(.constdata)
    m_sub_colors_raw                         0x00004650   Data          48  nrf_cli.o(.constdata)
    .constdata                               0x00004680   Section        8  nrf_cli.o(.constdata)
    m_sub_echo                               0x00004680   Data           8  nrf_cli.o(.constdata)
    .constdata                               0x00004688   Section       48  nrf_cli.o(.constdata)
    m_sub_echo_raw                           0x00004688   Data          48  nrf_cli.o(.constdata)
    .constdata                               0x000046b8   Section        8  nrf_cli.o(.constdata)
    m_sub_cli_stats                          0x000046b8   Data           8  nrf_cli.o(.constdata)
    .constdata                               0x000046c0   Section       48  nrf_cli.o(.constdata)
    m_sub_cli_stats_raw                      0x000046c0   Data          48  nrf_cli.o(.constdata)
    .constdata                               0x000046f0   Section        8  nrf_cli.o(.constdata)
    m_sub_cli                                0x000046f0   Data           8  nrf_cli.o(.constdata)
    .constdata                               0x000046f8   Section       64  nrf_cli.o(.constdata)
    m_sub_cli_raw                            0x000046f8   Data          64  nrf_cli.o(.constdata)
    .constdata                               0x00004738   Section        8  nrf_cli.o(.constdata)
    m_sub_resize                             0x00004738   Data           8  nrf_cli.o(.constdata)
    .constdata                               0x00004740   Section       32  nrf_cli.o(.constdata)
    m_sub_resize_raw                         0x00004740   Data          32  nrf_cli.o(.constdata)
    .constdata                               0x00004760   Section       16  nrf_cli.o(.constdata)
    .constdata                               0x00004770   Section       16  nrf_cli.o(.constdata)
    .constdata                               0x00004780   Section       16  nrf_cli.o(.constdata)
    .constdata                               0x00004790   Section       16  nrf_cli.o(.constdata)
    .constdata                               0x000047a0   Section       71  nrf_cli.o(.constdata)
    cmd                                      0x000047a0   Data           3  nrf_cli.o(.constdata)
    cmd                                      0x000047a3   Data           3  nrf_cli.o(.constdata)
    cmd                                      0x000047a6   Data           3  nrf_cli.o(.constdata)
    opt_sep                                  0x000047a9   Data           3  nrf_cli.o(.constdata)
    cmd                                      0x000047ac   Data           4  nrf_cli.o(.constdata)
    cmd                                      0x000047b0   Data           4  nrf_cli.o(.constdata)
    cmd_bspace                               0x000047b4   Data           4  nrf_cli.o(.constdata)
    cmd                                      0x000047b8   Data           4  nrf_cli.o(.constdata)
    cmd_sep                                  0x000047bc   Data           4  nrf_cli.o(.constdata)
    cmd                                      0x000047c0   Data           4  nrf_cli.o(.constdata)
    cmd_get_terminal_size                    0x000047c4   Data           5  nrf_cli.o(.constdata)
    cmd                                      0x000047c9   Data           5  nrf_cli.o(.constdata)
    delay_bytecode                           0x000047d0   Data           6  nrf_cli.o(.constdata)
    cmd                                      0x000047d6   Data           6  nrf_cli.o(.constdata)
    help                                     0x000047dc   Data          11  nrf_cli.o(.constdata)
    .constdata                               0x000047e7   Section       16  nrf_fprintf_format.o(.constdata)
    _aV2C                                    0x000047e7   Data          16  nrf_fprintf_format.o(.constdata)
    .constdata                               0x000047f8   Section        8  nrf_queue.o(.constdata)
    nrf_queue_commands                       0x000047f8   Data           8  nrf_queue.o(.constdata)
    .constdata                               0x00004800   Section       32  nrf_queue.o(.constdata)
    nrf_queue_commands_raw                   0x00004800   Data          32  nrf_queue.o(.constdata)
    .constdata                               0x00004820   Section       16  nrf_queue.o(.constdata)
    .constdata                               0x00004830   Section        8  task_manager.o(.constdata)
    m_sub_task_mngr                          0x00004830   Data           8  task_manager.o(.constdata)
    .constdata                               0x00004838   Section       32  task_manager.o(.constdata)
    m_sub_task_mngr_raw                      0x00004838   Data          32  task_manager.o(.constdata)
    .constdata                               0x00004858   Section       16  task_manager.o(.constdata)
    .constdata                               0x00004868   Section      129  ctype_o.o(.constdata)
    .constdata                               0x000048ec   Section        4  ctype_o.o(.constdata)
    table                                    0x000048ec   Data           4  ctype_o.o(.constdata)
    .conststring                             0x000048f0   Section       69  nrf_mpu.o(.conststring)
    .conststring                             0x00004938   Section       32  nrf_mpu.o(.conststring)
    .conststring                             0x00004958   Section      130  nrf_mpu.o(.conststring)
    .conststring                             0x000049dc   Section       43  nrf_balloc.o(.conststring)
    .conststring                             0x00004a08   Section       39  nrf_balloc.o(.conststring)
    .conststring                             0x00004a30   Section      142  nrf_balloc.o(.conststring)
    .conststring                             0x00004ac0   Section       55  nrf_cli.o(.conststring)
    .conststring                             0x00004af8   Section      109  nrf_cli.o(.conststring)
    .conststring                             0x00004b68   Section      101  nrf_cli.o(.conststring)
    .conststring                             0x00004bd0   Section       82  nrf_cli.o(.conststring)
    .conststring                             0x00004c24   Section       76  nrf_cli.o(.conststring)
    .conststring                             0x00004c70   Section       22  nrf_cli.o(.conststring)
    .conststring                             0x00004c88   Section       40  nrf_cli.o(.conststring)
    .conststring                             0x00004cb0   Section       28  nrf_cli.o(.conststring)
    .conststring                             0x00004ccc   Section      167  nrf_cli.o(.conststring)
    .conststring                             0x00004d74   Section       33  nrf_queue.o(.conststring)
    .conststring                             0x00004d98   Section        6  nrf_queue.o(.conststring)
    .conststring                             0x00004da0   Section      124  nrf_queue.o(.conststring)
    .conststring                             0x00004e1c   Section       11  task_manager.o(.conststring)
    .conststring                             0x00004e28   Section       41  task_manager.o(.conststring)
    .conststrlit                             0x00004e54   Section       12  nrf_drv_rng.o(.conststrlit)
    cli_command                              0x00004e80   Section        8  nrf_mpu.o(cli_command)
    __tagsym$$used                           0x00004e80   Number         0  nrf_mpu.o(cli_command)
    cli_command                              0x00004e88   Section        8  nrf_balloc.o(cli_command)
    __tagsym$$used                           0x00004e88   Number         0  nrf_balloc.o(cli_command)
    cli_command                              0x00004e90   Section       32  nrf_cli.o(cli_command)
    __tagsym$$used                           0x00004e90   Number         0  nrf_cli.o(cli_command)
    __tagsym$$used                           0x00004e98   Number         0  nrf_cli.o(cli_command)
    __tagsym$$used                           0x00004ea0   Number         0  nrf_cli.o(cli_command)
    __tagsym$$used                           0x00004ea8   Number         0  nrf_cli.o(cli_command)
    cli_command                              0x00004eb0   Section        8  nrf_queue.o(cli_command)
    __tagsym$$used                           0x00004eb0   Number         0  nrf_queue.o(cli_command)
    cli_command                              0x00004eb8   Section        8  task_manager.o(cli_command)
    __tagsym$$used                           0x00004eb8   Number         0  task_manager.o(cli_command)
    nrf_queue                                0x00004ec0   Section       24  nrf_drv_rng.o(nrf_queue)
    __tagsym$$used                           0x00004ec0   Number         0  nrf_drv_rng.o(nrf_queue)
    .data                                    0x20000000   Section        1  main.o(.data)
    spi_xfer_done                            0x20000000   Data           1  main.o(.data)
    .data                                    0x20000004   Section       64  nrf_mpu.o(.data)
    caching                                  0x20000004   Data          64  nrf_mpu.o(.data)
    .data                                    0x20000044   Section       12  nrfx_clock.o(.data)
    m_clock_cb                               0x20000048   Data           8  nrfx_clock.o(.data)
    .data                                    0x20000050   Section       12  nrfx_power.o(.data)
    m_pofwarn_handler                        0x20000054   Data           4  nrfx_power.o(.data)
    m_sleepevt_handler                       0x20000058   Data           4  nrfx_power.o(.data)
    .data                                    0x2000005c   Section       40  nrfx_prs.o(.data)
    m_prs_box_0                              0x2000005c   Data           8  nrfx_prs.o(.data)
    m_prs_box_1                              0x20000064   Data           8  nrfx_prs.o(.data)
    m_prs_box_2                              0x2000006c   Data           8  nrfx_prs.o(.data)
    m_prs_box_3                              0x20000074   Data           8  nrfx_prs.o(.data)
    m_prs_box_4                              0x2000007c   Data           8  nrfx_prs.o(.data)
    .data                                    0x20000084   Section        8  nrfx_qdec.o(.data)
    m_state                                  0x20000084   Data           1  nrfx_qdec.o(.data)
    m_qdec_event_handler                     0x20000088   Data           4  nrfx_qdec.o(.data)
    .data                                    0x2000008c   Section        8  nrfx_rng.o(.data)
    m_rng_state                              0x2000008c   Data           1  nrfx_rng.o(.data)
    m_rng_hndl                               0x20000090   Data           4  nrfx_rng.o(.data)
    .data                                    0x20000094   Section       16  nrfx_rtc.o(.data)
    m_cb                                     0x20000094   Data           6  nrfx_rtc.o(.data)
    m_handlers                               0x2000009c   Data           8  nrfx_rtc.o(.data)
    .data                                    0x200000a4   Section       12  nrfx_wdt.o(.data)
    m_state                                  0x200000a4   Data           1  nrfx_wdt.o(.data)
    m_wdt_event_handler                      0x200000a8   Data           4  nrfx_wdt.o(.data)
    m_alloc_index                            0x200000ac   Data           4  nrfx_wdt.o(.data)
    .data                                    0x200000b0   Section       20  app_timer.o(.data)
    m_ticks_elapsed_q_read_ind               0x200000b0   Data           1  app_timer.o(.data)
    m_ticks_elapsed_q_write_ind              0x200000b1   Data           1  app_timer.o(.data)
    m_rtc1_running                           0x200000b2   Data           1  app_timer.o(.data)
    m_rtc1_reset                             0x200000b3   Data           1  app_timer.o(.data)
    mp_timer_id_head                         0x200000b4   Data           4  app_timer.o(.data)
    m_ticks_latest                           0x200000b8   Data           4  app_timer.o(.data)
    m_ticks_elapsed                          0x200000bc   Data           8  app_timer.o(.data)
    .data                                    0x200000c4   Section        4  app_util_platform.o(.data)
    m_in_critical_region                     0x200000c4   Data           4  app_util_platform.o(.data)
    .data                                    0x200000c8   Section       48  fds.o(.data)
    page                                     0x200000c8   Data           2  fds.o(.data)
    m_p_cur_op                               0x200000cc   Data           4  fds.o(.data)
    m_iget_ctx                               0x200000d0   Data           4  fds.o(.data)
    m_queued_op_cnt                          0x200000d4   Data           4  fds.o(.data)
    m_users                                  0x200000d8   Data           4  fds.o(.data)
    m_latest_rec_id                          0x200000dc   Data           4  fds.o(.data)
    tok                                      0x200000e0   Data           8  fds.o(.data)
    m_flags                                  0x200000e8   Data           8  fds.o(.data)
    m_swap_page                              0x200000f0   Data           8  fds.o(.data)
    .data                                    0x200000f8   Section        8  task_manager.o(.data)
    s_guard_region                           0x200000f8   Data           1  task_manager.o(.data)
    s_current_task_id                        0x200000f9   Data           1  task_manager.o(.data)
    s_runnable_tasks_mask                    0x200000fc   Data           4  task_manager.o(.data)
    .data                                    0x20000100   Section        4  system_nrf52.o(.data)
    __tagsym$$used                           0x20000100   Number         0  system_nrf52.o(.data)
    .data                                    0x20000104   Section        4  mvars.o(.data)
    .data                                    0x20000108   Section        4  mvars.o(.data)
    cli_sorted_cmd_ptrs                      0x2000010c   Section        4  nrf_mpu.o(cli_sorted_cmd_ptrs)
    __tagsym$$used                           0x2000010c   Number         0  nrf_mpu.o(cli_sorted_cmd_ptrs)
    cli_sorted_cmd_ptrs                      0x20000110   Section        4  nrf_balloc.o(cli_sorted_cmd_ptrs)
    __tagsym$$used                           0x20000110   Number         0  nrf_balloc.o(cli_sorted_cmd_ptrs)
    cli_sorted_cmd_ptrs                      0x20000114   Section       16  nrf_cli.o(cli_sorted_cmd_ptrs)
    __tagsym$$used                           0x20000114   Number         0  nrf_cli.o(cli_sorted_cmd_ptrs)
    __tagsym$$used                           0x20000118   Number         0  nrf_cli.o(cli_sorted_cmd_ptrs)
    __tagsym$$used                           0x2000011c   Number         0  nrf_cli.o(cli_sorted_cmd_ptrs)
    __tagsym$$used                           0x20000120   Number         0  nrf_cli.o(cli_sorted_cmd_ptrs)
    cli_sorted_cmd_ptrs                      0x20000124   Section        4  nrf_queue.o(cli_sorted_cmd_ptrs)
    __tagsym$$used                           0x20000124   Number         0  nrf_queue.o(cli_sorted_cmd_ptrs)
    cli_sorted_cmd_ptrs                      0x20000128   Section        4  task_manager.o(cli_sorted_cmd_ptrs)
    __tagsym$$used                           0x20000128   Number         0  task_manager.o(cli_sorted_cmd_ptrs)
    fs_data                                  0x2000012c   Section       20  fds.o(fs_data)
    __tagsym$$used                           0x2000012c   Number         0  fds.o(fs_data)
    .bss                                     0x20000140   Section      140  main.o(.bss)
    SPI_RX_Buffer                            0x20000140   Data         100  main.o(.bss)
    .bss                                     0x200001cc   Section       65  nrf_drv_rng.o(.bss)
    m_rand_pool_nrf_queue_buffer             0x200001cc   Data          65  nrf_drv_rng.o(.bss)
    .bss                                     0x20000210   Section       12  nrf_drv_rng.o(.bss)
    m_rand_pool_nrf_queue_cb                 0x20000210   Data          12  nrf_drv_rng.o(.bss)
    .bss                                     0x2000021c   Section       24  nrf_drv_spi.o(.bss)
    m_handlers                               0x2000021c   Data          12  nrf_drv_spi.o(.bss)
    m_contexts                               0x20000228   Data          12  nrf_drv_spi.o(.bss)
    .bss                                     0x20000234   Section       92  nrfx_gpiote.o(.bss)
    m_cb                                     0x20000234   Data          92  nrfx_gpiote.o(.bss)
    .bss                                     0x20000290   Section       24  nrfx_i2s.o(.bss)
    m_cb                                     0x20000290   Data          24  nrfx_i2s.o(.bss)
    .bss                                     0x200002a8   Section       24  nrfx_pdm.o(.bss)
    m_cb                                     0x200002a8   Data          24  nrfx_pdm.o(.bss)
    .bss                                     0x200002c0   Section       24  nrfx_pwm.o(.bss)
    m_cb                                     0x200002c0   Data          24  nrfx_pwm.o(.bss)
    .bss                                     0x200002d8   Section       48  nrfx_saadc.o(.bss)
    m_cb                                     0x200002d8   Data          48  nrfx_saadc.o(.bss)
    .bss                                     0x20000308   Section      108  nrfx_spim.o(.bss)
    m_cb                                     0x20000308   Data         108  nrfx_spim.o(.bss)
    .bss                                     0x20000374   Section       36  nrfx_swi.o(.bss)
    m_swi_flags                              0x20000374   Data          12  nrfx_swi.o(.bss)
    m_swi_handlers                           0x20000380   Data          24  nrfx_swi.o(.bss)
    .bss                                     0x20000398   Section       60  nrfx_timer.o(.bss)
    m_cb                                     0x20000398   Data          60  nrfx_timer.o(.bss)
    .bss                                     0x200003d4   Section      268  app_timer.o(.bss)
    m_op_queue                               0x200003d4   Data         268  app_timer.o(.bss)
    .bss                                     0x200004e0   Section       16  fds.o(.bss)
    m_queue_inst                             0x200004e0   Data          16  fds.o(.bss)
    .bss                                     0x200004f0   Section      224  fds.o(.bss)
    desc                                     0x200004f0   Data          12  fds.o(.bss)
    m_cb_table                               0x200004fc   Data          16  fds.o(.bss)
    m_queue_data                             0x2000050c   Data         140  fds.o(.bss)
    m_pages                                  0x20000598   Data          40  fds.o(.bss)
    m_gc                                     0x200005c0   Data          16  fds.o(.bss)
    .bss                                     0x20000600   Section     3876  task_manager.o(.bss)
    s_task_stacks                            0x20000600   Data        3840  task_manager.o(.bss)
    s_task_state                             0x20001500   Data          36  task_manager.o(.bss)
    HEAP                                     0x20001528   Section     8192  arm_startup_nrf52.o(HEAP)
    STACK                                    0x20003528   Section     8192  arm_startup_nrf52.o(STACK)

    Global Symbols

    Symbol Name                              Value     Ov Type        Size  Object(Section)

    BuildAttributes$$THM_ISAv4$E$P$D$K$B$S$7EM$VFPi3$EXTD16$VFPS$VFMA$PE$A:L22UL41UL21$X:L11$S22US41US21$IEEE1$IW$USESV6$~STKCKD$USESV7$~SHL$OSPACE$ROPI$EBA8$MICROLIB$REQ8$EABIv2 0x00000000   Number         0  anon$$obj.o ABSOLUTE
    __ARM_use_no_argv                        0x00000000   Number         0  main.o ABSOLUTE
    __Vectors                                0x00000000   Data           4  arm_startup_nrf52.o(RESET)
    __cpp_initialize__aeabi_                  - Undefined Weak Reference
    __cxa_finalize                            - Undefined Weak Reference
    _clock_init                               - Undefined Weak Reference
    _microlib_exit                            - Undefined Weak Reference
    nrf_balloc$$Base                          - Undefined Reference
    nrf_balloc$$Limit                         - Undefined Reference
    pwr_mgmt_data0$$Base                      - Undefined Reference
    pwr_mgmt_data0$$Limit                     - Undefined Reference
    pwr_mgmt_data1$$Base                      - Undefined Reference
    pwr_mgmt_data1$$Limit                     - Undefined Reference
    pwr_mgmt_data2$$Base                      - Undefined Reference
    pwr_mgmt_data2$$Limit                     - Undefined Reference
    __Vectors_End                            0x00000200   Data           0  arm_startup_nrf52.o(RESET)
    __Vectors_Size                           0x00000200   Number         0  arm_startup_nrf52.o ABSOLUTE
    __main                                   0x00000201   Thumb Code     0  entry.o(.ARM.Collect$$$$00000000)
    _main_stk                                0x00000201   Thumb Code     0  entry2.o(.ARM.Collect$$$$00000001)
    _main_scatterload                        0x00000205   Thumb Code     0  entry5.o(.ARM.Collect$$$$00000004)
    __main_after_scatterload                 0x00000209   Thumb Code     0  entry5.o(.ARM.Collect$$$$00000004)
    _main_clock                              0x00000209   Thumb Code     0  entry7b.o(.ARM.Collect$$$$00000008)
    _main_cpp_init                           0x00000209   Thumb Code     0  entry8b.o(.ARM.Collect$$$$0000000A)
    _main_init                               0x00000209   Thumb Code     0  entry9a.o(.ARM.Collect$$$$0000000B)
    __rt_final_cpp                           0x00000211   Thumb Code     0  entry10a.o(.ARM.Collect$$$$0000000D)
    __rt_final_exit                          0x00000211   Thumb Code     0  entry11a.o(.ARM.Collect$$$$0000000F)
    HardFault_Handler                        0x00000215   Thumb Code    40  hardfault_handler_keil.o(.emb_text)
    __asm___12_nrf_atfifo_c_51f461e1__nrf_atfifo_wspace_req 0x00000249   Thumb Code    56  nrf_atfifo.o(.emb_text)
    __asm___12_nrf_atfifo_c_51f461e1__nrf_atfifo_wspace_close 0x00000281   Thumb Code    18  nrf_atfifo.o(.emb_text)
    __asm___12_nrf_atfifo_c_51f461e1__nrf_atfifo_rspace_req 0x00000293   Thumb Code    58  nrf_atfifo.o(.emb_text)
    __asm___12_nrf_atfifo_c_51f461e1__nrf_atfifo_rspace_close 0x000002cd   Thumb Code    18  nrf_atfifo.o(.emb_text)
    __asm___12_nrf_atfifo_c_51f461e1__nrf_atfifo_space_clear 0x000002df   Thumb Code    50  nrf_atfifo.o(.emb_text)
    __asm___12_nrf_atomic_c_85ca2469__nrf_atomic_internal_mov 0x00000311   Thumb Code    24  nrf_atomic.o(.emb_text)
    __asm___12_nrf_atomic_c_85ca2469__nrf_atomic_internal_orr 0x00000329   Thumb Code    26  nrf_atomic.o(.emb_text)
    __asm___12_nrf_atomic_c_85ca2469__nrf_atomic_internal_and 0x00000343   Thumb Code    26  nrf_atomic.o(.emb_text)
    __asm___12_nrf_atomic_c_85ca2469__nrf_atomic_internal_eor 0x0000035d   Thumb Code    26  nrf_atomic.o(.emb_text)
    __asm___12_nrf_atomic_c_85ca2469__nrf_atomic_internal_add 0x00000377   Thumb Code    26  nrf_atomic.o(.emb_text)
    __asm___12_nrf_atomic_c_85ca2469__nrf_atomic_internal_sub 0x00000391   Thumb Code    26  nrf_atomic.o(.emb_text)
    __asm___12_nrf_atomic_c_85ca2469__nrf_atomic_internal_cmp_exch 0x000003ab   Thumb Code    42  nrf_atomic.o(.emb_text)
    __asm___12_nrf_atomic_c_85ca2469__nrf_atomic_internal_sub_hs 0x000003d5   Thumb Code    30  nrf_atomic.o(.emb_text)
    Reset_Handler                            0x000003f5   Thumb Code     8  arm_startup_nrf52.o(.text)
    NMI_Handler                              0x000003fd   Thumb Code     2  arm_startup_nrf52.o(.text)
    MemoryManagement_Handler                 0x00000401   Thumb Code     2  arm_startup_nrf52.o(.text)
    BusFault_Handler                         0x00000403   Thumb Code     2  arm_startup_nrf52.o(.text)
    UsageFault_Handler                       0x00000405   Thumb Code     2  arm_startup_nrf52.o(.text)
    SVC_Handler                              0x00000407   Thumb Code     2  arm_startup_nrf52.o(.text)
    DebugMon_Handler                         0x00000409   Thumb Code     2  arm_startup_nrf52.o(.text)
    PendSV_Handler                           0x0000040b   Thumb Code     2  arm_startup_nrf52.o(.text)
    SysTick_Handler                          0x0000040d   Thumb Code     2  arm_startup_nrf52.o(.text)
    CCM_AAR_IRQHandler                       0x0000040f   Thumb Code     0  arm_startup_nrf52.o(.text)
    ECB_IRQHandler                           0x0000040f   Thumb Code     0  arm_startup_nrf52.o(.text)
    FPU_IRQHandler                           0x0000040f   Thumb Code     0  arm_startup_nrf52.o(.text)
    MWU_IRQHandler                           0x0000040f   Thumb Code     0  arm_startup_nrf52.o(.text)
    NFCT_IRQHandler                          0x0000040f   Thumb Code     0  arm_startup_nrf52.o(.text)
    RADIO_IRQHandler                         0x0000040f   Thumb Code     0  arm_startup_nrf52.o(.text)
    TEMP_IRQHandler                          0x0000040f   Thumb Code     0  arm_startup_nrf52.o(.text)
    __rt_ctype_table                         0x00000419   Thumb Code     4  ctype_o.o(.text)
    ___aeabi_memcpy8$move                    0x00000421   Thumb Code     0  memmovea.o(.text)
    __aeabi_memcpy                           0x00000421   Thumb Code    64  memmovea.o(.text)
    __aeabi_memcpy4                          0x00000421   Thumb Code     0  memmovea.o(.text)
    __aeabi_memmove                          0x00000421   Thumb Code     0  memmovea.o(.text)
    __aeabi_memmove4                         0x00000421   Thumb Code     0  memmovea.o(.text)
    __aeabi_memmove8                         0x00000421   Thumb Code     0  memmovea.o(.text)
    __aeabi_memset                           0x00000461   Thumb Code    14  memseta.o(.text)
    __aeabi_memset4                          0x00000461   Thumb Code     0  memseta.o(.text)
    __aeabi_memset8                          0x00000461   Thumb Code     0  memseta.o(.text)
    __aeabi_memclr                           0x0000046f   Thumb Code     4  memseta.o(.text)
    __aeabi_memclr4                          0x0000046f   Thumb Code     0  memseta.o(.text)
    __aeabi_memclr8                          0x0000046f   Thumb Code     0  memseta.o(.text)
    _memset$wrapper                          0x00000473   Thumb Code    18  memseta.o(.text)
    strlen                                   0x00000485   Thumb Code    14  strlen.o(.text)
    strcmp                                   0x00000493   Thumb Code    28  strcmp.o(.text)
    __scatterload                            0x000004b1   Thumb Code    28  init.o(.text)
    __scatterload_rt2                        0x000004b1   Thumb Code     0  init.o(.text)
    __decompress                             0x000004d5   Thumb Code     0  __dczerorl.o(.text)
    __decompress0                            0x000004d5   Thumb Code    58  __dczerorl.o(.text)
    COMP_LPCOMP_IRQHandler                   0x00000511   Thumb Code     6  nrfx_prs.o(i.COMP_LPCOMP_IRQHandler)
    GPIOTE_IRQHandler                        0x0000051d   Thumb Code   346  nrfx_gpiote.o(i.GPIOTE_IRQHandler)
    HardFault_c_handler                      0x00000681   Thumb Code    22  hardfault_implementation.o(i.HardFault_c_handler)
    HardFault_process                        0x0000069d   Thumb Code    26  hardfault_implementation.o(i.HardFault_process)
    I2S_IRQHandler                           0x000006c1   Thumb Code   260  nrfx_i2s.o(i.I2S_IRQHandler)
    PDM_IRQHandler                           0x00000811   Thumb Code   224  nrfx_pdm.o(i.PDM_IRQHandler)
    POWER_CLOCK_IRQHandler                   0x000008fd   Thumb Code    14  nrfx_power_clock.o(i.POWER_CLOCK_IRQHandler)
    PWM0_IRQHandler                          0x0000090d   Thumb Code     8  nrfx_pwm.o(i.PWM0_IRQHandler)
    PWM1_IRQHandler                          0x0000091d   Thumb Code     8  nrfx_pwm.o(i.PWM1_IRQHandler)
    PWM2_IRQHandler                          0x0000092d   Thumb Code     8  nrfx_pwm.o(i.PWM2_IRQHandler)
    QDEC_IRQHandler                          0x0000093d   Thumb Code   172  nrfx_qdec.o(i.QDEC_IRQHandler)
    RNG_IRQHandler                           0x000009f9   Thumb Code    26  nrfx_rng.o(i.RNG_IRQHandler)
    RTC0_IRQHandler                          0x00000a21   Thumb Code    10  nrfx_rtc.o(i.RTC0_IRQHandler)
    RTC1_IRQHandler                          0x00000a31   Thumb Code    32  app_timer.o(i.RTC1_IRQHandler)
    RTC2_IRQHandler                          0x00000a55   Thumb Code    10  nrfx_rtc.o(i.RTC2_IRQHandler)
    SAADC_IRQHandler                         0x00000a65   Thumb Code   320  nrfx_saadc.o(i.SAADC_IRQHandler)
    SPIM0_SPIS0_TWIM0_TWIS0_SPI0_TWI0_IRQHandler 0x00000bad   Thumb Code     6  nrfx_prs.o(i.SPIM0_SPIS0_TWIM0_TWIS0_SPI0_TWI0_IRQHandler)
    SPIM1_SPIS1_TWIM1_TWIS1_SPI1_TWI1_IRQHandler 0x00000bb9   Thumb Code     6  nrfx_prs.o(i.SPIM1_SPIS1_TWIM1_TWIS1_SPI1_TWI1_IRQHandler)
    SPIM2_SPIS2_SPI2_IRQHandler              0x00000bc5   Thumb Code     6  nrfx_prs.o(i.SPIM2_SPIS2_SPI2_IRQHandler)
    SWI0_EGU0_IRQHandler                     0x00000bd1   Thumb Code     4  app_timer.o(i.SWI0_EGU0_IRQHandler)
    SWI1_EGU1_IRQHandler                     0x00000bd5   Thumb Code     6  nrfx_swi.o(i.SWI1_EGU1_IRQHandler)
    SWI2_EGU2_IRQHandler                     0x00000bdb   Thumb Code     6  nrfx_swi.o(i.SWI2_EGU2_IRQHandler)
    SWI3_EGU3_IRQHandler                     0x00000be1   Thumb Code     6  nrfx_swi.o(i.SWI3_EGU3_IRQHandler)
    SWI4_EGU4_IRQHandler                     0x00000be7   Thumb Code     6  nrfx_swi.o(i.SWI4_EGU4_IRQHandler)
    SWI5_EGU5_IRQHandler                     0x00000bed   Thumb Code     6  nrfx_swi.o(i.SWI5_EGU5_IRQHandler)
    SystemInit                               0x00000bf5   Thumb Code   726  system_nrf52.o(i.SystemInit)
    TIMER0_IRQHandler                        0x00000f11   Thumb Code    10  nrfx_timer.o(i.TIMER0_IRQHandler)
    TIMER1_IRQHandler                        0x00000f25   Thumb Code    10  nrfx_timer.o(i.TIMER1_IRQHandler)
    TIMER2_IRQHandler                        0x00000f39   Thumb Code    10  nrfx_timer.o(i.TIMER2_IRQHandler)
    TIMER3_IRQHandler                        0x00000f4d   Thumb Code    10  nrfx_timer.o(i.TIMER3_IRQHandler)
    TIMER4_IRQHandler                        0x00000f61   Thumb Code    10  nrfx_timer.o(i.TIMER4_IRQHandler)
    UARTE0_UART0_IRQHandler                  0x00000f75   Thumb Code     6  nrfx_prs.o(i.UARTE0_UART0_IRQHandler)
    WDT_IRQHandler                           0x00000f81   Thumb Code    34  nrfx_wdt.o(i.WDT_IRQHandler)
    __scatterload_copy                       0x00000fb1   Thumb Code    14  handlers.o(i.__scatterload_copy)
    __scatterload_null                       0x00000fbf   Thumb Code     2  handlers.o(i.__scatterload_null)
    __scatterload_zeroinit                   0x00000fc1   Thumb Code    14  handlers.o(i.__scatterload_zeroinit)
    app_util_critical_region_enter           0x00000ff3   Thumb Code     4  app_util_platform.o(i.app_util_critical_region_enter)
    app_util_critical_region_exit            0x00000ff7   Thumb Code     4  app_util_platform.o(i.app_util_critical_region_exit)
    app_util_disable_irq                     0x00000ffd   Thumb Code    12  app_util_platform.o(i.app_util_disable_irq)
    app_util_enable_irq                      0x0000100d   Thumb Code    14  app_util_platform.o(i.app_util_enable_irq)
    bmi160_get_regs                          0x00001021   Thumb Code    58  bmi160.o(i.bmi160_get_regs)
    bmi160_init                              0x0000105b   Thumb Code    92  bmi160.o(i.bmi160_init)
    bmi160_set_regs                          0x000010b7   Thumb Code   126  bmi160.o(i.bmi160_set_regs)
    bmi160_soft_reset                        0x00001135   Thumb Code   110  bmi160.o(i.bmi160_soft_reset)
    bmi160_spi_bus_read                      0x000011a5   Thumb Code    70  main.o(i.bmi160_spi_bus_read)
    bmi160_spi_bus_write                     0x000011f9   Thumb Code    98  main.o(i.bmi160_spi_bus_write)
    bsp_board_init                           0x00001265   Thumb Code    80  boards.o(i.bsp_board_init)
    bsp_board_led_off                        0x000012b9   Thumb Code    10  boards.o(i.bsp_board_led_off)
    bsp_board_leds_off                       0x000012c9   Thumb Code    18  boards.o(i.bsp_board_leds_off)
    free                                     0x00001a3d   Thumb Code    76  malloc.o(i.free)
    STACK$$Length                            0x00002000   Number         0  anon$$obj.o ABSOLUTE
    main                                     0x0000211d   Thumb Code    18  main.o(i.main)
    malloc                                   0x00002131   Thumb Code    92  malloc.o(i.malloc)
    nrf_atfifo_item_free                     0x0000226b   Thumb Code    22  nrf_atfifo.o(i.nrf_atfifo_item_free)
    nrf_atfifo_item_get                      0x00002281   Thumb Code    22  nrf_atfifo.o(i.nrf_atfifo_item_get)
    nrf_atomic_u32_sub                       0x00002297   Thumb Code    12  nrf_atomic.o(i.nrf_atomic_u32_sub)
    nrf_cli_cmd_cli_stats                    0x00002465   Thumb Code    70  nrf_cli.o(i.nrf_cli_cmd_cli_stats)
    nrf_cli_cmd_cli_stats_reset              0x000024d1   Thumb Code    48  nrf_cli.o(i.nrf_cli_cmd_cli_stats_reset)
    nrf_cli_cmd_cli_stats_show               0x00002501   Thumb Code    78  nrf_cli.o(i.nrf_cli_cmd_cli_stats_show)
    nrf_cli_fprintf                          0x000028ad   Thumb Code    80  nrf_cli.o(i.nrf_cli_fprintf)
    nrf_cli_help_print                       0x000028fd   Thumb Code   562  nrf_cli.o(i.nrf_cli_help_print)
    nrf_drv_spi_init                         0x00002bd5   Thumb Code    98  nrf_drv_spi.o(i.nrf_drv_spi_init)
    nrf_fprintf                              0x00002c77   Thumb Code    26  nrf_fprintf.o(i.nrf_fprintf)
    nrf_fprintf_buffer_flush                 0x00002c91   Thumb Code    24  nrf_fprintf.o(i.nrf_fprintf_buffer_flush)
    nrf_fprintf_fmt                          0x00002ca9   Thumb Code   474  nrf_fprintf_format.o(i.nrf_fprintf_fmt)
    nrf_fstorage_erase                       0x00002e83   Thumb Code    78  nrf_fstorage.o(i.nrf_fstorage_erase)
    nrf_fstorage_write                       0x00002ed1   Thumb Code   102  nrf_fstorage.o(i.nrf_fstorage_write)
    nrf_memobj_read                          0x0000304b   Thumb Code    16  nrf_memobj.o(i.nrf_memobj_read)
    nrf_queue_max_utilization_get            0x000035a7   Thumb Code     6  nrf_queue.o(i.nrf_queue_max_utilization_get)
    nrf_queue_max_utilization_reset          0x000035ad   Thumb Code     8  nrf_queue.o(i.nrf_queue_max_utilization_reset)
    nrf_queue_utilization_get                0x00003695   Thumb Code    28  nrf_queue.o(i.nrf_queue_utilization_get)
    nrfx_clock_irq_handler                   0x00003709   Thumb Code    82  nrfx_clock.o(i.nrfx_clock_irq_handler)
    nrfx_power_irq_handler                   0x00003781   Thumb Code    78  nrfx_power.o(i.nrfx_power_irq_handler)
    nrfx_prs_acquire                         0x000037d5   Thumb Code    48  nrfx_prs.o(i.nrfx_prs_acquire)
    nrfx_spim_0_irq_handler                  0x00003805   Thumb Code     8  nrfx_spim.o(i.nrfx_spim_0_irq_handler)
    nrfx_spim_1_irq_handler                  0x00003815   Thumb Code    10  nrfx_spim.o(i.nrfx_spim_1_irq_handler)
    nrfx_spim_2_irq_handler                  0x00003825   Thumb Code     8  nrfx_spim.o(i.nrfx_spim_2_irq_handler)
    nrfx_spim_init                           0x00003835   Thumb Code   366  nrfx_spim.o(i.nrfx_spim_init)
    nrfx_spim_xfer                           0x000039ad   Thumb Code    94  nrfx_spim.o(i.nrfx_spim_xfer)
    sensor_config                            0x00003d89   Thumb Code    38  main.o(i.sensor_config)
    spi_config                               0x00003dc1   Thumb Code    54  main.o(i.spi_config)
    spi_event_handler                        0x00003e05   Thumb Code     8  main.o(i.spi_event_handler)
    task_stack_max_usage_get                 0x000040dd   Thumb Code    42  task_manager.o(i.task_stack_max_usage_get)
    nrf_cli_mpu_raw                          0x000045a8   Data          16  nrf_mpu.o(.constdata)
    nrf_cli_balloc_raw                       0x00004638   Data          16  nrf_balloc.o(.constdata)
    nrf_cli_clear_raw                        0x00004760   Data          16  nrf_cli.o(.constdata)
    nrf_cli_cli_raw                          0x00004770   Data          16  nrf_cli.o(.constdata)
    nrf_cli_history_raw                      0x00004780   Data          16  nrf_cli.o(.constdata)
    nrf_cli_resize_raw                       0x00004790   Data          16  nrf_cli.o(.constdata)
    nrf_cli_queue_raw                        0x00004820   Data          16  nrf_queue.o(.constdata)
    nrf_cli_task_manager_raw                 0x00004858   Data          16  task_manager.o(.constdata)
    __ctype_table                            0x00004868   Data         129  ctype_o.o(.constdata)
    Region$$Table$$Base                      0x00004e60   Number         0  anon$$obj.o(Region$$Table)
    Region$$Table$$Limit                     0x00004e80   Number         0  anon$$obj.o(Region$$Table)
    cli_command$$Base                        0x00004e80   Number         0  nrf_mpu.o(cli_command)
    nrf_cli_mpu_const                        0x00004e80   Data           8  nrf_mpu.o(cli_command)
    nrf_cli_balloc_const                     0x00004e88   Data           8  nrf_balloc.o(cli_command)
    nrf_cli_clear_const                      0x00004e90   Data           8  nrf_cli.o(cli_command)
    nrf_cli_cli_const                        0x00004e98   Data           8  nrf_cli.o(cli_command)
    nrf_cli_history_const                    0x00004ea0   Data           8  nrf_cli.o(cli_command)
    nrf_cli_resize_const                     0x00004ea8   Data           8  nrf_cli.o(cli_command)
    nrf_cli_queue_const                      0x00004eb0   Data           8  nrf_queue.o(cli_command)
    nrf_cli_task_manager_const               0x00004eb8   Data           8  task_manager.o(cli_command)
    cli_command$$Limit                       0x00004ec0   Number         0  task_manager.o(cli_command)
    m_rand_pool                              0x00004ec0   Data          24  nrf_drv_rng.o(nrf_queue)
    nrf_queue$$Base                          0x00004ec0   Number         0  nrf_drv_rng.o(nrf_queue)
    nrf_queue$$Limit                         0x00004ed8   Number         0  nrf_drv_rng.o(nrf_queue)
    nrfx_clock_irq_enabled                   0x20000044   Data           1  nrfx_clock.o(.data)
    nrfx_power_irq_enabled                   0x20000050   Data           1  nrfx_power.o(.data)
    SystemCoreClock                          0x20000100   Data           4  system_nrf52.o(.data)
    __microlib_freelist                      0x20000104   Data           4  mvars.o(.data)
    __microlib_freelist_initialised          0x20000108   Data           4  mvars.o(.data)
    cli_sorted_cmd_ptrs$$Base                0x2000010c   Number         0  nrf_mpu.o(cli_sorted_cmd_ptrs)
    mpu_str_ptr                              0x2000010c   Data           4  nrf_mpu.o(cli_sorted_cmd_ptrs)
    balloc_str_ptr                           0x20000110   Data           4  nrf_balloc.o(cli_sorted_cmd_ptrs)
    clear_str_ptr                            0x20000114   Data           4  nrf_cli.o(cli_sorted_cmd_ptrs)
    cli_str_ptr                              0x20000118   Data           4  nrf_cli.o(cli_sorted_cmd_ptrs)
    history_str_ptr                          0x2000011c   Data           4  nrf_cli.o(cli_sorted_cmd_ptrs)
    resize_str_ptr                           0x20000120   Data           4  nrf_cli.o(cli_sorted_cmd_ptrs)
    queue_str_ptr                            0x20000124   Data           4  nrf_queue.o(cli_sorted_cmd_ptrs)
    task_manager_str_ptr                     0x20000128   Data           4  task_manager.o(cli_sorted_cmd_ptrs)
    fs_data$$Base                            0x2000012c   Number         0  fds.o(fs_data)
    m_fs                                     0x2000012c   Data          20  fds.o(fs_data)
    fs_data$$Limit                           0x20000140   Number         0  fds.o(fs_data)
    sensor                                   0x200001a4   Data          40  main.o(.bss)
    __heap_base                              0x20001528   Data           0  arm_startup_nrf52.o(HEAP)
    STACK$$Base                              0x20003528   Number         0  arm_startup_nrf52.o(STACK)
    __heap_limit                             0x20003528   Data           0  arm_startup_nrf52.o(HEAP)
    STACK$$Limit                             0x20005528   Number         0  arm_startup_nrf52.o(STACK)
    __initial_sp                             0x20005528   Data           0  arm_startup_nrf52.o(STACK)



==============================================================================

Memory Map of the image

  Image Entry point : 0x00000201

  Load Region LR_IROM1 (Base: 0x00000000, Size: 0x00005018, Max: 0x00080000, ABSOLUTE, COMPRESSED[0x00004f14])

    Execution Region ER_IROM1 (Exec base: 0x00000000, Load base: 0x00000000, Size: 0x00004ed8, Max: 0x00080000, ABSOLUTE)

    Exec Addr    Load Addr    Size         Type   Attr      Idx    E Section Name        Object

    0x00000000   0x00000000   0x00000200   Data   RO        11963    RESET               arm_startup_nrf52.o
    0x00000200   0x00000200   0x00000000   Code   RO        12004  * .ARM.Collect$$$$00000000  mc_w.l(entry.o)
    0x00000200   0x00000200   0x00000004   Code   RO        12103    .ARM.Collect$$$$00000001  mc_w.l(entry2.o)
    0x00000204   0x00000204   0x00000004   Code   RO        12106    .ARM.Collect$$$$00000004  mc_w.l(entry5.o)
    0x00000208   0x00000208   0x00000000   Code   RO        12108    .ARM.Collect$$$$00000008  mc_w.l(entry7b.o)
    0x00000208   0x00000208   0x00000000   Code   RO        12110    .ARM.Collect$$$$0000000A  mc_w.l(entry8b.o)
    0x00000208   0x00000208   0x00000008   Code   RO        12111    .ARM.Collect$$$$0000000B  mc_w.l(entry9a.o)
    0x00000210   0x00000210   0x00000000   Code   RO        12113    .ARM.Collect$$$$0000000D  mc_w.l(entry10a.o)
    0x00000210   0x00000210   0x00000000   Code   RO        12115    .ARM.Collect$$$$0000000F  mc_w.l(entry11a.o)
    0x00000210   0x00000210   0x00000004   Code   RO        12104    .ARM.Collect$$$$00002712  mc_w.l(entry2.o)
    0x00000214   0x00000214   0x00000034   Code   RO         6184    .emb_text           hardfault_handler_keil.o
    0x00000248   0x00000248   0x000000c8   Code   RO         6852    .emb_text           nrf_atfifo.o
    0x00000310   0x00000310   0x000000e2   Code   RO         6922    .emb_text           nrf_atomic.o
    0x000003f2   0x000003f2   0x00000002   PAD
    0x000003f4   0x000003f4   0x00000024   Code   RO        11964    .text               arm_startup_nrf52.o
    0x00000418   0x00000418   0x00000008   Code   RO        12011    .text               mc_w.l(ctype_o.o)
    0x00000420   0x00000420   0x00000040   Code   RO        12047    .text               mc_w.l(memmovea.o)
    0x00000460   0x00000460   0x00000024   Code   RO        12049    .text               mc_w.l(memseta.o)
    0x00000484   0x00000484   0x0000000e   Code   RO        12053    .text               mc_w.l(strlen.o)
    0x00000492   0x00000492   0x0000001c   Code   RO        12055    .text               mc_w.l(strcmp.o)
    0x000004ae   0x000004ae   0x00000002   PAD
    0x000004b0   0x000004b0   0x00000024   Code   RO        12124    .text               mc_w.l(init.o)
    0x000004d4   0x000004d4   0x0000003a   Code   RO        12134    .text               mc_w.l(__dczerorl.o)
    0x0000050e   0x0000050e   0x00000002   PAD
    0x00000510   0x00000510   0x0000000c   Code   RO         2479    i.COMP_LPCOMP_IRQHandler  nrfx_prs.o
    0x0000051c   0x0000051c   0x00000164   Code   RO         1656    i.GPIOTE_IRQHandler  nrfx_gpiote.o
    0x00000680   0x00000680   0x0000001c   Code   RO         6206    i.HardFault_c_handler  hardfault_implementation.o
    0x0000069c   0x0000069c   0x00000024   Code   RO         6207    i.HardFault_process  hardfault_implementation.o
    0x000006c0   0x000006c0   0x0000010c   Code   RO         1922    i.I2S_IRQHandler    nrfx_i2s.o
    0x000007cc   0x000007cc   0x00000016   Code   RO         5129    i.NVIC_ClearPendingIRQ  app_timer.o
    0x000007e2   0x000007e2   0x00000016   Code   RO         5130    i.NVIC_EnableIRQ    app_timer.o
    0x000007f8   0x000007f8   0x00000016   Code   RO         5131    i.NVIC_SetPendingIRQ  app_timer.o
    0x0000080e   0x0000080e   0x00000002   PAD
    0x00000810   0x00000810   0x000000ec   Code   RO         2103    i.PDM_IRQHandler    nrfx_pdm.o
    0x000008fc   0x000008fc   0x0000000e   Code   RO         2306    i.POWER_CLOCK_IRQHandler  nrfx_power_clock.o
    0x0000090a   0x0000090a   0x00000002   PAD
    0x0000090c   0x0000090c   0x00000010   Code   RO         2554    i.PWM0_IRQHandler   nrfx_pwm.o
    0x0000091c   0x0000091c   0x00000010   Code   RO         2555    i.PWM1_IRQHandler   nrfx_pwm.o
    0x0000092c   0x0000092c   0x00000010   Code   RO         2556    i.PWM2_IRQHandler   nrfx_pwm.o
    0x0000093c   0x0000093c   0x000000bc   Code   RO         2679    i.QDEC_IRQHandler   nrfx_qdec.o
    0x000009f8   0x000009f8   0x00000028   Code   RO         2754    i.RNG_IRQHandler    nrfx_rng.o
    0x00000a20   0x00000a20   0x00000010   Code   RO         2814    i.RTC0_IRQHandler   nrfx_rtc.o
    0x00000a30   0x00000a30   0x00000024   Code   RO         5133    i.RTC1_IRQHandler   app_timer.o
    0x00000a54   0x00000a54   0x00000010   Code   RO         2815    i.RTC2_IRQHandler   nrfx_rtc.o
    0x00000a64   0x00000a64   0x00000148   Code   RO         2935    i.SAADC_IRQHandler  nrfx_saadc.o
    0x00000bac   0x00000bac   0x0000000c   Code   RO         2480    i.SPIM0_SPIS0_TWIM0_TWIS0_SPI0_TWI0_IRQHandler  nrfx_prs.o
    0x00000bb8   0x00000bb8   0x0000000c   Code   RO         2481    i.SPIM1_SPIS1_TWIM1_TWIS1_SPI1_TWI1_IRQHandler  nrfx_prs.o
    0x00000bc4   0x00000bc4   0x0000000c   Code   RO         2482    i.SPIM2_SPIS2_SPI2_IRQHandler  nrfx_prs.o
    0x00000bd0   0x00000bd0   0x00000004   Code   RO         5134    i.SWI0_EGU0_IRQHandler  app_timer.o
    0x00000bd4   0x00000bd4   0x00000006   Code   RO         3335    i.SWI1_EGU1_IRQHandler  nrfx_swi.o
    0x00000bda   0x00000bda   0x00000006   Code   RO         3336    i.SWI2_EGU2_IRQHandler  nrfx_swi.o
    0x00000be0   0x00000be0   0x00000006   Code   RO         3337    i.SWI3_EGU3_IRQHandler  nrfx_swi.o
    0x00000be6   0x00000be6   0x00000006   Code   RO         3338    i.SWI4_EGU4_IRQHandler  nrfx_swi.o
    0x00000bec   0x00000bec   0x00000006   Code   RO         3339    i.SWI5_EGU5_IRQHandler  nrfx_swi.o
    0x00000bf2   0x00000bf2   0x00000002   PAD
    0x00000bf4   0x00000bf4   0x0000031c   Code   RO        11972    i.SystemInit        system_nrf52.o
    0x00000f10   0x00000f10   0x00000014   Code   RO         3434    i.TIMER0_IRQHandler  nrfx_timer.o
    0x00000f24   0x00000f24   0x00000014   Code   RO         3435    i.TIMER1_IRQHandler  nrfx_timer.o
    0x00000f38   0x00000f38   0x00000014   Code   RO         3436    i.TIMER2_IRQHandler  nrfx_timer.o
    0x00000f4c   0x00000f4c   0x00000014   Code   RO         3437    i.TIMER3_IRQHandler  nrfx_timer.o
    0x00000f60   0x00000f60   0x00000014   Code   RO         3438    i.TIMER4_IRQHandler  nrfx_timer.o
    0x00000f74   0x00000f74   0x0000000c   Code   RO         2483    i.UARTE0_UART0_IRQHandler  nrfx_prs.o
    0x00000f80   0x00000f80   0x00000030   Code   RO         4283    i.WDT_IRQHandler    nrfx_wdt.o
    0x00000fb0   0x00000fb0   0x0000000e   Code   RO        12128    i.__scatterload_copy  mc_w.l(handlers.o)
    0x00000fbe   0x00000fbe   0x00000002   Code   RO        12129    i.__scatterload_null  mc_w.l(handlers.o)
    0x00000fc0   0x00000fc0   0x0000000e   Code   RO        12130    i.__scatterload_zeroinit  mc_w.l(handlers.o)
    0x00000fce   0x00000fce   0x0000000c   Code   RO         7889    i.addr_is_aligned32  nrf_fstorage.o
    0x00000fda   0x00000fda   0x00000018   Code   RO         7890    i.addr_is_within_bounds  nrf_fstorage.o
    0x00000ff2   0x00000ff2   0x00000004   Code   RO         5382    i.app_util_critical_region_enter  app_util_platform.o
    0x00000ff6   0x00000ff6   0x00000004   Code   RO         5383    i.app_util_critical_region_exit  app_util_platform.o
    0x00000ffa   0x00000ffa   0x00000002   PAD
    0x00000ffc   0x00000ffc   0x00000010   Code   RO         5384    i.app_util_disable_irq  app_util_platform.o
    0x0000100c   0x0000100c   0x00000014   Code   RO         5385    i.app_util_enable_irq  app_util_platform.o
    0x00001020   0x00001020   0x0000003a   Code   RO        11547    i.bmi160_get_regs   bmi160.o
    0x0000105a   0x0000105a   0x0000005c   Code   RO        11549    i.bmi160_init       bmi160.o
    0x000010b6   0x000010b6   0x0000007e   Code   RO        11561    i.bmi160_set_regs   bmi160.o
    0x00001134   0x00001134   0x0000006e   Code   RO        11564    i.bmi160_soft_reset  bmi160.o
    0x000011a2   0x000011a2   0x00000002   PAD
    0x000011a4   0x000011a4   0x00000054   Code   RO            4    i.bmi160_spi_bus_read  main.o
    0x000011f8   0x000011f8   0x0000006c   Code   RO            5    i.bmi160_spi_bus_write  main.o
    0x00001264   0x00001264   0x00000054   Code   RO          236    i.bsp_board_init    boards.o
    0x000012b8   0x000012b8   0x00000010   Code   RO          239    i.bsp_board_led_off  boards.o
    0x000012c8   0x000012c8   0x00000012   Code   RO          242    i.bsp_board_leds_off  boards.o
    0x000012da   0x000012da   0x0000001e   Code   RO         7849    i.buffer_add        nrf_fprintf_format.o
    0x000012f8   0x000012f8   0x00000010   Code   RO         1659    i.channel_port_get  nrfx_gpiote.o
    0x00001308   0x00001308   0x00000140   Code   RO         7126    i.char_insert       nrf_cli.o
    0x00001448   0x00001448   0x00000014   Code   RO         7127    i.cli_clear_eos     nrf_cli.o
    0x0000145c   0x0000145c   0x00000014   Code   RO         7128    i.cli_cursor_restore  nrf_cli.o
    0x00001470   0x00001470   0x00000014   Code   RO         7129    i.cli_cursor_save   nrf_cli.o
    0x00001484   0x00001484   0x0000000c   Code   RO         7131    i.cli_flag_echo_is_set  nrf_cli.o
    0x00001490   0x00001490   0x0000000e   Code   RO         7132    i.cli_read          nrf_cli.o
    0x0000149e   0x0000149e   0x0000000a   Code   RO         7135    i.cli_strlen        nrf_cli.o
    0x000014a8   0x000014a8   0x00000058   Code   RO         7138    i.cli_write         nrf_cli.o
    0x00001500   0x00001500   0x00000088   Code   RO         7139    i.cmd_get           nrf_cli.o
    0x00001588   0x00001588   0x000000ac   Code   RO         5144    i.compare_reg_update  app_timer.o
    0x00001634   0x00001634   0x00000018   Code   RO         7142    i.cursor_down_move  nrf_cli.o
    0x0000164c   0x0000164c   0x00000026   Code   RO         7145    i.cursor_in_empty_line  nrf_cli.o
    0x00001672   0x00001672   0x00000002   PAD
    0x00001674   0x00001674   0x00000018   Code   RO         7146    i.cursor_left_move  nrf_cli.o
    0x0000168c   0x0000168c   0x00000014   Code   RO         7147    i.cursor_next_line_move  nrf_cli.o
    0x000016a0   0x000016a0   0x00000124   Code   RO         7148    i.cursor_position_get  nrf_cli.o
    0x000017c4   0x000017c4   0x00000018   Code   RO         7150    i.cursor_right_move  nrf_cli.o
    0x000017dc   0x000017dc   0x00000018   Code   RO         7151    i.cursor_up_move    nrf_cli.o
    0x000017f4   0x000017f4   0x00000080   Code   RO         5768    i.delete_execute    fds.o
    0x00001874   0x00001874   0x00000040   Code   RO         5145    i.elapsed_ticks_acquire  app_timer.o
    0x000018b4   0x000018b4   0x00000074   Code   RO         5769    i.event_prepare     fds.o
    0x00001928   0x00001928   0x00000020   Code   RO         5770    i.event_send        fds.o
    0x00001948   0x00001948   0x000000f2   Code   RO         7152    i.format_offset_string_print  nrf_cli.o
    0x00001a3a   0x00001a3a   0x00000002   PAD
    0x00001a3c   0x00001a3c   0x00000050   Code   RO        12067    i.free              mc_w.l(malloc.o)
    0x00001a8c   0x00001a8c   0x00000006   Code   RO         5790    i.fs_event_handler  fds.o
    0x00001a92   0x00001a92   0x00000026   Code   RO         7153    i.full_line_cmd     nrf_cli.o
    0x00001ab8   0x00001ab8   0x0000007c   Code   RO         5791    i.gc_execute        fds.o
    0x00001b34   0x00001b34   0x0000004c   Code   RO         5792    i.gc_next_page      fds.o
    0x00001b80   0x00001b80   0x00000040   Code   RO         5793    i.gc_page_erase     fds.o
    0x00001bc0   0x00001bc0   0x00000034   Code   RO         5794    i.gc_record_copy    fds.o
    0x00001bf4   0x00001bf4   0x00000024   Code   RO         5795    i.gc_record_find_next  fds.o
    0x00001c18   0x00001c18   0x00000088   Code   RO         5796    i.gc_state_advance  fds.o
    0x00001ca0   0x00001ca0   0x00000026   Code   RO         5797    i.header_check      fds.o
    0x00001cc6   0x00001cc6   0x00000012   Code   RO         5798    i.header_has_next   fds.o
    0x00001cd8   0x00001cd8   0x000000c8   Code   RO         5799    i.init_execute      fds.o
    0x00001da0   0x00001da0   0x000000a6   Code   RO         7850    i.int_print         nrf_fprintf_format.o
    0x00001e46   0x00001e46   0x0000009c   Code   RO         2558    i.irq_handler       nrfx_pwm.o
    0x00001ee2   0x00001ee2   0x00000002   PAD
    0x00001ee4   0x00001ee4   0x000000a0   Code   RO         2816    i.irq_handler       nrfx_rtc.o
    0x00001f84   0x00001f84   0x0000004a   Code   RO         3099    i.irq_handler       nrfx_spim.o
    0x00001fce   0x00001fce   0x00000002   PAD
    0x00001fd0   0x00001fd0   0x00000046   Code   RO         3439    i.irq_handler       nrfx_timer.o
    0x00002016   0x00002016   0x0000000c   Code   RO         5800    i.is_word_aligned   fds.o
    0x00002022   0x00002022   0x00000002   PAD
    0x00002024   0x00002024   0x000000f8   Code   RO         5146    i.list_insertions_handler  app_timer.o
    0x0000211c   0x0000211c   0x00000012   Code   RO            6    i.main              main.o
    0x0000212e   0x0000212e   0x00000002   PAD
    0x00002130   0x00002130   0x0000006c   Code   RO        12068    i.malloc            mc_w.l(malloc.o)
    0x0000219c   0x0000219c   0x0000007e   Code   RO         8186    i.memobj_op         nrf_memobj.o
    0x0000221a   0x0000221a   0x00000050   Code   RO         7159    i.multiline_console_data_check  nrf_cli.o
    0x0000226a   0x0000226a   0x00000016   Code   RO         6858    i.nrf_atfifo_item_free  nrf_atfifo.o
    0x00002280   0x00002280   0x00000016   Code   RO         6859    i.nrf_atfifo_item_get  nrf_atfifo.o
    0x00002296   0x00002296   0x0000000c   Code   RO         6939    i.nrf_atomic_u32_sub  nrf_atomic.o
    0x000022a2   0x000022a2   0x00000002   PAD
    0x000022a4   0x000022a4   0x000000c8   Code   RO         7061    i.nrf_balloc_status  nrf_balloc.o
    0x0000236c   0x0000236c   0x00000010   Code   RO         1660    i.nrf_bitmask_bit_is_set  nrfx_gpiote.o
    0x0000237c   0x0000237c   0x00000014   Code   RO         1661    i.nrf_bitmask_bit_set  nrfx_gpiote.o
    0x00002390   0x00002390   0x0000004c   Code   RO         7160    i.nrf_cli_build_in_cmd_common_executed  nrf_cli.o
    0x000023dc   0x000023dc   0x00000044   Code   RO         7161    i.nrf_cli_cmd_clear  nrf_cli.o
    0x00002420   0x00002420   0x00000044   Code   RO         7162    i.nrf_cli_cmd_cli   nrf_cli.o
    0x00002464   0x00002464   0x0000006c   Code   RO         7163    i.nrf_cli_cmd_cli_stats  nrf_cli.o
    0x000024d0   0x000024d0   0x00000030   Code   RO         7164    i.nrf_cli_cmd_cli_stats_reset  nrf_cli.o
    0x00002500   0x00002500   0x0000008c   Code   RO         7165    i.nrf_cli_cmd_cli_stats_show  nrf_cli.o
    0x0000258c   0x0000258c   0x00000068   Code   RO         7166    i.nrf_cli_cmd_colors  nrf_cli.o
    0x000025f4   0x000025f4   0x0000002a   Code   RO         7167    i.nrf_cli_cmd_colors_off  nrf_cli.o
    0x0000261e   0x0000261e   0x0000002a   Code   RO         7168    i.nrf_cli_cmd_colors_on  nrf_cli.o
    0x00002648   0x00002648   0x00000098   Code   RO         7169    i.nrf_cli_cmd_echo  nrf_cli.o
    0x000026e0   0x000026e0   0x0000002a   Code   RO         7170    i.nrf_cli_cmd_echo_off  nrf_cli.o
    0x0000270a   0x0000270a   0x0000002a   Code   RO         7171    i.nrf_cli_cmd_echo_on  nrf_cli.o
    0x00002734   0x00002734   0x00000078   Code   RO         7172    i.nrf_cli_cmd_history  nrf_cli.o
    0x000027ac   0x000027ac   0x000000c4   Code   RO         7173    i.nrf_cli_cmd_resize  nrf_cli.o
    0x00002870   0x00002870   0x0000003c   Code   RO         7174    i.nrf_cli_cmd_resize_default  nrf_cli.o
    0x000028ac   0x000028ac   0x00000050   Code   RO         7175    i.nrf_cli_fprintf   nrf_cli.o
    0x000028fc   0x000028fc   0x00000288   Code   RO         7176    i.nrf_cli_help_print  nrf_cli.o
    0x00002b84   0x00002b84   0x0000000e   Code   RO         1434    i.nrf_clock_event_check  nrfx_clock.o
    0x00002b92   0x00002b92   0x00000010   Code   RO         1435    i.nrf_clock_event_clear  nrfx_clock.o
    0x00002ba2   0x00002ba2   0x00000002   PAD
    0x00002ba4   0x00002ba4   0x00000030   Code   RO            7    i.nrf_delay_ms      main.o
    0x00002bd4   0x00002bd4   0x00000070   Code   RO         1021    i.nrf_drv_spi_init  nrf_drv_spi.o
    0x00002c44   0x00002c44   0x00000032   Code   RO            8    i.nrf_drv_spi_transfer  main.o
    0x00002c76   0x00002c76   0x0000001a   Code   RO         7819    i.nrf_fprintf       nrf_fprintf.o
    0x00002c90   0x00002c90   0x00000018   Code   RO         7820    i.nrf_fprintf_buffer_flush  nrf_fprintf.o
    0x00002ca8   0x00002ca8   0x000001da   Code   RO         7851    i.nrf_fprintf_fmt   nrf_fprintf_format.o
    0x00002e82   0x00002e82   0x0000004e   Code   RO         7891    i.nrf_fstorage_erase  nrf_fstorage.o
    0x00002ed0   0x00002ed0   0x00000066   Code   RO         7898    i.nrf_fstorage_write  nrf_fstorage.o
    0x00002f36   0x00002f36   0x00000024   Code   RO          246    i.nrf_gpio_cfg      boards.o
    0x00002f5a   0x00002f5a   0x00000024   Code   RO         3100    i.nrf_gpio_cfg      nrfx_spim.o
    0x00002f7e   0x00002f7e   0x00000014   Code   RO         3101    i.nrf_gpio_cfg_output  nrfx_spim.o
    0x00002f92   0x00002f92   0x00000022   Code   RO         1664    i.nrf_gpio_cfg_sense_set  nrfx_gpiote.o
    0x00002fb4   0x00002fb4   0x0000000e   Code   RO         3102    i.nrf_gpio_pin_clear  nrfx_spim.o
    0x00002fc2   0x00002fc2   0x0000000e   Code   RO         3103    i.nrf_gpio_pin_set  nrfx_spim.o
    0x00002fd0   0x00002fd0   0x00000016   Code   RO          247    i.nrf_gpio_pin_write  boards.o
    0x00002fe6   0x00002fe6   0x00000002   PAD
    0x00002fe8   0x00002fe8   0x00000028   Code   RO         1665    i.nrf_gpio_ports_read  nrfx_gpiote.o
    0x00003010   0x00003010   0x00000014   Code   RO         1666    i.nrf_gpiote_event_clear  nrfx_gpiote.o
    0x00003024   0x00003024   0x00000010   Code   RO         1667    i.nrf_gpiote_event_is_set  nrfx_gpiote.o
    0x00003034   0x00003034   0x0000000a   Code   RO         1927    i.nrf_i2s_event_check  nrfx_i2s.o
    0x0000303e   0x0000303e   0x0000000c   Code   RO         1928    i.nrf_i2s_event_clear  nrfx_i2s.o
    0x0000304a   0x0000304a   0x00000010   Code   RO         8192    i.nrf_memobj_read   nrf_memobj.o
    0x0000305a   0x0000305a   0x00000002   PAD
    0x0000305c   0x0000305c   0x000000fc   Code   RO          482    i.nrf_mpu_cmd_dump  nrf_mpu.o
    0x00003158   0x00003158   0x000001e4   Code   RO          483    i.nrf_mpu_cmd_info  nrf_mpu.o
    0x0000333c   0x0000333c   0x0000004c   Code   RO          484    i.nrf_mpu_cmd_unknown  nrf_mpu.o
    0x00003388   0x00003388   0x00000010   Code   RO          485    i.nrf_mpu_get_number_of_regions  nrf_mpu.o
    0x00003398   0x00003398   0x00000074   Code   RO          487    i.nrf_mpu_mem_access  nrf_mpu.o
    0x0000340c   0x0000340c   0x00000088   Code   RO          488    i.nrf_mpu_mem_caching  nrf_mpu.o
    0x00003494   0x00003494   0x000000c4   Code   RO          489    i.nrf_mpu_mem_type  nrf_mpu.o
    0x00003558   0x00003558   0x00000010   Code   RO         2106    i.nrf_pdm_event_check  nrfx_pdm.o
    0x00003568   0x00003568   0x00000014   Code   RO         2107    i.nrf_pdm_event_clear  nrfx_pdm.o
    0x0000357c   0x0000357c   0x00000014   Code   RO         2203    i.nrf_power_event_get_and_clear  nrfx_power.o
    0x00003590   0x00003590   0x0000000a   Code   RO         2559    i.nrf_pwm_event_check  nrfx_pwm.o
    0x0000359a   0x0000359a   0x0000000c   Code   RO         2560    i.nrf_pwm_event_clear  nrfx_pwm.o
    0x000035a6   0x000035a6   0x00000006   Code   RO         8330    i.nrf_queue_max_utilization_get  nrf_queue.o
    0x000035ac   0x000035ac   0x00000008   Code   RO         8331    i.nrf_queue_max_utilization_reset  nrf_queue.o
    0x000035b4   0x000035b4   0x000000e0   Code   RO         8337    i.nrf_queue_status  nrf_queue.o
    0x00003694   0x00003694   0x0000001c   Code   RO         8338    i.nrf_queue_utilization_get  nrf_queue.o
    0x000036b0   0x000036b0   0x0000000c   Code   RO         2817    i.nrf_rtc_event_clear  nrfx_rtc.o
    0x000036bc   0x000036bc   0x00000010   Code   RO         2936    i.nrf_saadc_buffer_init  nrfx_saadc.o
    0x000036cc   0x000036cc   0x00000010   Code   RO         2938    i.nrf_saadc_event_check  nrfx_saadc.o
    0x000036dc   0x000036dc   0x00000014   Code   RO         2939    i.nrf_saadc_event_clear  nrfx_saadc.o
    0x000036f0   0x000036f0   0x0000000a   Code   RO         3104    i.nrf_spim_event_check  nrfx_spim.o
    0x000036fa   0x000036fa   0x0000000c   Code   RO         3440    i.nrf_timer_event_clear  nrfx_timer.o
    0x00003706   0x00003706   0x00000002   PAD
    0x00003708   0x00003708   0x00000058   Code   RO         1444    i.nrfx_clock_irq_handler  nrfx_clock.o
    0x00003760   0x00003760   0x00000010   Code   RO         5147    i.nrfx_coredep_delay_us  app_timer.o
    0x00003770   0x00003770   0x00000010   Code   RO         3105    i.nrfx_is_in_ram    nrfx_spim.o
    0x00003780   0x00003780   0x00000054   Code   RO         2205    i.nrfx_power_irq_handler  nrfx_power.o
    0x000037d4   0x000037d4   0x00000030   Code   RO         2484    i.nrfx_prs_acquire  nrfx_prs.o
    0x00003804   0x00003804   0x00000010   Code   RO         3106    i.nrfx_spim_0_irq_handler  nrfx_spim.o
    0x00003814   0x00003814   0x00000010   Code   RO         3107    i.nrfx_spim_1_irq_handler  nrfx_spim.o
    0x00003824   0x00003824   0x00000010   Code   RO         3108    i.nrfx_spim_2_irq_handler  nrfx_spim.o
    0x00003834   0x00003834   0x00000178   Code   RO         3111    i.nrfx_spim_init    nrfx_spim.o
    0x000039ac   0x000039ac   0x00000064   Code   RO         3114    i.nrfx_spim_xfer    nrfx_spim.o
    0x00003a10   0x00003a10   0x00000018   Code   RO        11592    i.null_ptr_check    bmi160.o
    0x00003a28   0x00003a28   0x0000001c   Code   RO         5802    i.page_offsets_update  fds.o
    0x00003a44   0x00003a44   0x0000001c   Code   RO         5804    i.page_tag_write_data  fds.o
    0x00003a60   0x00003a60   0x00000024   Code   RO         5805    i.page_tag_write_swap  fds.o
    0x00003a84   0x00003a84   0x00000054   Code   RO         2486    i.prs_box_get       nrfx_prs.o
    0x00003ad8   0x00003ad8   0x000000a0   Code   RO         5809    i.queue_process     fds.o
    0x00003b78   0x00003b78   0x00000018   Code   RO         8341    i.queue_utilization_get  nrf_queue.o
    0x00003b90   0x00003b90   0x00000088   Code   RO         5811    i.record_find       fds.o
    0x00003c18   0x00003c18   0x000000a0   Code   RO         5812    i.record_find_by_desc  fds.o
    0x00003cb8   0x00003cb8   0x0000005c   Code   RO         5813    i.record_find_next  fds.o
    0x00003d14   0x00003d14   0x00000038   Code   RO         5814    i.record_header_flag_dirty  fds.o
    0x00003d4c   0x00003d4c   0x0000003c   Code   RO         5148    i.rtc1_stop         app_timer.o
    0x00003d88   0x00003d88   0x00000038   Code   RO            9    i.sensor_config     main.o
    0x00003dc0   0x00003dc0   0x00000044   Code   RO           10    i.spi_config        main.o
    0x00003e04   0x00003e04   0x0000000c   Code   RO           11    i.spi_event_handler  main.o
    0x00003e10   0x00003e10   0x00000038   Code   RO         1022    i.spim_evt_handler  nrf_drv_spi.o
    0x00003e48   0x00003e48   0x000000bc   Code   RO         3115    i.spim_xfer         nrfx_spim.o
    0x00003f04   0x00003f04   0x00000020   Code   RO         3346    i.swi_irq_handler   nrfx_swi.o
    0x00003f24   0x00003f24   0x000001b8   Code   RO         8844    i.task_mnanager_info  task_manager.o
    0x000040dc   0x000040dc   0x00000034   Code   RO         8846    i.task_stack_max_usage_get  task_manager.o
    0x00004110   0x00004110   0x00000060   Code   RO         7187    i.terminal_size_get  nrf_cli.o
    0x00004170   0x00004170   0x00000080   Code   RO         5149    i.timer_list_handler  app_timer.o
    0x000041f0   0x000041f0   0x0000003c   Code   RO         5150    i.timer_list_insert  app_timer.o
    0x0000422c   0x0000422c   0x00000060   Code   RO         5151    i.timer_list_remove  app_timer.o
    0x0000428c   0x0000428c   0x00000074   Code   RO         5153    i.timer_timeouts_check  app_timer.o
    0x00004300   0x00004300   0x000000b4   Code   RO         7852    i.unsigned_print    nrf_fprintf_format.o
    0x000043b4   0x000043b4   0x0000003c   Code   RO         7188    i.vt100_bgcolor_set  nrf_cli.o
    0x000043f0   0x000043f0   0x00000050   Code   RO         7189    i.vt100_color_set   nrf_cli.o
    0x00004440   0x00004440   0x000000f4   Code   RO         5817    i.write_execute     fds.o
    0x00004534   0x00004534   0x0000000c   PAD
    0x00004540   0x00004540   0x00000028   Data   RO           13    .constdata          main.o
    0x00004568   0x00004568   0x00000008   Data   RO          248    .constdata          boards.o
    0x00004570   0x00004570   0x00000008   Data   RO          492    .constdata          nrf_mpu.o
    0x00004578   0x00004578   0x00000030   Data   RO          493    .constdata          nrf_mpu.o
    0x000045a8   0x000045a8   0x00000010   Data   RO          494    .constdata          nrf_mpu.o
    0x000045b8   0x000045b8   0x00000010   Data   RO         1024    .constdata          nrf_drv_spi.o
    0x000045c8   0x000045c8   0x00000004   Data   RO         1696    .constdata          nrfx_gpiote.o
    0x000045cc   0x000045cc   0x00000018   Data   RO         2114    .constdata          nrfx_pdm.o
    0x000045e4   0x000045e4   0x0000000c   Data   RO         3118    .constdata          nrfx_spim.o
    0x000045f0   0x000045f0   0x00000006   Data   RO         5156    .constdata          app_timer.o
    0x000045f6   0x000045f6   0x00000002   PAD
    0x000045f8   0x000045f8   0x00000018   Data   RO         5822    .constdata          fds.o
    0x00004610   0x00004610   0x00000008   Data   RO         7062    .constdata          nrf_balloc.o
    0x00004618   0x00004618   0x00000020   Data   RO         7063    .constdata          nrf_balloc.o
    0x00004638   0x00004638   0x00000010   Data   RO         7064    .constdata          nrf_balloc.o
    0x00004648   0x00004648   0x00000008   Data   RO         7190    .constdata          nrf_cli.o
    0x00004650   0x00004650   0x00000030   Data   RO         7191    .constdata          nrf_cli.o
    0x00004680   0x00004680   0x00000008   Data   RO         7192    .constdata          nrf_cli.o
    0x00004688   0x00004688   0x00000030   Data   RO         7193    .constdata          nrf_cli.o
    0x000046b8   0x000046b8   0x00000008   Data   RO         7194    .constdata          nrf_cli.o
    0x000046c0   0x000046c0   0x00000030   Data   RO         7195    .constdata          nrf_cli.o
    0x000046f0   0x000046f0   0x00000008   Data   RO         7196    .constdata          nrf_cli.o
    0x000046f8   0x000046f8   0x00000040   Data   RO         7197    .constdata          nrf_cli.o
    0x00004738   0x00004738   0x00000008   Data   RO         7198    .constdata          nrf_cli.o
    0x00004740   0x00004740   0x00000020   Data   RO         7199    .constdata          nrf_cli.o
    0x00004760   0x00004760   0x00000010   Data   RO         7200    .constdata          nrf_cli.o
    0x00004770   0x00004770   0x00000010   Data   RO         7201    .constdata          nrf_cli.o
    0x00004780   0x00004780   0x00000010   Data   RO         7202    .constdata          nrf_cli.o
    0x00004790   0x00004790   0x00000010   Data   RO         7203    .constdata          nrf_cli.o
    0x000047a0   0x000047a0   0x00000047   Data   RO         7204    .constdata          nrf_cli.o
    0x000047e7   0x000047e7   0x00000010   Data   RO         7853    .constdata          nrf_fprintf_format.o
    0x000047f7   0x000047f7   0x00000001   PAD
    0x000047f8   0x000047f8   0x00000008   Data   RO         8343    .constdata          nrf_queue.o
    0x00004800   0x00004800   0x00000020   Data   RO         8344    .constdata          nrf_queue.o
    0x00004820   0x00004820   0x00000010   Data   RO         8345    .constdata          nrf_queue.o
    0x00004830   0x00004830   0x00000008   Data   RO         8851    .constdata          task_manager.o
    0x00004838   0x00004838   0x00000020   Data   RO         8852    .constdata          task_manager.o
    0x00004858   0x00004858   0x00000010   Data   RO         8853    .constdata          task_manager.o
    0x00004868   0x00004868   0x00000081   Data   RO        12012    .constdata          mc_w.l(ctype_o.o)
    0x000048e9   0x000048e9   0x00000003   PAD
    0x000048ec   0x000048ec   0x00000004   Data   RO        12013    .constdata          mc_w.l(ctype_o.o)
    0x000048f0   0x000048f0   0x00000045   Data   RO          495    .conststring        nrf_mpu.o
    0x00004935   0x00004935   0x00000003   PAD
    0x00004938   0x00004938   0x00000020   Data   RO          496    .conststring        nrf_mpu.o
    0x00004958   0x00004958   0x00000082   Data   RO          497    .conststring        nrf_mpu.o
    0x000049da   0x000049da   0x00000002   PAD
    0x000049dc   0x000049dc   0x0000002b   Data   RO         7065    .conststring        nrf_balloc.o
    0x00004a07   0x00004a07   0x00000001   PAD
    0x00004a08   0x00004a08   0x00000027   Data   RO         7066    .conststring        nrf_balloc.o
    0x00004a2f   0x00004a2f   0x00000001   PAD
    0x00004a30   0x00004a30   0x0000008e   Data   RO         7067    .conststring        nrf_balloc.o
    0x00004abe   0x00004abe   0x00000002   PAD
    0x00004ac0   0x00004ac0   0x00000037   Data   RO         7205    .conststring        nrf_cli.o
    0x00004af7   0x00004af7   0x00000001   PAD
    0x00004af8   0x00004af8   0x0000006d   Data   RO         7206    .conststring        nrf_cli.o
    0x00004b65   0x00004b65   0x00000003   PAD
    0x00004b68   0x00004b68   0x00000065   Data   RO         7207    .conststring        nrf_cli.o
    0x00004bcd   0x00004bcd   0x00000003   PAD
    0x00004bd0   0x00004bd0   0x00000052   Data   RO         7208    .conststring        nrf_cli.o
    0x00004c22   0x00004c22   0x00000002   PAD
    0x00004c24   0x00004c24   0x0000004c   Data   RO         7209    .conststring        nrf_cli.o
    0x00004c70   0x00004c70   0x00000016   Data   RO         7210    .conststring        nrf_cli.o
    0x00004c86   0x00004c86   0x00000002   PAD
    0x00004c88   0x00004c88   0x00000028   Data   RO         7211    .conststring        nrf_cli.o
    0x00004cb0   0x00004cb0   0x0000001c   Data   RO         7212    .conststring        nrf_cli.o
    0x00004ccc   0x00004ccc   0x000000a7   Data   RO         7213    .conststring        nrf_cli.o
    0x00004d73   0x00004d73   0x00000001   PAD
    0x00004d74   0x00004d74   0x00000021   Data   RO         8346    .conststring        nrf_queue.o
    0x00004d95   0x00004d95   0x00000003   PAD
    0x00004d98   0x00004d98   0x00000006   Data   RO         8347    .conststring        nrf_queue.o
    0x00004d9e   0x00004d9e   0x00000002   PAD
    0x00004da0   0x00004da0   0x0000007c   Data   RO         8348    .conststring        nrf_queue.o
    0x00004e1c   0x00004e1c   0x0000000b   Data   RO         8854    .conststring        task_manager.o
    0x00004e27   0x00004e27   0x00000001   PAD
    0x00004e28   0x00004e28   0x00000029   Data   RO         8855    .conststring        task_manager.o
    0x00004e51   0x00004e51   0x00000003   PAD
    0x00004e54   0x00004e54   0x0000000c   Data   RO          953    .conststrlit        nrf_drv_rng.o
    0x00004e60   0x00004e60   0x00000020   Data   RO        12126    Region$$Table       anon$$obj.o
    0x00004e80   0x00004e80   0x00000008   Data   RO          499    cli_command         nrf_mpu.o
    0x00004e88   0x00004e88   0x00000008   Data   RO         7068    cli_command         nrf_balloc.o
    0x00004e90   0x00004e90   0x00000020   Data   RO         7216    cli_command         nrf_cli.o
    0x00004eb0   0x00004eb0   0x00000008   Data   RO         8349    cli_command         nrf_queue.o
    0x00004eb8   0x00004eb8   0x00000008   Data   RO         8857    cli_command         task_manager.o
    0x00004ec0   0x00004ec0   0x00000018   Data   RO          955    nrf_queue           nrf_drv_rng.o


    Execution Region RW_IRAM1 (Exec base: 0x20000000, Load base: 0x00004ed8, Size: 0x00005528, Max: 0x00010000, ABSOLUTE, COMPRESSED[0x0000003c])

    Exec Addr    Load Addr    Size         Type   Attr      Idx    E Section Name        Object

    0x20000000   COMPRESSED   0x00000001   Data   RW           14    .data               main.o
    0x20000001   COMPRESSED   0x00000003   PAD
    0x20000004   COMPRESSED   0x00000040   Data   RW          498    .data               nrf_mpu.o
    0x20000044   COMPRESSED   0x0000000c   Data   RW         1451    .data               nrfx_clock.o
    0x20000050   COMPRESSED   0x0000000c   Data   RW         2216    .data               nrfx_power.o
    0x2000005c   COMPRESSED   0x00000028   Data   RW         2488    .data               nrfx_prs.o
    0x20000084   COMPRESSED   0x00000008   Data   RW         2687    .data               nrfx_qdec.o
    0x2000008c   COMPRESSED   0x00000008   Data   RW         2759    .data               nrfx_rng.o
    0x20000094   COMPRESSED   0x00000010   Data   RW         2832    .data               nrfx_rtc.o
    0x200000a4   COMPRESSED   0x0000000c   Data   RW         4291    .data               nrfx_wdt.o
    0x200000b0   COMPRESSED   0x00000014   Data   RW         5157    .data               app_timer.o
    0x200000c4   COMPRESSED   0x00000004   Data   RW         5388    .data               app_util_platform.o
    0x200000c8   COMPRESSED   0x00000030   Data   RW         5823    .data               fds.o
    0x200000f8   COMPRESSED   0x00000008   Data   RW         8856    .data               task_manager.o
    0x20000100   COMPRESSED   0x00000004   Data   RW        11973    .data               system_nrf52.o
    0x20000104   COMPRESSED   0x00000004   Data   RW        12119    .data               mc_w.l(mvars.o)
    0x20000108   COMPRESSED   0x00000004   Data   RW        12120    .data               mc_w.l(mvars.o)
    0x2000010c   COMPRESSED   0x00000004   Data   RW          500    cli_sorted_cmd_ptrs  nrf_mpu.o
    0x20000110   COMPRESSED   0x00000004   Data   RW         7069    cli_sorted_cmd_ptrs  nrf_balloc.o
    0x20000114   COMPRESSED   0x00000010   Data   RW         7217    cli_sorted_cmd_ptrs  nrf_cli.o
    0x20000124   COMPRESSED   0x00000004   Data   RW         8350    cli_sorted_cmd_ptrs  nrf_queue.o
    0x20000128   COMPRESSED   0x00000004   Data   RW         8858    cli_sorted_cmd_ptrs  task_manager.o
    0x2000012c   COMPRESSED   0x00000014   Data   RW         5824    fs_data             fds.o
    0x20000140        -       0x0000008c   Zero   RW           12    .bss                main.o
    0x200001cc        -       0x00000041   Zero   RW          948    .bss                nrf_drv_rng.o
    0x2000020d   COMPRESSED   0x00000003   PAD
    0x20000210        -       0x0000000c   Zero   RW          949    .bss                nrf_drv_rng.o
    0x2000021c        -       0x00000018   Zero   RW         1023    .bss                nrf_drv_spi.o
    0x20000234        -       0x0000005c   Zero   RW         1695    .bss                nrfx_gpiote.o
    0x20000290        -       0x00000018   Zero   RW         1936    .bss                nrfx_i2s.o
    0x200002a8        -       0x00000018   Zero   RW         2113    .bss                nrfx_pdm.o
    0x200002c0        -       0x00000018   Zero   RW         2569    .bss                nrfx_pwm.o
    0x200002d8        -       0x00000030   Zero   RW         2954    .bss                nrfx_saadc.o
    0x20000308        -       0x0000006c   Zero   RW         3116    .bss                nrfx_spim.o
    0x20000374        -       0x00000024   Zero   RW         3347    .bss                nrfx_swi.o
    0x20000398        -       0x0000003c   Zero   RW         3455    .bss                nrfx_timer.o
    0x200003d4        -       0x0000010c   Zero   RW         5155    .bss                app_timer.o
    0x200004e0        -       0x00000010   Zero   RW         5820    .bss                fds.o
    0x200004f0        -       0x000000e0   Zero   RW         5821    .bss                fds.o
    0x200005d0   COMPRESSED   0x00000030   PAD
    0x20000600        -       0x00000f24   Zero   RW         8850    .bss                task_manager.o
    0x20001524   COMPRESSED   0x00000004   PAD
    0x20001528        -       0x00002000   Zero   RW        11962    HEAP                arm_startup_nrf52.o
    0x20003528        -       0x00002000   Zero   RW        11961    STACK               arm_startup_nrf52.o


==============================================================================

Image component sizes


      Code (inc. data)   RO Data    RW Data    ZI Data      Debug   Object Name

         0          0          0          0          0      26607   app_error_weak.o
         0          0          0          0          0      36658   app_gpiote.o
      1066         76          6         20        268      41232   app_timer.o
        44         10          0          4          0       3176   app_util_platform.o
        36          8        512          0      16384        900   arm_startup_nrf52.o
       410          0          0          0          0      12906   bmi160.o
       176         10          8          0          0      41777   boards.o
         0          0          0          0          0       1504   bsp.o
      1978        192         24         68        240      32311   fds.o
        52         14          0          0          0        592   hardfault_handler_keil.o
        64         16          0          0          0       2914   hardfault_implementation.o
       444         66         40          1        140      81914   main.o
       244          0          0          0          0       3529   nrf_atfifo.o
       238          0          0          0          0       3065   nrf_atomic.o
       200         32        288          4          0      10136   nrf_balloc.o
      3718        602       1127         16          0      39259   nrf_cli.o
         0          0          0          0          0       6246   nrf_cli_uart.o
         0          0          0          0          0        392   nrf_drv_power.o
         0          0         36          0         77       9161   nrf_drv_rng.o
       168         18         16          0         24      15631   nrf_drv_spi.o
         0          0          0          0          0        560   nrf_drv_twi.o
        50          0          0          0          0       1897   nrf_fprintf.o
       850          4         16          0          0       5338   nrf_fprintf_format.o
       216          0          0          0          0       4701   nrf_fstorage.o
       142          0          0          0          0       3066   nrf_memobj.o
      1276        652        311         68          0      31723   nrf_mpu.o
       290         56        227          4          0       5818   nrf_queue.o
       118          6          0         12          0      33942   nrfx_clock.o
         0          0          0          0          0       2844   nrfx_comp.o
       518         30          4          0         92      19128   nrfx_gpiote.o
       290          8          0          0         24       9929   nrfx_i2s.o
       272         20         24          0         24       7085   nrfx_pdm.o
       104          6          0         12          0       8854   nrfx_power.o
        14          0          0          0          0        633   nrfx_power_clock.o
       192         52          0         40          0       6138   nrfx_prs.o
       226         24          0          0         24      12846   nrfx_pwm.o
       188         16          0          8          0       6394   nrfx_qdec.o
        40         14          0          8          0       3069   nrfx_rng.o
       204         18          0         16          0       8616   nrfx_rtc.o
       380         22          0          0         48      12628   nrfx_saadc.o
       896         38         12          0        108      24112   nrfx_spim.o
        62          6          0          0         36       6391   nrfx_swi.o
       182         50          0          0         60      12493   nrfx_timer.o
        48         14          0         12          0       3821   nrfx_wdt.o
       796         70          0          4          0       2859   system_nrf52.o
       492        206        116         12       3876       5715   task_manager.o

    ----------------------------------------------------------------------
     16730       2368       2832        312      21480     610510   Object Totals
         0          0         32          0          0          0   (incl. Generated)
        46         12         33          3         55          0   (incl. Padding)

    ----------------------------------------------------------------------

      Code (inc. data)   RO Data    RW Data    ZI Data      Debug   Library Member Name

        58          0          0          0          0          0   __dczerorl.o
         8          4        133          0          0         68   ctype_o.o
         0          0          0          0          0          0   entry.o
         0          0          0          0          0          0   entry10a.o
         0          0          0          0          0          0   entry11a.o
         8          4          0          0          0          0   entry2.o
         4          0          0          0          0          0   entry5.o
         0          0          0          0          0          0   entry7b.o
         0          0          0          0          0          0   entry8b.o
         8          4          0          0          0          0   entry9a.o
        30          0          0          0          0          0   handlers.o
        36          8          0          0          0         68   init.o
       188         20          0          0          0        160   malloc.o
        64          0          0          0          0         76   memmovea.o
        36          0          0          0          0        108   memseta.o
         0          0          0          8          0          0   mvars.o
        28          0          0          0          0         76   strcmp.o
        14          0          0          0          0         68   strlen.o

    ----------------------------------------------------------------------
       486         40        136          8          0        624   Library Totals
         4          0          3          0          0          0   (incl. Padding)

    ----------------------------------------------------------------------

      Code (inc. data)   RO Data    RW Data    ZI Data      Debug   Library Name

       482         40        133          8          0        624   mc_w.l

    ----------------------------------------------------------------------
       486         40        136          8          0        624   Library Totals

    ----------------------------------------------------------------------

==============================================================================


      Code (inc. data)   RO Data    RW Data    ZI Data      Debug   

     17216       2408       2968        320      21480     591210   Grand Totals
     17216       2408       2968         60      21480     591210   ELF Image Totals (compressed)
     17216       2408       2968         60          0          0   ROM Totals

==============================================================================

    Total RO  Size (Code + RO Data)                20184 (  19.71kB)
    Total RW  Size (RW Data + ZI Data)             21800 (  21.29kB)
    Total ROM Size (Code + RO Data + RW Data)      20244 (  19.77kB)

==============================================================================

